2026-09-15 21:32:00,264 | INFO    | main | ================================================================
2026-09-15 21:32:00,264 | INFO    | main | self-learning pipeline (steps=6000, model=6L/512E, vocab=4096)
2026-09-15 21:32:00,264 | INFO    | main | ================================================================
2026-09-15 21:32:00,489 | INFO    | data_engine | buffer has 690 valid block(s); skipping seed
2026-09-15 21:32:00,489 | INFO    | main | engine: Standard PyTorch AMP (forced)
2026-09-15 21:32:00,493 | INFO    | data_engine | corpus mmap already present (corpus_972249c1be853f46.npy)
2026-09-15 21:32:13,071 | INFO    | main | step 22      engine=pytorch train=7.8483 blocks=690 val_best=inf
2026-09-15 21:32:23,102 | INFO    | main | step 49      engine=pytorch train=7.0830 blocks=690 val_best=inf
2026-09-15 21:32:33,445 | INFO    | main | step 77      engine=pytorch train=6.6235 blocks=690 val_best=inf
2026-09-15 21:32:42,075 | INFO    | pytorch_trainer | M step=100    train=6.0218  31332.9 tok/s  step=0.131s  cpu=0.9% gpu=97.0% vram=1603.0MB temp=71.0C pw=49.37W
2026-09-15 21:32:43,567 | INFO    | main | step 104     engine=pytorch train=6.3613 blocks=690 val_best=inf
2026-09-15 21:32:53,574 | INFO    | main | step 131     engine=pytorch train=6.2133 blocks=690 val_best=inf
2026-09-15 21:33:03,668 | INFO    | main | step 158     engine=pytorch train=6.1285 blocks=690 val_best=inf
2026-09-15 21:33:13,738 | INFO    | main | step 185     engine=pytorch train=6.0670 blocks=690 val_best=inf
2026-09-15 21:33:19,413 | INFO    | pytorch_trainer | M step=200    train=6.0458  33600.5 tok/s  step=0.122s  cpu=3.5% gpu=1.0% vram=1596.0MB temp=70.0C pw=49.62W
2026-09-15 21:33:23,873 | INFO    | main | step 212     engine=pytorch train=6.0402 blocks=690 val_best=inf
2026-09-15 21:33:29,817 | WARNING | self_learner | PLATEAU detected after 100 stagnant steps (best rolling avg 5.9961) - refreshing knowledge
2026-09-15 21:33:29,817 | INFO    | data_engine | knowledge discovery triggered
2026-09-15 21:33:32,621 | INFO    | data_engine | fetched 4/4 targets
2026-09-15 21:33:32,798 | INFO    | data_engine | collect_from(4 urls): 180 usable chunks
2026-09-15 21:33:33,034 | INFO    | data_engine | discovery round 154 added 0 block(s); buffer now 690
2026-09-15 21:33:34,034 | INFO    | main | step 230     engine=pytorch train=6.0294 blocks=690 val_best=inf
2026-09-15 21:33:44,301 | INFO    | main | step 257     engine=pytorch train=6.0131 blocks=690 val_best=inf
2026-09-15 21:33:54,391 | INFO    | main | step 284     engine=pytorch train=6.0023 blocks=690 val_best=inf
2026-09-15 21:34:00,380 | INFO    | pytorch_trainer | M step=300    train=6.0516  34124.1 tok/s  step=0.120s  cpu=1.7% gpu=0.0% vram=1568.0MB temp=70.0C pw=46.94W
2026-09-15 21:34:04,426 | INFO    | main | step 311     engine=pytorch train=5.9998 blocks=690 val_best=inf
2026-09-15 21:34:14,486 | INFO    | main | step 338     engine=pytorch train=5.9980 blocks=690 val_best=inf
2026-09-15 21:34:24,515 | INFO    | main | step 365     engine=pytorch train=6.0007 blocks=690 val_best=inf
2026-09-15 21:34:34,591 | INFO    | main | step 392     engine=pytorch train=5.9983 blocks=690 val_best=inf
2026-09-15 21:34:37,613 | INFO    | pytorch_trainer | M step=400    train=5.9938  34599.6 tok/s  step=0.118s  cpu=3.1% gpu=88.0% vram=1590.0MB temp=74.0C pw=50.17W
2026-09-15 21:34:44,695 | INFO    | main | step 419     engine=pytorch train=5.9985 blocks=690 val_best=inf
2026-09-15 21:34:54,741 | INFO    | main | step 446     engine=pytorch train=5.9960 blocks=690 val_best=inf
2026-09-15 21:35:05,039 | INFO    | main | step 473     engine=pytorch train=5.9917 blocks=690 val_best=inf
2026-09-15 21:35:15,347 | INFO    | pytorch_trainer | M step=500    train=5.9724  34901.7 tok/s  step=0.117s  cpu=6.5% gpu=71.0% vram=1570.0MB temp=75.0C pw=49.88W
2026-09-15 21:35:15,716 | INFO    | main | step 501     engine=pytorch train=5.9893 blocks=690 val_best=inf
2026-09-15 21:35:25,777 | INFO    | main | step 528     engine=pytorch train=5.9858 blocks=690 val_best=inf
2026-09-15 21:35:36,080 | INFO    | main | step 555     engine=pytorch train=5.9879 blocks=690 val_best=inf
2026-09-15 21:35:46,084 | INFO    | main | step 582     engine=pytorch train=5.9853 blocks=690 val_best=inf
2026-09-15 21:35:53,063 | INFO    | pytorch_trainer | M step=600    train=5.9798  35970.8 tok/s  step=0.114s  cpu=1.3% gpu=56.0% vram=1568.0MB temp=75.0C pw=49.16W
2026-09-15 21:35:56,487 | INFO    | main | step 608     engine=pytorch train=5.9857 blocks=690 val_best=inf
2026-09-15 21:36:06,746 | INFO    | main | step 635     engine=pytorch train=5.9893 blocks=690 val_best=inf
2026-09-15 21:36:17,078 | INFO    | main | step 661     engine=pytorch train=5.9788 blocks=690 val_best=inf
2026-09-15 21:36:27,417 | INFO    | main | step 688     engine=pytorch train=5.9866 blocks=690 val_best=inf
2026-09-15 21:36:32,479 | INFO    | pytorch_trainer | M step=700    train=5.9632  35914.5 tok/s  step=0.114s  cpu=4.5% gpu=0.0% vram=1586.0MB temp=71.0C pw=46.81W
2026-09-15 21:36:37,673 | INFO    | main | step 714     engine=pytorch train=5.9843 blocks=690 val_best=inf
2026-09-15 21:36:47,846 | INFO    | main | step 740     engine=pytorch train=5.9883 blocks=690 val_best=inf
2026-09-15 21:36:57,953 | INFO    | main | step 766     engine=pytorch train=5.9862 blocks=690 val_best=inf
2026-09-15 21:37:08,205 | INFO    | main | step 792     engine=pytorch train=5.9843 blocks=690 val_best=inf
2026-09-15 21:37:11,213 | INFO    | pytorch_trainer | M step=800    train=5.9917  36107.9 tok/s  step=0.113s  cpu=13.9% gpu=0.0% vram=1584.0MB temp=74.0C pw=49.39W
2026-09-15 21:37:18,579 | INFO    | main | step 819     engine=pytorch train=5.9859 blocks=690 val_best=inf
2026-09-15 21:37:28,805 | INFO    | main | step 846     engine=pytorch train=5.9882 blocks=690 val_best=inf
2026-09-15 21:37:39,009 | INFO    | main | step 873     engine=pytorch train=5.9878 blocks=690 val_best=inf
2026-09-15 21:37:49,246 | INFO    | pytorch_trainer | M step=900    train=5.9710  36085.0 tok/s  step=0.114s  cpu=5.3% gpu=0.0% vram=1588.0MB temp=72.0C pw=49.32W
2026-09-15 21:37:49,713 | INFO    | main | step 901     engine=pytorch train=5.9874 blocks=690 val_best=inf
2026-09-15 21:37:59,770 | INFO    | main | step 927     engine=pytorch train=5.9875 blocks=690 val_best=inf
2026-09-15 21:38:09,995 | INFO    | main | step 954     engine=pytorch train=5.9832 blocks=690 val_best=inf
2026-09-15 21:38:20,109 | INFO    | main | step 980     engine=pytorch train=5.9829 blocks=690 val_best=inf
2026-09-15 21:38:27,838 | INFO    | pytorch_trainer | M step=1000   train=5.9588  36055.2 tok/s  step=0.114s  cpu=9.4% gpu=21.0% vram=1611.0MB temp=75.0C pw=49.71W
2026-09-15 21:38:29,855 | WARNING | self_learner | PLATEAU detected after 335 stagnant steps (best rolling avg 5.9745) - refreshing knowledge
2026-09-15 21:38:29,855 | INFO    | data_engine | knowledge discovery triggered
2026-09-15 21:38:41,445 | INFO    | data_engine | fetched 4/4 targets
2026-09-15 21:38:41,782 | INFO    | data_engine | collect_from(4 urls): 371 usable chunks
2026-09-15 21:38:41,801 | INFO    | data_engine | wrote knowledge_block_000690.pt (2046 tokens)
2026-09-15 21:38:42,026 | INFO    | data_engine | discovery round 155 added 1 block(s); buffer now 691
2026-09-15 21:38:42,049 | INFO    | data_engine | corpus mmap written: corpus_edb1b4ab7183bb64.npy (1427989 tokens, 621 train / 70 val spans)
2026-09-15 21:38:42,764 | INFO    | main | step 1005    engine=pytorch train=5.9857 blocks=690 val_best=inf
2026-09-15 21:38:52,829 | INFO    | main | step 1028    engine=pytorch train=5.9845 blocks=691 val_best=inf
2026-09-15 21:39:02,978 | INFO    | main | step 1055    engine=pytorch train=5.9844 blocks=691 val_best=inf
2026-09-15 21:39:13,080 | INFO    | main | step 1082    engine=pytorch train=5.9871 blocks=691 val_best=inf
2026-09-15 21:39:19,879 | INFO    | pytorch_trainer | M step=1100   train=5.8973  34999.4 tok/s  step=0.117s  cpu=2.2% gpu=0.0% vram=1583.0MB temp=71.0C pw=50.19W
2026-09-15 21:39:23,278 | INFO    | main | step 1109    engine=pytorch train=5.9836 blocks=691 val_best=inf
2026-09-15 21:39:33,412 | INFO    | main | step 1136    engine=pytorch train=5.9825 blocks=691 val_best=inf
2026-09-15 21:39:43,562 | INFO    | main | step 1163    engine=pytorch train=5.9839 blocks=691 val_best=inf
2026-09-15 21:39:53,662 | INFO    | main | step 1190    engine=pytorch train=5.9821 blocks=691 val_best=inf
2026-09-15 21:39:57,478 | INFO    | pytorch_trainer | M step=1200   train=6.0400  34853.0 tok/s  step=0.117s  cpu=2.6% gpu=0.0% vram=1582.0MB temp=72.0C pw=49.87W
2026-09-15 21:40:03,862 | INFO    | main | step 1217    engine=pytorch train=5.9864 blocks=691 val_best=inf
2026-09-15 21:40:13,954 | INFO    | main | step 1244    engine=pytorch train=5.9854 blocks=691 val_best=inf
2026-09-15 21:40:23,974 | INFO    | main | step 1270    engine=pytorch train=5.9846 blocks=691 val_best=inf
2026-09-15 21:40:34,325 | INFO    | main | step 1297    engine=pytorch train=5.9864 blocks=691 val_best=inf
2026-09-15 21:40:35,462 | INFO    | pytorch_trainer | M step=1300   train=5.9410  34765.2 tok/s  step=0.118s  cpu=9.6% gpu=1.0% vram=1619.0MB temp=71.0C pw=49.52W
2026-09-15 21:40:44,379 | INFO    | main | step 1324    engine=pytorch train=5.9883 blocks=691 val_best=inf
2026-09-15 21:40:54,677 | INFO    | main | step 1351    engine=pytorch train=5.9898 blocks=691 val_best=inf
2026-09-15 21:41:04,944 | INFO    | main | step 1378    engine=pytorch train=5.9862 blocks=691 val_best=inf
2026-09-15 21:41:13,240 | INFO    | pytorch_trainer | M step=1400   train=5.9904  34781.3 tok/s  step=0.118s  cpu=4.6% gpu=0.0% vram=1598.0MB temp=72.0C pw=49.06W
2026-09-15 21:41:15,094 | INFO    | main | step 1405    engine=pytorch train=5.9856 blocks=691 val_best=inf
2026-09-15 21:41:25,112 | INFO    | main | step 1432    engine=pytorch train=5.9866 blocks=691 val_best=inf
2026-09-15 21:41:35,368 | INFO    | main | step 1458    engine=pytorch train=5.9833 blocks=691 val_best=inf
2026-09-15 21:41:45,687 | INFO    | main | step 1484    engine=pytorch train=5.9773 blocks=691 val_best=inf
2026-09-15 21:41:51,995 | INFO    | pytorch_trainer | M step=1500   train=5.9920  34722.3 tok/s  step=0.118s  cpu=23.7% gpu=16.0% vram=1599.0MB temp=71.0C pw=45.77W
2026-09-15 21:41:55,974 | INFO    | main | step 1510    engine=pytorch train=5.9822 blocks=691 val_best=inf
2026-09-15 21:42:06,294 | INFO    | main | step 1537    engine=pytorch train=5.9813 blocks=691 val_best=inf
2026-09-15 21:42:16,323 | INFO    | main | step 1564    engine=pytorch train=5.9775 blocks=691 val_best=inf
2026-09-15 21:42:26,658 | INFO    | main | step 1591    engine=pytorch train=5.9811 blocks=691 val_best=inf
2026-09-15 21:42:30,028 | INFO    | pytorch_trainer | M step=1600   train=5.9836  35742.0 tok/s  step=0.115s  cpu=1.9% gpu=56.0% vram=1597.0MB temp=72.0C pw=50.09W
2026-09-15 21:42:36,761 | INFO    | main | step 1618    engine=pytorch train=5.9821 blocks=691 val_best=inf
2026-09-15 21:42:46,876 | INFO    | main | step 1645    engine=pytorch train=5.9815 blocks=691 val_best=inf
2026-09-15 21:42:56,930 | INFO    | main | step 1672    engine=pytorch train=5.9811 blocks=691 val_best=inf
2026-09-15 21:43:07,211 | INFO    | main | step 1699    engine=pytorch train=5.9829 blocks=691 val_best=inf
2026-09-15 21:43:07,630 | INFO    | pytorch_trainer | M step=1700   train=5.9351  35731.8 tok/s  step=0.115s  cpu=40.6% gpu=63.0% vram=1630.0MB temp=75.0C pw=50.46W
2026-09-15 21:43:17,410 | INFO    | main | step 1725    engine=pytorch train=5.9801 blocks=691 val_best=inf
2026-09-15 21:43:27,572 | INFO    | main | step 1751    engine=pytorch train=5.9771 blocks=691 val_best=inf
2026-09-15 21:43:30,193 | WARNING | self_learner | PLATEAU detected after 282 stagnant steps (best rolling avg 5.9749) - refreshing knowledge
2026-09-15 21:43:30,193 | INFO    | data_engine | knowledge discovery triggered
2026-09-15 21:43:41,461 | INFO    | data_engine | fetched 4/4 targets
2026-09-15 21:43:41,469 | INFO    | data_engine | collect_from(4 urls): 8 usable chunks
2026-09-15 21:43:41,709 | INFO    | data_engine | discovery round 156 added 0 block(s); buffer now 691
2026-09-15 21:43:41,710 | INFO    | main | step 1758    engine=pytorch train=5.9763 blocks=691 val_best=inf
2026-09-15 21:43:52,005 | INFO    | main | step 1785    engine=pytorch train=5.9757 blocks=691 val_best=inf
2026-09-15 21:43:57,610 | INFO    | pytorch_trainer | M step=1800   train=5.9496  35452.0 tok/s  step=0.116s  cpu=11.5% gpu=67.0% vram=1655.0MB temp=73.0C pw=49.88W
2026-09-15 21:44:02,099 | INFO    | main | step 1812    engine=pytorch train=5.9735 blocks=691 val_best=inf
2026-09-15 21:44:12,223 | INFO    | main | step 1839    engine=pytorch train=5.9796 blocks=691 val_best=inf
2026-09-15 21:44:22,287 | INFO    | main | step 1866    engine=pytorch train=5.9782 blocks=691 val_best=inf
2026-09-15 21:44:32,389 | INFO    | main | step 1893    engine=pytorch train=5.9804 blocks=691 val_best=inf
2026-09-15 21:44:35,040 | INFO    | pytorch_trainer | M step=1900   train=6.0863  35359.7 tok/s  step=0.116s  cpu=5.3% gpu=10.0% vram=1622.0MB temp=71.0C pw=50.03W
2026-09-15 21:44:42,496 | INFO    | main | step 1920    engine=pytorch train=5.9860 blocks=691 val_best=inf
2026-09-15 21:44:52,589 | INFO    | main | step 1947    engine=pytorch train=5.9843 blocks=691 val_best=inf
2026-09-15 21:45:02,604 | INFO    | main | step 1974    engine=pytorch train=5.9838 blocks=691 val_best=inf
2026-09-15 21:45:12,649 | INFO    | pytorch_trainer | NEW BEST val=5.9784 (step 2000)
2026-09-15 21:45:12,649 | INFO    | pytorch_trainer | VAL loss=5.9784 best=5.9784 staleness=0/8
2026-09-15 21:45:12,943 | INFO    | pytorch_trainer | M step=2000   train=6.0001  35363.3 tok/s  step=0.116s  cpu=20.2% gpu=17.0% vram=1593.0MB temp=71.0C pw=44.04W
2026-09-15 21:45:13,309 | INFO    | main | step 2001    engine=pytorch train=5.9822 blocks=691 val_best=5.9784
2026-09-15 21:45:23,643 | INFO    | main | step 2028    engine=pytorch train=5.9838 blocks=691 val_best=5.9784
2026-09-15 21:45:33,648 | INFO    | main | step 2054    engine=pytorch train=5.9831 blocks=691 val_best=5.9784
2026-09-15 21:45:43,880 | INFO    | main | step 2080    engine=pytorch train=5.9930 blocks=691 val_best=5.9784
2026-09-15 21:45:51,414 | INFO    | pytorch_trainer | M step=2100   train=6.0268  35112.8 tok/s  step=0.117s  cpu=7.8% gpu=3.0% vram=1636.0MB temp=71.0C pw=50.6W
2026-09-15 21:45:53,956 | INFO    | main | step 2106    engine=pytorch train=5.9916 blocks=691 val_best=5.9784
2026-09-15 21:46:04,314 | INFO    | main | step 2133    engine=pytorch train=5.9846 blocks=691 val_best=5.9784
2026-09-15 21:46:14,449 | INFO    | main | step 2160    engine=pytorch train=5.9899 blocks=691 val_best=5.9784
2026-09-15 21:46:24,624 | INFO    | main | step 2186    engine=pytorch train=5.9873 blocks=691 val_best=5.9784
2026-09-15 21:46:29,965 | INFO    | pytorch_trainer | M step=2200   train=5.9914  35178.2 tok/s  step=0.116s  cpu=31.4% gpu=0.0% vram=1706.0MB temp=71.0C pw=50.1W
2026-09-15 21:46:34,828 | INFO    | main | step 2213    engine=pytorch train=5.9826 blocks=691 val_best=5.9784
2026-09-15 21:46:44,914 | INFO    | main | step 2240    engine=pytorch train=5.9800 blocks=691 val_best=5.9784
2026-09-15 21:46:54,946 | INFO    | main | step 2266    engine=pytorch train=5.9785 blocks=691 val_best=5.9784
2026-09-15 21:47:05,127 | INFO    | main | step 2293    engine=pytorch train=5.9778 blocks=691 val_best=5.9784
2026-09-15 21:47:07,795 | INFO    | pytorch_trainer | M step=2300   train=6.0010  35332.1 tok/s  step=0.116s  cpu=10.5% gpu=25.0% vram=1604.0MB temp=72.0C pw=49.87W
2026-09-15 21:47:15,164 | INFO    | main | step 2319    engine=pytorch train=5.9768 blocks=691 val_best=5.9784
2026-09-15 21:47:25,256 | INFO    | main | step 2346    engine=pytorch train=5.9770 blocks=691 val_best=5.9784
2026-09-15 21:47:35,522 | INFO    | main | step 2372    engine=pytorch train=5.9798 blocks=691 val_best=5.9784
2026-09-15 21:47:45,693 | INFO    | main | step 2399    engine=pytorch train=5.9791 blocks=691 val_best=5.9784
2026-09-15 21:47:46,109 | INFO    | pytorch_trainer | M step=2400   train=6.0104  35299.5 tok/s  step=0.116s  cpu=5.0% gpu=35.0% vram=1687.0MB temp=75.0C pw=48.82W
2026-09-15 21:47:55,824 | INFO    | main | step 2426    engine=pytorch train=5.9805 blocks=691 val_best=5.9784
2026-09-15 21:48:05,960 | INFO    | main | step 2453    engine=pytorch train=5.9779 blocks=691 val_best=5.9784
2026-09-15 21:48:15,992 | INFO    | main | step 2480    engine=pytorch train=5.9786 blocks=691 val_best=5.9784
2026-09-15 21:48:24,039 | INFO    | pytorch_trainer | M step=2500   train=6.0282  35311.5 tok/s  step=0.116s  cpu=8.3% gpu=18.0% vram=1629.0MB temp=71.0C pw=46.02W
2026-09-15 21:48:26,274 | INFO    | main | step 2506    engine=pytorch train=5.9859 blocks=691 val_best=5.9784
2026-09-15 21:48:30,390 | WARNING | self_learner | PLATEAU detected after 759 stagnant steps (best rolling avg 5.9746) - refreshing knowledge
2026-09-15 21:48:30,390 | INFO    | data_engine | knowledge discovery triggered
2026-09-15 21:48:32,579 | INFO    | data_engine | fetched 4/4 targets
2026-09-15 21:48:32,581 | INFO    | data_engine | collect_from(4 urls): 4 usable chunks
2026-09-15 21:48:36,150 | INFO    | data_engine | discovery round 157 added 0 block(s); buffer now 691
2026-09-15 21:48:36,800 | INFO    | main | step 2518    engine=pytorch train=5.9911 blocks=691 val_best=5.9784
2026-09-15 21:48:46,818 | INFO    | main | step 2545    engine=pytorch train=5.9847 blocks=691 val_best=5.9784
2026-09-15 21:48:56,938 | INFO    | main | step 2572    engine=pytorch train=5.9804 blocks=691 val_best=5.9784
2026-09-15 21:49:06,976 | INFO    | main | step 2599    engine=pytorch train=5.9789 blocks=691 val_best=5.9784
2026-09-15 21:49:07,384 | INFO    | pytorch_trainer | M step=2600   train=5.9393  35378.5 tok/s  step=0.116s  cpu=4.8% gpu=0.0% vram=1616.0MB temp=71.0C pw=49.81W
2026-09-15 21:49:17,112 | INFO    | main | step 2626    engine=pytorch train=5.9829 blocks=691 val_best=5.9784
2026-09-15 21:49:27,310 | INFO    | main | step 2653    engine=pytorch train=5.9861 blocks=691 val_best=5.9784
2026-09-15 21:49:37,619 | INFO    | main | step 2680    engine=pytorch train=5.9855 blocks=691 val_best=5.9784
2026-09-15 21:49:45,389 | INFO    | pytorch_trainer | M step=2700   train=5.9353  35525.9 tok/s  step=0.115s  cpu=4.0% gpu=0.0% vram=1616.0MB temp=71.0C pw=45.51W
2026-09-15 21:49:47,624 | INFO    | main | step 2706    engine=pytorch train=5.9801 blocks=691 val_best=5.9784
2026-09-15 21:49:57,895 | INFO    | main | step 2733    engine=pytorch train=5.9769 blocks=691 val_best=5.9784
2026-09-15 21:50:08,187 | INFO    | main | step 2760    engine=pytorch train=5.9772 blocks=691 val_best=5.9784
2026-09-15 21:50:18,477 | INFO    | main | step 2787    engine=pytorch train=5.9781 blocks=691 val_best=5.9784
2026-09-15 21:50:23,574 | INFO    | pytorch_trainer | M step=2800   train=5.8725  35751.3 tok/s  step=0.115s  cpu=2.3% gpu=56.0% vram=1619.0MB temp=72.0C pw=49.58W
2026-09-15 21:50:28,644 | INFO    | main | step 2813    engine=pytorch train=5.9768 blocks=691 val_best=5.9784
2026-09-15 21:50:38,671 | INFO    | main | step 2840    engine=pytorch train=5.9782 blocks=691 val_best=5.9784
2026-09-15 21:50:48,934 | INFO    | main | step 2867    engine=pytorch train=5.9775 blocks=691 val_best=5.9784
2026-09-15 21:50:59,031 | INFO    | main | step 2894    engine=pytorch train=5.9750 blocks=691 val_best=5.9784
2026-09-15 21:51:01,460 | INFO    | pytorch_trainer | M step=2900   train=5.9846  35894.8 tok/s  step=0.114s  cpu=2.5% gpu=0.0% vram=1599.0MB temp=72.0C pw=45.76W
2026-09-15 21:51:09,328 | INFO    | main | step 2920    engine=pytorch train=5.9761 blocks=691 val_best=5.9784
2026-09-15 21:51:19,594 | INFO    | main | step 2947    engine=pytorch train=5.9771 blocks=691 val_best=5.9784
2026-09-15 21:51:29,881 | INFO    | main | step 2974    engine=pytorch train=5.9780 blocks=691 val_best=5.9784
2026-09-15 21:51:40,101 | INFO    | pytorch_trainer | M step=3000   train=5.9977  35954.0 tok/s  step=0.114s  cpu=5.7% gpu=16.0% vram=1597.0MB temp=71.0C pw=45.36W
2026-09-15 21:51:40,466 | INFO    | main | step 3001    engine=pytorch train=5.9839 blocks=691 val_best=5.9784
2026-09-15 21:51:50,719 | INFO    | main | step 3028    engine=pytorch train=5.9807 blocks=691 val_best=5.9784
2026-09-15 21:52:00,844 | INFO    | main | step 3055    engine=pytorch train=5.9771 blocks=691 val_best=5.9784
2026-09-15 21:52:10,946 | INFO    | main | step 3082    engine=pytorch train=5.9752 blocks=691 val_best=5.9784
2026-09-15 21:52:17,742 | INFO    | pytorch_trainer | M step=3100   train=5.9625  36042.2 tok/s  step=0.114s  cpu=6.1% gpu=64.0% vram=1595.0MB temp=72.0C pw=49.97W
2026-09-15 21:52:21,146 | INFO    | main | step 3109    engine=pytorch train=5.9699 blocks=691 val_best=5.9784
2026-09-15 21:52:31,288 | INFO    | main | step 3136    engine=pytorch train=5.9728 blocks=691 val_best=5.9784
2026-09-15 21:52:41,446 | INFO    | main | step 3163    engine=pytorch train=5.9730 blocks=691 val_best=5.9784
2026-09-15 21:52:51,547 | INFO    | main | step 3190    engine=pytorch train=5.9749 blocks=691 val_best=5.9784
2026-09-15 21:52:55,374 | INFO    | pytorch_trainer | M step=3200   train=5.9603  35781.6 tok/s  step=0.115s  cpu=3.1% gpu=2.0% vram=1607.0MB temp=73.0C pw=50.19W
2026-09-15 21:53:01,614 | INFO    | main | step 3216    engine=pytorch train=5.9781 blocks=691 val_best=5.9784
2026-09-15 21:53:11,676 | INFO    | main | step 3242    engine=pytorch train=5.9790 blocks=691 val_best=5.9784
2026-09-15 21:53:21,925 | INFO    | main | step 3267    engine=pytorch train=5.9770 blocks=691 val_best=5.9784
2026-09-15 21:53:30,688 | WARNING | self_learner | PLATEAU detected after 727 stagnant steps (best rolling avg 5.9750) - refreshing knowledge
2026-09-15 21:53:30,688 | INFO    | data_engine | knowledge discovery triggered
2026-09-15 21:53:31,139 | INFO    | data_engine | fetched 4/4 targets
2026-09-15 21:53:31,139 | INFO    | data_engine | collect_from(4 urls): 4 usable chunks
2026-09-15 21:53:31,366 | INFO    | data_engine | discovery round 158 added 0 block(s); buffer now 691
2026-09-15 21:53:32,143 | INFO    | main | step 3292    engine=pytorch train=5.9767 blocks=691 val_best=5.9784
2026-09-15 21:53:35,144 | INFO    | pytorch_trainer | M step=3300   train=5.9965  35604.3 tok/s  step=0.115s  cpu=2.6% gpu=78.0% vram=1619.0MB temp=73.0C pw=48.37W
2026-09-15 21:53:42,504 | INFO    | main | step 3319    engine=pytorch train=5.9772 blocks=691 val_best=5.9784
2026-09-15 21:53:52,777 | INFO    | main | step 3346    engine=pytorch train=5.9775 blocks=691 val_best=5.9784
2026-09-15 21:54:02,808 | INFO    | main | step 3372    engine=pytorch train=5.9800 blocks=691 val_best=5.9784
2026-09-15 21:54:13,027 | INFO    | main | step 3398    engine=pytorch train=5.9756 blocks=691 val_best=5.9784
2026-09-15 21:54:13,859 | INFO    | pytorch_trainer | M step=3400   train=5.9395  35514.9 tok/s  step=0.115s  cpu=6.6% gpu=0.0% vram=1634.0MB temp=72.0C pw=49.71W
2026-09-15 21:54:23,320 | INFO    | main | step 3424    engine=pytorch train=5.9746 blocks=691 val_best=5.9784
2026-09-15 21:54:33,392 | INFO    | main | step 3451    engine=pytorch train=5.9759 blocks=691 val_best=5.9784
2026-09-15 21:54:43,503 | INFO    | main | step 3477    engine=pytorch train=5.9800 blocks=691 val_best=5.9784
2026-09-15 21:54:52,659 | INFO    | pytorch_trainer | M step=3500   train=5.9710  35512.7 tok/s  step=0.115s  cpu=8.9% gpu=0.0% vram=1623.0MB temp=72.0C pw=50.32W
2026-09-15 21:54:53,806 | INFO    | main | step 3503    engine=pytorch train=5.9755 blocks=691 val_best=5.9784
2026-09-15 21:55:04,127 | INFO    | main | step 3530    engine=pytorch train=5.9750 blocks=691 val_best=5.9784
2026-09-15 21:55:14,383 | INFO    | main | step 3557    engine=pytorch train=5.9780 blocks=691 val_best=5.9784
2026-09-15 21:55:24,507 | INFO    | main | step 3584    engine=pytorch train=5.9783 blocks=691 val_best=5.9784
2026-09-15 21:55:30,509 | INFO    | pytorch_trainer | M step=3600   train=5.9498  35572.9 tok/s  step=0.115s  cpu=4.3% gpu=0.0% vram=1620.0MB temp=72.0C pw=49.71W
2026-09-15 21:55:34,614 | INFO    | main | step 3611    engine=pytorch train=5.9807 blocks=691 val_best=5.9784
2026-09-15 21:55:44,933 | INFO    | main | step 3638    engine=pytorch train=5.9826 blocks=691 val_best=5.9784
2026-09-15 21:55:54,974 | INFO    | main | step 3665    engine=pytorch train=5.9854 blocks=691 val_best=5.9784
2026-09-15 21:56:05,072 | INFO    | main | step 3692    engine=pytorch train=5.9857 blocks=691 val_best=5.9784
2026-09-15 21:56:08,392 | INFO    | pytorch_trainer | M step=3700   train=5.9997  35786.5 tok/s  step=0.115s  cpu=5.4% gpu=45.0% vram=1621.0MB temp=72.0C pw=47.41W
2026-09-15 21:56:15,109 | INFO    | main | step 3718    engine=pytorch train=5.9805 blocks=691 val_best=5.9784
2026-09-15 21:56:25,380 | INFO    | main | step 3745    engine=pytorch train=5.9811 blocks=691 val_best=5.9784
2026-09-15 21:56:35,476 | INFO    | main | step 3770    engine=pytorch train=5.9757 blocks=691 val_best=5.9784
2026-09-15 21:56:45,488 | INFO    | main | step 3796    engine=pytorch train=5.9777 blocks=691 val_best=5.9784
2026-09-15 21:56:46,990 | INFO    | pytorch_trainer | M step=3800   train=5.9898  35905.8 tok/s  step=0.114s  cpu=2.6% gpu=0.0% vram=1629.0MB temp=72.0C pw=49.72W
2026-09-15 21:56:55,542 | INFO    | main | step 3823    engine=pytorch train=5.9771 blocks=691 val_best=5.9784
2026-09-15 21:57:05,589 | INFO    | main | step 3850    engine=pytorch train=5.9783 blocks=691 val_best=5.9784
2026-09-15 21:57:15,832 | INFO    | main | step 3877    engine=pytorch train=5.9724 blocks=691 val_best=5.9784
2026-09-15 21:57:24,620 | INFO    | pytorch_trainer | M step=3900   train=5.9808  36017.6 tok/s  step=0.114s  cpu=1.1% gpu=0.0% vram=1628.0MB temp=72.0C pw=49.85W
2026-09-15 21:57:26,166 | INFO    | main | step 3904    engine=pytorch train=5.9771 blocks=691 val_best=5.9784
2026-09-15 21:57:36,354 | INFO    | main | step 3930    engine=pytorch train=5.9729 blocks=691 val_best=5.9784
2026-09-15 21:57:46,634 | INFO    | main | step 3957    engine=pytorch train=5.9771 blocks=691 val_best=5.9784
2026-09-15 21:57:58,322 | INFO    | main | step 3982    engine=pytorch train=5.9810 blocks=691 val_best=5.9784
2026-09-15 21:58:05,622 | INFO    | pytorch_trainer | NEW BEST val=5.9716 (step 4000)
2026-09-15 21:58:05,622 | INFO    | pytorch_trainer | VAL loss=5.9716 best=5.9716 staleness=0/8
2026-09-15 21:58:05,928 | INFO    | pytorch_trainer | M step=4000   train=5.9702  35881.4 tok/s  step=0.114s  cpu=13.0% gpu=61.0% vram=1627.0MB temp=72.0C pw=47.92W
2026-09-15 21:58:08,678 | INFO    | main | step 4007    engine=pytorch train=5.9777 blocks=691 val_best=5.9716
2026-09-15 21:58:19,001 | INFO    | main | step 4034    engine=pytorch train=5.9762 blocks=691 val_best=5.9716
2026-09-15 21:58:29,229 | INFO    | main | step 4061    engine=pytorch train=5.9773 blocks=691 val_best=5.9716
2026-09-15 21:58:30,725 | WARNING | self_learner | PLATEAU detected after 775 stagnant steps (best rolling avg 5.9754) - refreshing knowledge
2026-09-15 21:58:30,725 | INFO    | data_engine | knowledge discovery triggered
2026-09-15 21:58:31,165 | INFO    | data_engine | fetched 4/4 targets
2026-09-15 21:58:31,165 | INFO    | data_engine | collect_from(4 urls): 4 usable chunks
2026-09-15 21:58:31,392 | INFO    | data_engine | discovery round 159 added 0 block(s); buffer now 691
2026-09-15 21:58:39,464 | INFO    | main | step 4086    engine=pytorch train=5.9807 blocks=691 val_best=5.9716
2026-09-15 21:58:44,976 | INFO    | pytorch_trainer | M step=4100   train=5.9931  35962.8 tok/s  step=0.114s  cpu=3.1% gpu=0.0% vram=1626.0MB temp=71.0C pw=49.48W
2026-09-15 21:58:49,821 | INFO    | main | step 4113    engine=pytorch train=5.9830 blocks=691 val_best=5.9716
2026-09-15 21:58:59,848 | INFO    | main | step 4140    engine=pytorch train=5.9800 blocks=691 val_best=5.9716
2026-09-15 21:59:10,172 | INFO    | main | step 4167    engine=pytorch train=5.9750 blocks=691 val_best=5.9716
2026-09-15 21:59:20,194 | INFO    | main | step 4194    engine=pytorch train=5.9778 blocks=691 val_best=5.9716
2026-09-15 21:59:22,775 | INFO    | pytorch_trainer | M step=4200   train=5.9707  35974.6 tok/s  step=0.114s  cpu=8.3% gpu=5.0% vram=1615.0MB temp=73.0C pw=49.17W
2026-09-15 21:59:30,221 | INFO    | main | step 4220    engine=pytorch train=5.9791 blocks=691 val_best=5.9716
2026-09-15 21:59:40,555 | INFO    | main | step 4247    engine=pytorch train=5.9784 blocks=691 val_best=5.9716
2026-09-15 21:59:50,712 | INFO    | main | step 4273    engine=pytorch train=5.9798 blocks=691 val_best=5.9716
2026-09-15 22:00:01,075 | INFO    | pytorch_trainer | M step=4300   train=6.0236  35979.2 tok/s  step=0.114s  cpu=1.9% gpu=0.0% vram=1622.0MB temp=72.0C pw=49.47W
2026-09-15 22:00:01,440 | INFO    | main | step 4301    engine=pytorch train=5.9831 blocks=691 val_best=5.9716
2026-09-15 22:00:11,507 | INFO    | main | step 4328    engine=pytorch train=5.9791 blocks=691 val_best=5.9716
2026-09-15 22:00:21,873 | INFO    | main | step 4355    engine=pytorch train=5.9777 blocks=691 val_best=5.9716
2026-09-15 22:00:31,903 | INFO    | main | step 4382    engine=pytorch train=5.9839 blocks=691 val_best=5.9716
2026-09-15 22:00:38,658 | INFO    | pytorch_trainer | M step=4400   train=5.9595  35901.5 tok/s  step=0.114s  cpu=4.6% gpu=26.0% vram=1613.0MB temp=75.0C pw=49.9W
2026-09-15 22:00:41,975 | INFO    | main | step 4409    engine=pytorch train=5.9815 blocks=691 val_best=5.9716
2026-09-15 22:00:52,299 | INFO    | main | step 4436    engine=pytorch train=5.9804 blocks=691 val_best=5.9716
2026-09-15 22:01:02,375 | INFO    | main | step 4463    engine=pytorch train=5.9802 blocks=691 val_best=5.9716
2026-09-15 22:01:12,648 | INFO    | main | step 4490    engine=pytorch train=5.9820 blocks=691 val_best=5.9716
2026-09-15 22:01:16,693 | INFO    | pytorch_trainer | M step=4500   train=5.9612  36054.5 tok/s  step=0.114s  cpu=9.0% gpu=6.0% vram=1594.0MB temp=72.0C pw=46.85W
2026-09-15 22:01:22,899 | INFO    | main | step 4516    engine=pytorch train=5.9803 blocks=691 val_best=5.9716
2026-09-15 22:01:32,930 | INFO    | main | step 4543    engine=pytorch train=5.9794 blocks=691 val_best=5.9716
2026-09-15 22:01:43,151 | INFO    | main | step 4570    engine=pytorch train=5.9768 blocks=691 val_best=5.9716
2026-09-15 22:01:53,194 | INFO    | main | step 4596    engine=pytorch train=5.9776 blocks=691 val_best=5.9716
2026-09-15 22:01:54,691 | INFO    | pytorch_trainer | M step=4600   train=5.9611  36014.8 tok/s  step=0.114s  cpu=7.9% gpu=96.0% vram=1594.0MB temp=73.0C pw=50.27W
2026-09-15 22:02:03,270 | INFO    | main | step 4623    engine=pytorch train=5.9817 blocks=691 val_best=5.9716
2026-09-15 22:02:13,591 | INFO    | main | step 4650    engine=pytorch train=5.9809 blocks=691 val_best=5.9716
2026-09-15 22:02:23,618 | INFO    | main | step 4677    engine=pytorch train=5.9822 blocks=691 val_best=5.9716
2026-09-15 22:02:32,491 | INFO    | pytorch_trainer | M step=4700   train=5.9740  36015.4 tok/s  step=0.114s  cpu=5.5% gpu=1.0% vram=1599.0MB temp=72.0C pw=50.34W
2026-09-15 22:02:33,726 | INFO    | main | step 4703    engine=pytorch train=5.9788 blocks=691 val_best=5.9716
2026-09-15 22:02:43,805 | INFO    | main | step 4729    engine=pytorch train=5.9810 blocks=691 val_best=5.9716
2026-09-15 22:02:53,953 | INFO    | main | step 4755    engine=pytorch train=5.9801 blocks=691 val_best=5.9716
2026-09-15 22:03:04,255 | INFO    | main | step 4781    engine=pytorch train=5.9754 blocks=691 val_best=5.9716
2026-09-15 22:03:11,907 | INFO    | pytorch_trainer | M step=4800   train=5.9759  36004.8 tok/s  step=0.114s  cpu=1.9% gpu=0.0% vram=1594.0MB temp=72.0C pw=45.37W
2026-09-15 22:03:14,505 | INFO    | main | step 4807    engine=pytorch train=5.9781 blocks=691 val_best=5.9716
2026-09-15 22:03:24,778 | INFO    | main | step 4834    engine=pytorch train=5.9698 blocks=691 val_best=5.9716
2026-09-15 22:03:30,748 | WARNING | self_learner | PLATEAU detected after 785 stagnant steps (best rolling avg 5.9762) - refreshing knowledge
2026-09-15 22:03:30,748 | INFO    | data_engine | knowledge discovery triggered
2026-09-15 22:03:49,189 | INFO    | data_engine | fetched 4/4 targets
2026-09-15 22:03:49,496 | INFO    | data_engine | collect_from(4 urls): 318 usable chunks
2026-09-15 22:03:49,735 | INFO    | data_engine | discovery round 160 added 0 block(s); buffer now 691
2026-09-15 22:03:49,737 | INFO    | main | step 4850    engine=pytorch train=5.9710 blocks=691 val_best=5.9716
2026-09-15 22:03:59,788 | INFO    | main | step 4876    engine=pytorch train=5.9706 blocks=691 val_best=5.9716
2026-09-15 22:04:08,827 | INFO    | pytorch_trainer | M step=4900   train=5.9496  35801.0 tok/s  step=0.114s  cpu=7.0% gpu=58.0% vram=1592.0MB temp=69.0C pw=47.19W
2026-09-15 22:04:09,925 | INFO    | main | step 4903    engine=pytorch train=5.9684 blocks=691 val_best=5.9716
2026-09-15 22:04:20,022 | INFO    | main | step 4930    engine=pytorch train=5.9749 blocks=691 val_best=5.9716
2026-09-15 22:04:30,045 | INFO    | main | step 4957    engine=pytorch train=5.9770 blocks=691 val_best=5.9716
2026-09-15 22:04:40,122 | INFO    | main | step 4984    engine=pytorch train=5.9757 blocks=691 val_best=5.9716
2026-09-15 22:04:46,377 | INFO    | pytorch_trainer | M step=5000   train=6.0097  35769.3 tok/s  step=0.115s  cpu=16.4% gpu=1.0% vram=1633.0MB temp=71.0C pw=49.22W
2026-09-15 22:04:50,149 | INFO    | main | step 5010    engine=pytorch train=5.9789 blocks=691 val_best=5.9716
2026-09-15 22:05:00,291 | INFO    | main | step 5037    engine=pytorch train=5.9732 blocks=691 val_best=5.9716
2026-09-15 22:05:10,394 | INFO    | main | step 5064    engine=pytorch train=5.9729 blocks=691 val_best=5.9716
2026-09-15 22:05:20,558 | INFO    | main | step 5091    engine=pytorch train=5.9757 blocks=691 val_best=5.9716
2026-09-15 22:05:23,956 | INFO    | pytorch_trainer | M step=5100   train=5.9575  35709.4 tok/s  step=0.115s  cpu=4.3% gpu=1.0% vram=1607.0MB temp=72.0C pw=49.87W
2026-09-15 22:05:30,743 | INFO    | main | step 5118    engine=pytorch train=5.9856 blocks=691 val_best=5.9716
2026-09-15 22:05:40,890 | INFO    | main | step 5145    engine=pytorch train=5.9831 blocks=691 val_best=5.9716
2026-09-15 22:05:50,994 | INFO    | main | step 5172    engine=pytorch train=5.9769 blocks=691 val_best=5.9716
2026-09-15 22:06:01,275 | INFO    | main | step 5198    engine=pytorch train=5.9718 blocks=691 val_best=5.9716
2026-09-15 22:06:02,057 | INFO    | pytorch_trainer | M step=5200   train=5.9660  35512.5 tok/s  step=0.115s  cpu=5.3% gpu=0.0% vram=1603.0MB temp=72.0C pw=50.0W
2026-09-15 22:06:11,476 | INFO    | main | step 5225    engine=pytorch train=5.9737 blocks=691 val_best=5.9716
2026-09-15 22:06:21,642 | INFO    | main | step 5250    engine=pytorch train=5.9761 blocks=691 val_best=5.9716
2026-09-15 22:06:31,961 | INFO    | main | step 5276    engine=pytorch train=5.9760 blocks=691 val_best=5.9716
2026-09-15 22:06:41,253 | INFO    | pytorch_trainer | M step=5300   train=5.9720  35346.0 tok/s  step=0.116s  cpu=2.2% gpu=77.0% vram=1613.0MB temp=75.0C pw=50.15W
2026-09-15 22:06:42,125 | INFO    | main | step 5302    engine=pytorch train=5.9792 blocks=691 val_best=5.9716
2026-09-15 22:06:52,424 | INFO    | main | step 5323    engine=pytorch train=5.9804 blocks=691 val_best=5.9716
2026-09-15 22:07:02,653 | INFO    | main | step 5350    engine=pytorch train=5.9802 blocks=691 val_best=5.9716
2026-09-15 22:07:12,807 | INFO    | main | step 5376    engine=pytorch train=5.9762 blocks=691 val_best=5.9716
2026-09-15 22:07:22,295 | INFO    | pytorch_trainer | M step=5400   train=5.9322  35392.4 tok/s  step=0.116s  cpu=5.7% gpu=31.0% vram=1625.0MB temp=75.0C pw=47.53W
2026-09-15 22:07:23,023 | INFO    | main | step 5402    engine=pytorch train=5.9801 blocks=691 val_best=5.9716
2026-09-15 22:07:33,237 | INFO    | main | step 5428    engine=pytorch train=5.9824 blocks=691 val_best=5.9716
2026-09-15 22:07:43,262 | INFO    | main | step 5455    engine=pytorch train=5.9792 blocks=691 val_best=5.9716
2026-09-15 22:07:53,583 | INFO    | main | step 5482    engine=pytorch train=5.9756 blocks=691 val_best=5.9716
2026-09-15 22:08:00,592 | INFO    | pytorch_trainer | M step=5500   train=5.9703  35395.2 tok/s  step=0.116s  cpu=10.1% gpu=17.0% vram=1600.0MB temp=71.0C pw=45.35W
2026-09-15 22:08:03,657 | INFO    | main | step 5508    engine=pytorch train=5.9799 blocks=691 val_best=5.9716
2026-09-15 22:08:13,915 | INFO    | main | step 5535    engine=pytorch train=5.9785 blocks=691 val_best=5.9716
2026-09-15 22:08:24,054 | INFO    | main | step 5562    engine=pytorch train=5.9798 blocks=691 val_best=5.9716
2026-09-15 22:08:31,000 | WARNING | self_learner | PLATEAU detected after 730 stagnant steps (best rolling avg 5.9675) - refreshing knowledge
2026-09-15 22:08:31,000 | INFO    | data_engine | knowledge discovery triggered
2026-09-15 22:08:41,398 | INFO    | data_engine | fetched 4/4 targets
2026-09-15 22:08:41,733 | INFO    | data_engine | collect_from(4 urls): 352 usable chunks
2026-09-15 22:08:41,963 | INFO    | data_engine | discovery round 161 added 0 block(s); buffer now 691
2026-09-15 22:08:41,963 | INFO    | main | step 5580    engine=pytorch train=5.9756 blocks=691 val_best=5.9716
2026-09-15 22:08:49,723 | INFO    | pytorch_trainer | M step=5600   train=5.9426  35300.4 tok/s  step=0.116s  cpu=2.9% gpu=50.0% vram=1600.0MB temp=73.0C pw=48.91W
2026-09-15 22:08:52,319 | INFO    | main | step 5607    engine=pytorch train=5.9736 blocks=691 val_best=5.9716
2026-09-15 22:09:02,346 | INFO    | main | step 5634    engine=pytorch train=5.9749 blocks=691 val_best=5.9716
2026-09-15 22:09:12,419 | INFO    | main | step 5661    engine=pytorch train=5.9729 blocks=691 val_best=5.9716
2026-09-15 22:09:22,444 | INFO    | main | step 5688    engine=pytorch train=5.9728 blocks=691 val_best=5.9716
2026-09-15 22:09:26,956 | INFO    | pytorch_trainer | M step=5700   train=5.9653  35503.2 tok/s  step=0.115s  cpu=5.7% gpu=0.0% vram=1600.0MB temp=71.0C pw=49.53W
2026-09-15 22:09:32,570 | INFO    | main | step 5715    engine=pytorch train=5.9757 blocks=691 val_best=5.9716
2026-09-15 22:09:42,889 | INFO    | main | step 5742    engine=pytorch train=5.9831 blocks=691 val_best=5.9716
2026-09-15 22:09:53,190 | INFO    | main | step 5769    engine=pytorch train=5.9835 blocks=691 val_best=5.9716
2026-09-15 22:10:03,235 | INFO    | main | step 5796    engine=pytorch train=5.9806 blocks=691 val_best=5.9716
2026-09-15 22:10:04,736 | INFO    | pytorch_trainer | M step=5800   train=6.0141  35710.6 tok/s  step=0.115s  cpu=2.7% gpu=93.0% vram=1620.0MB temp=73.0C pw=50.03W
2026-09-15 22:10:13,299 | INFO    | main | step 5823    engine=pytorch train=5.9840 blocks=691 val_best=5.9716
2026-09-15 22:10:23,497 | INFO    | main | step 5849    engine=pytorch train=5.9769 blocks=691 val_best=5.9716
2026-09-15 22:10:33,839 | INFO    | main | step 5876    engine=pytorch train=5.9759 blocks=691 val_best=5.9716
2026-09-15 22:10:43,249 | INFO    | pytorch_trainer | M step=5900   train=5.8881  35931.5 tok/s  step=0.114s  cpu=6.5% gpu=97.0% vram=1617.0MB temp=74.0C pw=49.01W
2026-09-15 22:10:43,977 | INFO    | main | step 5902    engine=pytorch train=5.9725 blocks=691 val_best=5.9716
2026-09-15 22:10:54,074 | INFO    | main | step 5929    engine=pytorch train=5.9732 blocks=691 val_best=5.9716
2026-09-15 22:11:04,360 | INFO    | main | step 5956    engine=pytorch train=5.9762 blocks=691 val_best=5.9716
2026-09-15 22:11:14,556 | INFO    | main | step 5982    engine=pytorch train=5.9732 blocks=691 val_best=5.9716
2026-09-15 22:11:21,749 | INFO    | pytorch_trainer | NEW BEST val=5.9692 (step 6000)
2026-09-15 22:11:21,749 | INFO    | pytorch_trainer | VAL loss=5.9692 best=5.9692 staleness=0/8
2026-09-15 22:11:22,060 | INFO    | pytorch_trainer | M step=6000   train=5.9538  35962.8 tok/s  step=0.114s  cpu=10.5% gpu=17.0% vram=1617.0MB temp=71.0C pw=44.13W
2026-09-15 22:11:22,304 | INFO    | main | pipeline finished cleanly at step 6000 (step budget reached)
