2026-09-18 19:31:54,277 | INFO    | main | ================================================================
2026-09-18 19:31:54,277 | INFO    | main | self-learning pipeline (steps=6000, model=6L/512E, vocab=4096)
2026-09-18 19:31:54,277 | INFO    | main | ================================================================
2026-09-18 19:31:54,497 | INFO    | data_engine | buffer has 693 valid block(s); skipping seed
2026-09-18 19:31:54,497 | INFO    | main | engine: Standard PyTorch AMP (forced)
2026-09-18 19:31:54,499 | INFO    | data_engine | corpus mmap already present (corpus_5ac147a51cc3d8f2.npy)
2026-09-18 19:32:06,209 | INFO    | main | step 22      engine=pytorch train=8.3370 blocks=693 val_best=inf
2026-09-18 19:32:16,557 | INFO    | main | step 49      engine=pytorch train=7.9634 blocks=693 val_best=inf
2026-09-18 19:32:26,621 | INFO    | main | step 75      engine=pytorch train=7.5035 blocks=693 val_best=inf
2026-09-18 19:32:36,454 | INFO    | pytorch_trainer | M step=100    train=6.2047  29447.7 tok/s  step=0.139s  cpu=1.8% gpu=0.0% vram=1422.0MB temp=72.0C pw=49.86W
2026-09-18 19:32:36,826 | INFO    | main | step 101     engine=pytorch train=7.0264 blocks=693 val_best=inf
2026-09-18 19:32:47,034 | INFO    | main | step 127     engine=pytorch train=6.6459 blocks=693 val_best=inf
2026-09-18 19:32:57,097 | INFO    | main | step 153     engine=pytorch train=6.3924 blocks=693 val_best=inf
2026-09-18 19:33:07,405 | INFO    | main | step 179     engine=pytorch train=6.2238 blocks=693 val_best=inf
2026-09-18 19:33:15,668 | INFO    | pytorch_trainer | M step=200    train=5.7223  31418.3 tok/s  step=0.130s  cpu=1.1% gpu=73.0% vram=1421.0MB temp=75.0C pw=50.94W
2026-09-18 19:33:17,722 | INFO    | main | step 205     engine=pytorch train=6.0371 blocks=693 val_best=inf
2026-09-18 19:33:27,890 | INFO    | main | step 231     engine=pytorch train=5.7778 blocks=693 val_best=inf
2026-09-18 19:33:38,247 | INFO    | main | step 257     engine=pytorch train=5.4938 blocks=693 val_best=inf
2026-09-18 19:33:48,281 | INFO    | main | step 282     engine=pytorch train=5.2490 blocks=693 val_best=inf
2026-09-18 19:33:55,175 | INFO    | pytorch_trainer | M step=300    train=4.6712  32131.8 tok/s  step=0.128s  cpu=13.0% gpu=90.0% vram=1421.0MB temp=74.0C pw=49.98W
2026-09-18 19:33:58,489 | INFO    | main | step 308     engine=pytorch train=5.0317 blocks=693 val_best=inf
2026-09-18 19:34:08,652 | INFO    | main | step 334     engine=pytorch train=4.8714 blocks=693 val_best=inf
2026-09-18 19:34:18,931 | INFO    | main | step 355     engine=pytorch train=4.7580 blocks=693 val_best=inf
2026-09-18 19:34:29,142 | INFO    | main | step 373     engine=pytorch train=4.6815 blocks=693 val_best=inf
2026-09-18 19:34:39,268 | INFO    | main | step 393     engine=pytorch train=4.6083 blocks=693 val_best=inf
2026-09-18 19:34:42,271 | INFO    | pytorch_trainer | M step=400    train=4.3803  32205.7 tok/s  step=0.127s  cpu=1.8% gpu=0.0% vram=1421.0MB temp=72.0C pw=45.99W
2026-09-18 19:34:49,354 | INFO    | main | step 418     engine=pytorch train=4.5399 blocks=693 val_best=inf
2026-09-18 19:34:59,558 | INFO    | main | step 443     engine=pytorch train=4.4716 blocks=693 val_best=inf
2026-09-18 19:35:09,971 | INFO    | main | step 469     engine=pytorch train=4.4099 blocks=693 val_best=inf
2026-09-18 19:35:20,225 | INFO    | main | step 495     engine=pytorch train=4.3577 blocks=693 val_best=inf
2026-09-18 19:35:22,436 | INFO    | pytorch_trainer | M step=500    train=4.1868  32476.2 tok/s  step=0.126s  cpu=10.1% gpu=18.0% vram=1421.0MB temp=71.0C pw=46.01W
2026-09-18 19:35:30,334 | INFO    | main | step 520     engine=pytorch train=4.3175 blocks=693 val_best=inf
2026-09-18 19:35:40,459 | INFO    | main | step 546     engine=pytorch train=4.2725 blocks=693 val_best=inf
2026-09-18 19:35:50,802 | INFO    | main | step 567     engine=pytorch train=4.2519 blocks=693 val_best=inf
2026-09-18 19:36:00,878 | INFO    | main | step 592     engine=pytorch train=4.2236 blocks=693 val_best=inf
2026-09-18 19:36:04,108 | INFO    | pytorch_trainer | M step=600    train=4.1898  33275.6 tok/s  step=0.123s  cpu=2.6% gpu=56.0% vram=1421.0MB temp=72.0C pw=49.94W
2026-09-18 19:36:10,884 | INFO    | main | step 617     engine=pytorch train=4.2077 blocks=693 val_best=inf
2026-09-18 19:36:21,123 | INFO    | main | step 643     engine=pytorch train=4.1855 blocks=693 val_best=inf
2026-09-18 19:36:31,288 | INFO    | main | step 669     engine=pytorch train=4.1727 blocks=693 val_best=inf
2026-09-18 19:36:41,328 | INFO    | main | step 694     engine=pytorch train=4.1463 blocks=693 val_best=inf
2026-09-18 19:36:43,662 | INFO    | pytorch_trainer | M step=700    train=4.1946  33267.7 tok/s  step=0.123s  cpu=2.5% gpu=28.0% vram=1421.0MB temp=76.0C pw=50.38W
2026-09-18 19:36:52,601 | INFO    | main | step 718     engine=pytorch train=4.1392 blocks=693 val_best=inf
2026-09-18 19:37:02,949 | INFO    | main | step 744     engine=pytorch train=4.1190 blocks=693 val_best=inf
2026-09-18 19:37:13,009 | INFO    | main | step 769     engine=pytorch train=4.1026 blocks=693 val_best=inf
2026-09-18 19:37:23,229 | INFO    | main | step 795     engine=pytorch train=4.0848 blocks=693 val_best=inf
2026-09-18 19:37:25,387 | INFO    | pytorch_trainer | M step=800    train=4.0892  33146.4 tok/s  step=0.124s  cpu=2.2% gpu=0.0% vram=1421.0MB temp=72.0C pw=46.03W
2026-09-18 19:37:33,346 | INFO    | main | step 821     engine=pytorch train=4.0599 blocks=693 val_best=inf
2026-09-18 19:37:43,612 | INFO    | main | step 842     engine=pytorch train=4.0402 blocks=693 val_best=inf
2026-09-18 19:37:53,900 | INFO    | main | step 869     engine=pytorch train=4.0168 blocks=693 val_best=inf
2026-09-18 19:38:03,939 | INFO    | main | step 894     engine=pytorch train=3.9873 blocks=693 val_best=inf
2026-09-18 19:38:06,275 | INFO    | pytorch_trainer | M step=900    train=3.9746  33296.5 tok/s  step=0.123s  cpu=2.6% gpu=18.0% vram=1421.0MB temp=72.0C pw=47.96W
2026-09-18 19:38:14,020 | INFO    | main | step 919     engine=pytorch train=3.9544 blocks=693 val_best=inf
2026-09-18 19:38:24,150 | INFO    | main | step 945     engine=pytorch train=3.9389 blocks=693 val_best=inf
2026-09-18 19:38:34,441 | INFO    | main | step 972     engine=pytorch train=3.9142 blocks=693 val_best=inf
2026-09-18 19:38:44,671 | INFO    | main | step 998     engine=pytorch train=3.8940 blocks=693 val_best=inf
2026-09-18 19:38:45,807 | INFO    | pytorch_trainer | M step=1000   train=3.8545  33295.9 tok/s  step=0.123s  cpu=6.7% gpu=0.0% vram=1421.0MB temp=72.0C pw=47.98W
2026-09-18 19:38:54,940 | INFO    | main | step 1017    engine=pytorch train=3.8873 blocks=693 val_best=inf
2026-09-18 19:39:05,115 | INFO    | main | step 1043    engine=pytorch train=3.8599 blocks=693 val_best=inf
2026-09-18 19:39:15,163 | INFO    | main | step 1068    engine=pytorch train=3.8344 blocks=693 val_best=inf
2026-09-18 19:39:25,181 | INFO    | main | step 1093    engine=pytorch train=3.8137 blocks=693 val_best=inf
2026-09-18 19:39:28,043 | INFO    | pytorch_trainer | M step=1100   train=3.7809  33278.1 tok/s  step=0.123s  cpu=2.6% gpu=0.0% vram=1421.0MB temp=72.0C pw=47.54W
2026-09-18 19:39:35,271 | INFO    | main | step 1118    engine=pytorch train=3.7945 blocks=693 val_best=inf
2026-09-18 19:39:45,537 | INFO    | main | step 1139    engine=pytorch train=3.7861 blocks=693 val_best=inf
2026-09-18 19:39:55,615 | INFO    | main | step 1164    engine=pytorch train=3.7682 blocks=693 val_best=inf
2026-09-18 19:40:05,774 | INFO    | main | step 1190    engine=pytorch train=3.7436 blocks=693 val_best=inf
2026-09-18 19:40:09,881 | INFO    | pytorch_trainer | M step=1200   train=3.6834  33195.5 tok/s  step=0.123s  cpu=2.3% gpu=0.0% vram=1421.0MB temp=72.0C pw=46.01W
2026-09-18 19:40:15,932 | INFO    | main | step 1216    engine=pytorch train=3.7422 blocks=693 val_best=inf
2026-09-18 19:40:25,985 | INFO    | main | step 1241    engine=pytorch train=3.7208 blocks=693 val_best=inf
2026-09-18 19:40:36,045 | INFO    | main | step 1266    engine=pytorch train=3.6985 blocks=693 val_best=inf
2026-09-18 19:40:46,156 | INFO    | main | step 1292    engine=pytorch train=3.6741 blocks=693 val_best=inf
2026-09-18 19:40:49,534 | INFO    | pytorch_trainer | M step=1300   train=3.4790  33312.5 tok/s  step=0.123s  cpu=4.2% gpu=0.0% vram=1421.0MB temp=72.0C pw=48.59W
2026-09-18 19:40:56,269 | INFO    | main | step 1317    engine=pytorch train=3.6566 blocks=693 val_best=inf
2026-09-18 19:41:07,805 | INFO    | main | step 1341    engine=pytorch train=3.6458 blocks=693 val_best=inf
2026-09-18 19:41:17,918 | INFO    | main | step 1367    engine=pytorch train=3.6253 blocks=693 val_best=inf
2026-09-18 19:41:28,110 | INFO    | main | step 1393    engine=pytorch train=3.6137 blocks=693 val_best=inf
2026-09-18 19:41:30,815 | INFO    | pytorch_trainer | M step=1400   train=3.5332  33284.6 tok/s  step=0.123s  cpu=2.1% gpu=7.0% vram=1421.0MB temp=72.0C pw=47.98W
2026-09-18 19:41:38,290 | INFO    | main | step 1419    engine=pytorch train=3.5951 blocks=693 val_best=inf
2026-09-18 19:41:48,612 | INFO    | main | step 1446    engine=pytorch train=3.5817 blocks=693 val_best=inf
2026-09-18 19:41:58,631 | INFO    | main | step 1471    engine=pytorch train=3.5631 blocks=693 val_best=inf
2026-09-18 19:42:08,774 | INFO    | main | step 1497    engine=pytorch train=3.5619 blocks=693 val_best=inf
2026-09-18 19:42:10,342 | INFO    | pytorch_trainer | M step=1500   train=3.5358  33296.7 tok/s  step=0.123s  cpu=5.7% gpu=0.0% vram=1421.0MB temp=73.0C pw=50.02W
2026-09-18 19:42:19,053 | INFO    | main | step 1522    engine=pytorch train=3.5517 blocks=693 val_best=inf
2026-09-18 19:42:29,332 | INFO    | main | step 1543    engine=pytorch train=3.5428 blocks=693 val_best=inf
2026-09-18 19:42:39,410 | INFO    | main | step 1569    engine=pytorch train=3.5252 blocks=693 val_best=inf
2026-09-18 19:42:49,481 | INFO    | main | step 1595    engine=pytorch train=3.5088 blocks=693 val_best=inf
2026-09-18 19:42:51,385 | INFO    | pytorch_trainer | M step=1600   train=3.6076  33362.2 tok/s  step=0.123s  cpu=3.1% gpu=0.0% vram=1421.0MB temp=72.0C pw=50.42W
2026-09-18 19:42:59,584 | INFO    | main | step 1615    engine=pytorch train=3.5104 blocks=693 val_best=inf
2026-09-18 19:43:09,996 | INFO    | main | step 1641    engine=pytorch train=3.5026 blocks=693 val_best=inf
2026-09-18 19:43:20,308 | INFO    | main | step 1667    engine=pytorch train=3.4841 blocks=693 val_best=inf
2026-09-18 19:43:30,534 | INFO    | main | step 1693    engine=pytorch train=3.4728 blocks=693 val_best=inf
2026-09-18 19:43:33,234 | INFO    | pytorch_trainer | M step=1700   train=3.5412  33358.0 tok/s  step=0.123s  cpu=3.4% gpu=46.0% vram=1421.0MB temp=75.0C pw=48.3W
2026-09-18 19:43:40,650 | INFO    | main | step 1719    engine=pytorch train=3.4504 blocks=693 val_best=inf
2026-09-18 19:43:50,970 | INFO    | main | step 1740    engine=pytorch train=3.4407 blocks=693 val_best=inf
2026-09-18 19:44:01,000 | INFO    | main | step 1765    engine=pytorch train=3.4348 blocks=693 val_best=inf
2026-09-18 19:44:11,108 | INFO    | main | step 1790    engine=pytorch train=3.4373 blocks=693 val_best=inf
2026-09-18 19:44:15,065 | INFO    | pytorch_trainer | M step=1800   train=3.2803  33291.9 tok/s  step=0.123s  cpu=3.0% gpu=0.0% vram=1421.0MB temp=72.0C pw=50.54W
2026-09-18 19:44:21,301 | INFO    | main | step 1816    engine=pytorch train=3.4302 blocks=693 val_best=inf
2026-09-18 19:44:31,648 | INFO    | main | step 1837    engine=pytorch train=3.4161 blocks=693 val_best=inf
2026-09-18 19:44:42,015 | INFO    | main | step 1863    engine=pytorch train=3.4136 blocks=693 val_best=inf
2026-09-18 19:44:52,161 | INFO    | main | step 1888    engine=pytorch train=3.4004 blocks=693 val_best=inf
2026-09-18 19:44:57,092 | INFO    | pytorch_trainer | M step=1900   train=3.4310  33184.5 tok/s  step=0.123s  cpu=4.2% gpu=20.0% vram=1446.0MB temp=72.0C pw=48.31W
2026-09-18 19:45:02,275 | INFO    | main | step 1913    engine=pytorch train=3.3873 blocks=693 val_best=inf
2026-09-18 19:45:12,463 | INFO    | main | step 1938    engine=pytorch train=3.3784 blocks=693 val_best=inf
2026-09-18 19:45:22,529 | INFO    | main | step 1958    engine=pytorch train=3.3766 blocks=693 val_best=inf
2026-09-18 19:45:32,785 | INFO    | main | step 1985    engine=pytorch train=3.3708 blocks=693 val_best=inf
2026-09-18 19:45:39,070 | INFO    | pytorch_trainer | NEW BEST val=3.3826 (step 2000)
2026-09-18 19:45:39,070 | INFO    | pytorch_trainer | VAL loss=3.3826 best=3.3826 staleness=0/8
2026-09-18 19:45:39,358 | INFO    | pytorch_trainer | M step=2000   train=3.3470  32807.5 tok/s  step=0.125s  cpu=8.8% gpu=30.0% vram=1439.0MB temp=73.0C pw=48.45W
2026-09-18 19:45:42,936 | INFO    | main | step 2009    engine=pytorch train=3.3578 blocks=693 val_best=3.3826
2026-09-18 19:45:53,238 | INFO    | main | step 2035    engine=pytorch train=3.3353 blocks=693 val_best=3.3826
2026-09-18 19:46:03,408 | INFO    | main | step 2061    engine=pytorch train=3.3362 blocks=693 val_best=3.3826
2026-09-18 19:46:13,874 | INFO    | main | step 2087    engine=pytorch train=3.3403 blocks=693 val_best=3.3826
2026-09-18 19:46:18,858 | INFO    | pytorch_trainer | M step=2100   train=3.2156  32835.7 tok/s  step=0.125s  cpu=1.4% gpu=0.0% vram=1439.0MB temp=72.0C pw=49.4W
2026-09-18 19:46:25,141 | INFO    | main | step 2111    engine=pytorch train=3.3434 blocks=693 val_best=3.3826
2026-09-18 19:46:35,169 | INFO    | main | step 2137    engine=pytorch train=3.3348 blocks=693 val_best=3.3826
2026-09-18 19:46:38,862 | WARNING | self_learner | PLATEAU detected after 100 stagnant steps (best rolling avg 3.3175) - refreshing knowledge
2026-09-18 19:46:38,863 | INFO    | data_engine | knowledge discovery triggered
2026-09-18 19:46:39,972 | INFO    | data_engine | fetched 4/4 targets
2026-09-18 19:46:39,973 | INFO    | data_engine | collect_from(4 urls): 4 usable chunks
2026-09-18 19:46:40,194 | INFO    | data_engine | discovery round 1 added 0 block(s); buffer now 693
2026-09-18 19:46:45,591 | INFO    | main | step 2160    engine=pytorch train=3.3171 blocks=693 val_best=3.3826
2026-09-18 19:46:55,716 | INFO    | main | step 2185    engine=pytorch train=3.3107 blocks=693 val_best=3.3826
2026-09-18 19:47:01,875 | INFO    | pytorch_trainer | M step=2200   train=3.2635  32689.0 tok/s  step=0.125s  cpu=5.2% gpu=0.0% vram=1441.0MB temp=72.0C pw=51.56W
2026-09-18 19:47:07,124 | INFO    | main | step 2208    engine=pytorch train=3.2951 blocks=693 val_best=3.3826
2026-09-18 19:47:17,228 | INFO    | main | step 2233    engine=pytorch train=3.2831 blocks=693 val_best=3.3826
2026-09-18 19:47:27,457 | INFO    | main | step 2258    engine=pytorch train=3.2738 blocks=693 val_best=3.3826
2026-09-18 19:47:37,874 | INFO    | main | step 2284    engine=pytorch train=3.2651 blocks=693 val_best=3.3826
2026-09-18 19:47:43,991 | INFO    | pytorch_trainer | M step=2300   train=3.0981  32413.1 tok/s  step=0.126s  cpu=2.6% gpu=0.0% vram=1441.0MB temp=72.0C pw=50.49W
2026-09-18 19:47:48,083 | INFO    | main | step 2310    engine=pytorch train=3.2531 blocks=693 val_best=3.3826
2026-09-18 19:47:58,299 | INFO    | main | step 2336    engine=pytorch train=3.2511 blocks=693 val_best=3.3826
2026-09-18 19:48:08,441 | INFO    | main | step 2362    engine=pytorch train=3.2375 blocks=693 val_best=3.3826
2026-09-18 19:48:18,480 | INFO    | main | step 2382    engine=pytorch train=3.2496 blocks=693 val_best=3.3826
2026-09-18 19:48:25,458 | INFO    | pytorch_trainer | M step=2400   train=3.1227  32528.6 tok/s  step=0.126s  cpu=0.9% gpu=0.0% vram=1441.0MB temp=72.0C pw=50.53W
2026-09-18 19:48:28,772 | INFO    | main | step 2408    engine=pytorch train=3.2441 blocks=693 val_best=3.3826
2026-09-18 19:48:39,005 | INFO    | main | step 2429    engine=pytorch train=3.2422 blocks=693 val_best=3.3826
2026-09-18 19:48:50,157 | INFO    | main | step 2452    engine=pytorch train=3.2354 blocks=693 val_best=3.3826
2026-09-18 19:49:00,196 | INFO    | main | step 2477    engine=pytorch train=3.2281 blocks=693 val_best=3.3826
2026-09-18 19:49:09,741 | INFO    | pytorch_trainer | M step=2500   train=3.1567  32528.8 tok/s  step=0.126s  cpu=10.6% gpu=0.0% vram=1441.0MB temp=72.0C pw=49.11W
2026-09-18 19:49:10,556 | INFO    | main | step 2502    engine=pytorch train=3.2314 blocks=693 val_best=3.3826
2026-09-18 19:49:20,670 | INFO    | main | step 2528    engine=pytorch train=3.2229 blocks=693 val_best=3.3826
2026-09-18 19:49:30,690 | INFO    | main | step 2553    engine=pytorch train=3.2063 blocks=693 val_best=3.3826
2026-09-18 19:49:40,848 | INFO    | main | step 2579    engine=pytorch train=3.2020 blocks=693 val_best=3.3826
2026-09-18 19:49:48,907 | INFO    | pytorch_trainer | M step=2600   train=3.2961  32280.4 tok/s  step=0.127s  cpu=3.5% gpu=0.0% vram=1441.0MB temp=72.0C pw=50.11W
2026-09-18 19:49:51,197 | INFO    | main | step 2606    engine=pytorch train=3.2041 blocks=693 val_best=3.3826
2026-09-18 19:50:01,383 | INFO    | main | step 2632    engine=pytorch train=3.1939 blocks=693 val_best=3.3826
2026-09-18 19:50:11,504 | INFO    | main | step 2652    engine=pytorch train=3.1910 blocks=693 val_best=3.3826
2026-09-18 19:50:21,529 | INFO    | main | step 2678    engine=pytorch train=3.1829 blocks=693 val_best=3.3826
2026-09-18 19:50:30,207 | INFO    | pytorch_trainer | M step=2700   train=3.2291  32314.4 tok/s  step=0.127s  cpu=2.5% gpu=79.0% vram=1441.0MB temp=75.0C pw=50.82W
2026-09-18 19:50:31,933 | INFO    | main | step 2704    engine=pytorch train=3.1722 blocks=693 val_best=3.3826
2026-09-18 19:50:43,622 | INFO    | main | step 2729    engine=pytorch train=3.1740 blocks=693 val_best=3.3826
2026-09-18 19:50:53,941 | INFO    | main | step 2755    engine=pytorch train=3.1743 blocks=693 val_best=3.3826
2026-09-18 19:51:04,240 | INFO    | main | step 2782    engine=pytorch train=3.1635 blocks=693 val_best=3.3826
2026-09-18 19:51:11,557 | INFO    | pytorch_trainer | M step=2800   train=3.0478  32479.1 tok/s  step=0.126s  cpu=2.2% gpu=0.0% vram=1441.0MB temp=73.0C pw=50.88W
2026-09-18 19:51:14,278 | INFO    | main | step 2807    engine=pytorch train=3.1540 blocks=693 val_best=3.3826
2026-09-18 19:51:24,593 | INFO    | main | step 2832    engine=pytorch train=3.1440 blocks=693 val_best=3.3826
2026-09-18 19:51:34,904 | INFO    | main | step 2857    engine=pytorch train=3.1374 blocks=693 val_best=3.3826
2026-09-18 19:51:45,307 | INFO    | main | step 2883    engine=pytorch train=3.1365 blocks=693 val_best=3.3826
2026-09-18 19:51:52,307 | INFO    | pytorch_trainer | M step=2900   train=3.0084  32168.1 tok/s  step=0.127s  cpu=3.5% gpu=9.0% vram=1441.0MB temp=75.0C pw=45.93W
2026-09-18 19:51:55,340 | INFO    | main | step 2908    engine=pytorch train=3.1302 blocks=693 val_best=3.3826
2026-09-18 19:52:05,604 | INFO    | main | step 2929    engine=pytorch train=3.1254 blocks=693 val_best=3.3826
2026-09-18 19:52:15,712 | INFO    | main | step 2954    engine=pytorch train=3.1188 blocks=693 val_best=3.3826
2026-09-18 19:52:25,851 | INFO    | main | step 2980    engine=pytorch train=3.1051 blocks=693 val_best=3.3826
2026-09-18 19:52:34,240 | INFO    | pytorch_trainer | M step=3000   train=3.1225  32390.4 tok/s  step=0.127s  cpu=6.1% gpu=0.0% vram=1441.0MB temp=72.0C pw=46.53W
2026-09-18 19:52:36,158 | INFO    | main | step 3005    engine=pytorch train=3.0958 blocks=693 val_best=3.3826
2026-09-18 19:52:47,690 | INFO    | main | step 3029    engine=pytorch train=3.0909 blocks=693 val_best=3.3826
2026-09-18 19:52:57,992 | INFO    | main | step 3055    engine=pytorch train=3.0956 blocks=693 val_best=3.3826
2026-09-18 19:53:08,114 | INFO    | main | step 3081    engine=pytorch train=3.0970 blocks=693 val_best=3.3826
2026-09-18 19:53:12,649 | WARNING | self_learner | PLATEAU detected after 100 stagnant steps (best rolling avg 3.0883) - refreshing knowledge
2026-09-18 19:53:12,649 | INFO    | data_engine | knowledge discovery triggered
2026-09-18 19:53:13,066 | INFO    | data_engine | fetched 4/4 targets
2026-09-18 19:53:13,066 | INFO    | data_engine | collect_from(4 urls): 4 usable chunks
2026-09-18 19:53:13,304 | INFO    | data_engine | discovery round 2 added 0 block(s); buffer now 693
2026-09-18 19:53:16,290 | INFO    | pytorch_trainer | M step=3100   train=3.0751  32579.8 tok/s  step=0.126s  cpu=1.3% gpu=0.0% vram=1441.0MB temp=74.0C pw=46.13W
2026-09-18 19:53:18,208 | INFO    | main | step 3105    engine=pytorch train=3.0904 blocks=693 val_best=3.3826
2026-09-18 19:53:28,489 | INFO    | main | step 3130    engine=pytorch train=3.0839 blocks=693 val_best=3.3826
2026-09-18 19:53:38,576 | INFO    | main | step 3155    engine=pytorch train=3.0799 blocks=693 val_best=3.3826
2026-09-18 19:53:48,604 | INFO    | main | step 3180    engine=pytorch train=3.0697 blocks=693 val_best=3.3826
2026-09-18 19:53:56,590 | INFO    | pytorch_trainer | M step=3200   train=2.8964  32233.3 tok/s  step=0.127s  cpu=1.1% gpu=0.0% vram=1441.0MB temp=72.0C pw=47.33W
2026-09-18 19:53:58,691 | INFO    | main | step 3205    engine=pytorch train=3.0684 blocks=693 val_best=3.3826
2026-09-18 19:54:09,173 | INFO    | main | step 3227    engine=pytorch train=3.0579 blocks=693 val_best=3.3826
2026-09-18 19:54:19,501 | INFO    | main | step 3253    engine=pytorch train=3.0526 blocks=693 val_best=3.3826
2026-09-18 19:54:29,528 | INFO    | main | step 3278    engine=pytorch train=3.0415 blocks=693 val_best=3.3826
2026-09-18 19:54:37,925 | INFO    | pytorch_trainer | M step=3300   train=3.1332  32273.8 tok/s  step=0.127s  cpu=3.5% gpu=0.0% vram=1441.0MB temp=73.0C pw=50.51W
2026-09-18 19:54:39,837 | INFO    | main | step 3305    engine=pytorch train=3.0420 blocks=693 val_best=3.3826
2026-09-18 19:54:50,018 | INFO    | main | step 3331    engine=pytorch train=3.0451 blocks=693 val_best=3.3826
2026-09-18 19:55:00,223 | INFO    | main | step 3357    engine=pytorch train=3.0279 blocks=693 val_best=3.3826
2026-09-18 19:55:10,405 | INFO    | main | step 3378    engine=pytorch train=3.0320 blocks=693 val_best=3.3826
2026-09-18 19:55:19,124 | INFO    | pytorch_trainer | M step=3400   train=3.1150  32593.4 tok/s  step=0.126s  cpu=3.1% gpu=0.0% vram=1441.0MB temp=74.0C pw=50.57W
2026-09-18 19:55:20,660 | INFO    | main | step 3404    engine=pytorch train=3.0242 blocks=693 val_best=3.3826
2026-09-18 19:55:30,763 | INFO    | main | step 3430    engine=pytorch train=3.0213 blocks=693 val_best=3.3826
2026-09-18 19:55:40,838 | INFO    | main | step 3450    engine=pytorch train=3.0207 blocks=693 val_best=3.3826
2026-09-18 19:55:50,904 | INFO    | main | step 3475    engine=pytorch train=3.0237 blocks=693 val_best=3.3826
2026-09-18 19:56:01,539 | INFO    | pytorch_trainer | M step=3500   train=2.8981  32289.6 tok/s  step=0.127s  cpu=11.6% gpu=17.0% vram=1441.0MB temp=71.0C pw=46.67W
2026-09-18 19:56:01,915 | INFO    | main | step 3501    engine=pytorch train=3.0185 blocks=693 val_best=3.3826
2026-09-18 19:56:12,006 | INFO    | main | step 3527    engine=pytorch train=3.0217 blocks=693 val_best=3.3826
2026-09-18 19:56:22,439 | INFO    | main | step 3553    engine=pytorch train=3.0151 blocks=693 val_best=3.3826
2026-09-18 19:56:32,553 | INFO    | main | step 3573    engine=pytorch train=3.0089 blocks=693 val_best=3.3826
2026-09-18 19:56:42,804 | INFO    | main | step 3599    engine=pytorch train=3.0051 blocks=693 val_best=3.3826
2026-09-18 19:56:43,223 | INFO    | pytorch_trainer | M step=3600   train=2.9681  32146.8 tok/s  step=0.127s  cpu=2.2% gpu=96.0% vram=1441.0MB temp=74.0C pw=49.52W
2026-09-18 19:56:53,055 | INFO    | main | step 3625    engine=pytorch train=3.0035 blocks=693 val_best=3.3826
2026-09-18 19:57:03,202 | INFO    | main | step 3651    engine=pytorch train=3.0006 blocks=693 val_best=3.3826
2026-09-18 19:57:14,738 | INFO    | main | step 3675    engine=pytorch train=2.9942 blocks=693 val_best=3.3826
2026-09-18 19:57:24,406 | INFO    | pytorch_trainer | M step=3700   train=3.0062  32604.4 tok/s  step=0.126s  cpu=1.4% gpu=0.0% vram=1441.0MB temp=72.0C pw=50.24W
2026-09-18 19:57:24,779 | INFO    | main | step 3701    engine=pytorch train=2.9877 blocks=693 val_best=3.3826
2026-09-18 19:57:35,051 | INFO    | main | step 3722    engine=pytorch train=2.9929 blocks=693 val_best=3.3826
2026-09-18 19:57:45,461 | INFO    | main | step 3748    engine=pytorch train=2.9812 blocks=693 val_best=3.3826
2026-09-18 19:57:55,555 | INFO    | main | step 3773    engine=pytorch train=2.9776 blocks=693 val_best=3.3826
2026-09-18 19:58:05,643 | INFO    | main | step 3799    engine=pytorch train=2.9811 blocks=693 val_best=3.3826
2026-09-18 19:58:06,072 | INFO    | pytorch_trainer | M step=3800   train=3.0084  32385.2 tok/s  step=0.127s  cpu=0.9% gpu=0.0% vram=1441.0MB temp=73.0C pw=51.06W
2026-09-18 19:58:15,676 | INFO    | main | step 3824    engine=pytorch train=2.9794 blocks=693 val_best=3.3826
2026-09-18 19:58:25,858 | INFO    | main | step 3850    engine=pytorch train=2.9713 blocks=693 val_best=3.3826
2026-09-18 19:58:36,172 | INFO    | main | step 3871    engine=pytorch train=2.9760 blocks=693 val_best=3.3826
2026-09-18 19:58:37,292 | WARNING | self_learner | PLATEAU detected after 100 stagnant steps (best rolling avg 2.9670) - refreshing knowledge
2026-09-18 19:58:37,292 | INFO    | data_engine | knowledge discovery triggered
2026-09-18 19:58:37,975 | INFO    | data_engine | fetched 4/4 targets
2026-09-18 19:58:37,976 | INFO    | data_engine | collect_from(4 urls): 4 usable chunks
2026-09-18 19:58:38,201 | INFO    | data_engine | discovery round 3 added 0 block(s); buffer now 693
2026-09-18 19:58:46,245 | INFO    | main | step 3895    engine=pytorch train=2.9764 blocks=693 val_best=3.3826
2026-09-18 19:58:48,239 | INFO    | pytorch_trainer | M step=3900   train=3.0253  32216.8 tok/s  step=0.127s  cpu=2.2% gpu=75.0% vram=1441.0MB temp=75.0C pw=50.79W
2026-09-18 19:58:56,577 | INFO    | main | step 3922    engine=pytorch train=2.9611 blocks=693 val_best=3.3826
2026-09-18 19:59:08,155 | INFO    | main | step 3947    engine=pytorch train=2.9545 blocks=693 val_best=3.3826
2026-09-18 19:59:18,233 | INFO    | main | step 3973    engine=pytorch train=2.9512 blocks=693 val_best=3.3826
2026-09-18 19:59:28,500 | INFO    | main | step 3994    engine=pytorch train=2.9486 blocks=693 val_best=3.3826
2026-09-18 19:59:31,103 | INFO    | pytorch_trainer | NEW BEST val=3.1257 (step 4000)
2026-09-18 19:59:31,103 | INFO    | pytorch_trainer | VAL loss=3.1257 best=3.1257 staleness=0/8
2026-09-18 19:59:31,407 | INFO    | pytorch_trainer | M step=4000   train=2.9959  32450.4 tok/s  step=0.126s  cpu=7.7% gpu=16.0% vram=1441.0MB temp=73.0C pw=48.76W
2026-09-18 19:59:38,705 | INFO    | main | step 4019    engine=pytorch train=2.9491 blocks=693 val_best=3.1257
2026-09-18 19:59:48,941 | INFO    | main | step 4045    engine=pytorch train=2.9484 blocks=693 val_best=3.1257
2026-09-18 19:59:59,013 | INFO    | main | step 4070    engine=pytorch train=2.9458 blocks=693 val_best=3.1257
2026-09-18 20:00:09,391 | INFO    | main | step 4096    engine=pytorch train=2.9386 blocks=693 val_best=3.1257
2026-09-18 20:00:11,221 | INFO    | pytorch_trainer | M step=4100   train=2.9566  32346.8 tok/s  step=0.127s  cpu=1.8% gpu=38.0% vram=1440.0MB temp=73.0C pw=50.87W
2026-09-18 20:00:19,702 | INFO    | main | step 4121    engine=pytorch train=2.9384 blocks=693 val_best=3.1257
2026-09-18 20:00:31,255 | INFO    | main | step 4145    engine=pytorch train=2.9360 blocks=693 val_best=3.1257
2026-09-18 20:00:41,581 | INFO    | main | step 4171    engine=pytorch train=2.9243 blocks=693 val_best=3.1257
2026-09-18 20:00:51,750 | INFO    | main | step 4197    engine=pytorch train=2.9324 blocks=693 val_best=3.1257
2026-09-18 20:00:52,922 | INFO    | pytorch_trainer | M step=4200   train=2.9541  32217.2 tok/s  step=0.127s  cpu=2.9% gpu=0.0% vram=1440.0MB temp=72.0C pw=50.08W
2026-09-18 20:01:02,006 | INFO    | main | step 4223    engine=pytorch train=2.9255 blocks=693 val_best=3.1257
2026-09-18 20:01:12,033 | INFO    | main | step 4248    engine=pytorch train=2.9170 blocks=693 val_best=3.1257
2026-09-18 20:01:22,163 | INFO    | main | step 4273    engine=pytorch train=2.9148 blocks=693 val_best=3.1257
2026-09-18 20:01:32,438 | INFO    | pytorch_trainer | M step=4300   train=2.7927  32492.9 tok/s  step=0.126s  cpu=3.1% gpu=0.0% vram=1440.0MB temp=72.0C pw=50.26W
2026-09-18 20:01:32,855 | INFO    | main | step 4301    engine=pytorch train=2.9191 blocks=693 val_best=3.1257
2026-09-18 20:01:43,069 | INFO    | main | step 4322    engine=pytorch train=2.9171 blocks=693 val_best=3.1257
2026-09-18 20:01:53,217 | INFO    | main | step 4348    engine=pytorch train=2.9105 blocks=693 val_best=3.1257
2026-09-18 20:02:03,560 | INFO    | main | step 4369    engine=pytorch train=2.9118 blocks=693 val_best=3.1257
2026-09-18 20:02:13,821 | INFO    | main | step 4395    engine=pytorch train=2.9045 blocks=693 val_best=3.1257
2026-09-18 20:02:16,038 | INFO    | pytorch_trainer | M step=4400   train=2.8330  32356.5 tok/s  step=0.127s  cpu=2.6% gpu=0.0% vram=1440.0MB temp=72.0C pw=47.0W
2026-09-18 20:02:23,859 | INFO    | main | step 4420    engine=pytorch train=2.8999 blocks=693 val_best=3.1257
2026-09-18 20:02:33,977 | INFO    | main | step 4446    engine=pytorch train=2.8852 blocks=693 val_best=3.1257
2026-09-18 20:02:44,044 | INFO    | main | step 4472    engine=pytorch train=2.8840 blocks=693 val_best=3.1257
2026-09-18 20:02:54,360 | INFO    | main | step 4498    engine=pytorch train=2.8896 blocks=693 val_best=3.1257
2026-09-18 20:02:55,406 | INFO    | pytorch_trainer | M step=4500   train=2.8507  32271.3 tok/s  step=0.127s  cpu=6.0% gpu=0.0% vram=1440.0MB temp=73.0C pw=51.02W
2026-09-18 20:03:04,409 | INFO    | main | step 4523    engine=pytorch train=2.8957 blocks=693 val_best=3.1257
2026-09-18 20:03:14,701 | INFO    | main | step 4544    engine=pytorch train=2.9069 blocks=693 val_best=3.1257
2026-09-18 20:03:24,887 | INFO    | main | step 4570    engine=pytorch train=2.8913 blocks=693 val_best=3.1257
2026-09-18 20:03:35,181 | INFO    | main | step 4597    engine=pytorch train=2.8965 blocks=693 val_best=3.1257
2026-09-18 20:03:36,405 | INFO    | pytorch_trainer | M step=4600   train=2.9738  32468.9 tok/s  step=0.126s  cpu=2.2% gpu=31.0% vram=1440.0MB temp=72.0C pw=49.52W
2026-09-18 20:03:37,542 | WARNING | self_learner | PLATEAU detected after 158 stagnant steps (best rolling avg 2.8781) - refreshing knowledge
2026-09-18 20:03:37,542 | INFO    | data_engine | knowledge discovery triggered
2026-09-18 20:03:40,025 | INFO    | data_engine | fetched 4/4 targets
2026-09-18 20:03:40,025 | INFO    | data_engine | collect_from(4 urls): 4 usable chunks
2026-09-18 20:03:40,246 | INFO    | data_engine | discovery round 4 added 0 block(s); buffer now 693
2026-09-18 20:03:45,504 | INFO    | main | step 4616    engine=pytorch train=2.8895 blocks=693 val_best=3.1257
2026-09-18 20:03:55,903 | INFO    | main | step 4643    engine=pytorch train=2.8891 blocks=693 val_best=3.1257
2026-09-18 20:04:06,213 | INFO    | main | step 4670    engine=pytorch train=2.8926 blocks=693 val_best=3.1257
2026-09-18 20:04:16,422 | INFO    | main | step 4696    engine=pytorch train=2.8894 blocks=693 val_best=3.1257
2026-09-18 20:04:18,004 | INFO    | pytorch_trainer | M step=4700   train=2.7670  32494.6 tok/s  step=0.126s  cpu=5.2% gpu=0.0% vram=1440.0MB temp=72.0C pw=51.04W
2026-09-18 20:04:26,569 | INFO    | main | step 4716    engine=pytorch train=2.8808 blocks=693 val_best=3.1257
2026-09-18 20:04:36,902 | INFO    | main | step 4741    engine=pytorch train=2.8693 blocks=693 val_best=3.1257
2026-09-18 20:04:47,887 | INFO    | main | step 4763    engine=pytorch train=2.8614 blocks=693 val_best=3.1257
2026-09-18 20:04:58,250 | INFO    | main | step 4789    engine=pytorch train=2.8655 blocks=693 val_best=3.1257
2026-09-18 20:05:02,604 | INFO    | pytorch_trainer | M step=4800   train=2.8283  31969.2 tok/s  step=0.128s  cpu=4.8% gpu=0.0% vram=1440.0MB temp=72.0C pw=50.22W
2026-09-18 20:05:08,405 | INFO    | main | step 4809    engine=pytorch train=2.8613 blocks=693 val_best=3.1257
2026-09-18 20:05:18,581 | INFO    | main | step 4835    engine=pytorch train=2.8677 blocks=693 val_best=3.1257
2026-09-18 20:05:28,648 | INFO    | main | step 4860    engine=pytorch train=2.8669 blocks=693 val_best=3.1257
2026-09-18 20:05:38,909 | INFO    | main | step 4886    engine=pytorch train=2.8494 blocks=693 val_best=3.1257
2026-09-18 20:05:44,521 | INFO    | pytorch_trainer | M step=4900   train=2.8430  32224.6 tok/s  step=0.127s  cpu=4.6% gpu=23.0% vram=1440.0MB temp=72.0C pw=50.5W
2026-09-18 20:05:49,086 | INFO    | main | step 4912    engine=pytorch train=2.8465 blocks=693 val_best=3.1257
2026-09-18 20:05:59,471 | INFO    | main | step 4938    engine=pytorch train=2.8460 blocks=693 val_best=3.1257
2026-09-18 20:06:09,722 | INFO    | main | step 4964    engine=pytorch train=2.8529 blocks=693 val_best=3.1257
2026-09-18 20:06:19,728 | INFO    | main | step 4989    engine=pytorch train=2.8570 blocks=693 val_best=3.1257
2026-09-18 20:06:24,187 | INFO    | pytorch_trainer | M step=5000   train=2.7738  32525.3 tok/s  step=0.126s  cpu=7.6% gpu=18.0% vram=1440.0MB temp=72.0C pw=46.45W
2026-09-18 20:06:29,961 | INFO    | main | step 5015    engine=pytorch train=2.8415 blocks=693 val_best=3.1257
2026-09-18 20:06:40,236 | INFO    | main | step 5040    engine=pytorch train=2.8341 blocks=693 val_best=3.1257
2026-09-18 20:06:50,407 | INFO    | main | step 5065    engine=pytorch train=2.8272 blocks=693 val_best=3.1257
2026-09-18 20:07:00,557 | INFO    | main | step 5091    engine=pytorch train=2.8215 blocks=693 val_best=3.1257
2026-09-18 20:07:04,088 | INFO    | pytorch_trainer | M step=5100   train=2.8404  32199.8 tok/s  step=0.127s  cpu=1.3% gpu=0.0% vram=1440.0MB temp=72.0C pw=49.47W
2026-09-18 20:07:10,809 | INFO    | main | step 5117    engine=pytorch train=2.8313 blocks=693 val_best=3.1257
2026-09-18 20:07:21,112 | INFO    | main | step 5138    engine=pytorch train=2.8235 blocks=693 val_best=3.1257
2026-09-18 20:07:31,409 | INFO    | main | step 5165    engine=pytorch train=2.8240 blocks=693 val_best=3.1257
2026-09-18 20:07:41,770 | INFO    | main | step 5186    engine=pytorch train=2.8204 blocks=693 val_best=3.1257
2026-09-18 20:07:47,270 | INFO    | pytorch_trainer | M step=5200   train=2.8048  32189.0 tok/s  step=0.127s  cpu=5.2% gpu=89.0% vram=1440.0MB temp=75.0C pw=51.13W
2026-09-18 20:07:53,187 | INFO    | main | step 5210    engine=pytorch train=2.8235 blocks=693 val_best=3.1257
2026-09-18 20:08:03,283 | INFO    | main | step 5236    engine=pytorch train=2.8233 blocks=693 val_best=3.1257
2026-09-18 20:08:13,285 | INFO    | main | step 5261    engine=pytorch train=2.8166 blocks=693 val_best=3.1257
2026-09-18 20:08:23,309 | INFO    | main | step 5287    engine=pytorch train=2.8078 blocks=693 val_best=3.1257
2026-09-18 20:08:28,436 | INFO    | pytorch_trainer | M step=5300   train=2.8433  32679.2 tok/s  step=0.125s  cpu=2.3% gpu=0.0% vram=1440.0MB temp=72.0C pw=50.56W
2026-09-18 20:08:35,403 | INFO    | main | step 5312    engine=pytorch train=2.8082 blocks=693 val_best=3.1257
2026-09-18 20:08:45,754 | INFO    | main | step 5338    engine=pytorch train=2.8133 blocks=693 val_best=3.1257
2026-09-18 20:08:56,069 | INFO    | main | step 5363    engine=pytorch train=2.7964 blocks=693 val_best=3.1257
2026-09-18 20:09:06,418 | INFO    | main | step 5389    engine=pytorch train=2.7997 blocks=693 val_best=3.1257
2026-09-18 20:09:11,070 | INFO    | pytorch_trainer | M step=5400   train=2.7455  32264.8 tok/s  step=0.127s  cpu=6.5% gpu=0.0% vram=1440.0MB temp=72.0C pw=49.74W
2026-09-18 20:09:16,626 | INFO    | main | step 5414    engine=pytorch train=2.8004 blocks=693 val_best=3.1257
2026-09-18 20:09:26,800 | INFO    | main | step 5440    engine=pytorch train=2.8009 blocks=693 val_best=3.1257
2026-09-18 20:09:36,845 | INFO    | main | step 5465    engine=pytorch train=2.7962 blocks=693 val_best=3.1257
2026-09-18 20:09:39,127 | WARNING | self_learner | PLATEAU detected after 100 stagnant steps (best rolling avg 2.7895) - refreshing knowledge
2026-09-18 20:09:39,127 | INFO    | data_engine | knowledge discovery triggered
2026-09-18 20:09:46,294 | INFO    | data_engine | fetched 4/4 targets
2026-09-18 20:09:46,624 | INFO    | data_engine | collect_from(4 urls): 333 usable chunks
2026-09-18 20:09:46,850 | INFO    | data_engine | discovery round 5 added 0 block(s); buffer now 693
2026-09-18 20:09:46,851 | INFO    | main | step 5471    engine=pytorch train=2.7875 blocks=693 val_best=3.1257
2026-09-18 20:09:57,058 | INFO    | main | step 5497    engine=pytorch train=2.8010 blocks=693 val_best=3.1257
2026-09-18 20:09:58,487 | INFO    | pytorch_trainer | M step=5500   train=2.7467  32093.2 tok/s  step=0.128s  cpu=5.9% gpu=82.0% vram=1445.0MB temp=72.0C pw=50.54W
2026-09-18 20:10:07,207 | INFO    | main | step 5523    engine=pytorch train=2.8032 blocks=693 val_best=3.1257
2026-09-18 20:10:17,360 | INFO    | main | step 5549    engine=pytorch train=2.7959 blocks=693 val_best=3.1257
2026-09-18 20:10:27,504 | INFO    | main | step 5575    engine=pytorch train=2.7907 blocks=693 val_best=3.1257
2026-09-18 20:10:37,153 | INFO    | pytorch_trainer | M step=5600   train=2.7484  32594.6 tok/s  step=0.126s  cpu=2.3% gpu=0.0% vram=1445.0MB temp=72.0C pw=47.72W
2026-09-18 20:10:37,576 | INFO    | main | step 5601    engine=pytorch train=2.7815 blocks=693 val_best=3.1257
2026-09-18 20:10:47,737 | INFO    | main | step 5627    engine=pytorch train=2.7779 blocks=693 val_best=3.1257
2026-09-18 20:10:59,236 | INFO    | main | step 5651    engine=pytorch train=2.7810 blocks=693 val_best=3.1257
2026-09-18 20:11:09,534 | INFO    | main | step 5677    engine=pytorch train=2.7876 blocks=693 val_best=3.1257
2026-09-18 20:11:20,236 | INFO    | main | step 5699    engine=pytorch train=2.7686 blocks=693 val_best=3.1257
2026-09-18 20:11:20,803 | INFO    | pytorch_trainer | M step=5700   train=2.7908  32206.3 tok/s  step=0.127s  cpu=3.1% gpu=96.0% vram=1445.0MB temp=69.0C pw=28.53W
2026-09-18 20:11:30,516 | INFO    | main | step 5725    engine=pytorch train=2.7636 blocks=693 val_best=3.1257
2026-09-18 20:11:40,786 | INFO    | main | step 5751    engine=pytorch train=2.7791 blocks=693 val_best=3.1257
2026-09-18 20:11:50,910 | INFO    | main | step 5777    engine=pytorch train=2.7670 blocks=693 val_best=3.1257
2026-09-18 20:11:59,719 | INFO    | pytorch_trainer | M step=5800   train=2.6848  32246.1 tok/s  step=0.127s  cpu=4.9% gpu=21.0% vram=1445.0MB temp=74.0C pw=47.78W
2026-09-18 20:12:01,260 | INFO    | main | step 5804    engine=pytorch train=2.7586 blocks=693 val_best=3.1257
2026-09-18 20:12:11,378 | INFO    | main | step 5830    engine=pytorch train=2.7681 blocks=693 val_best=3.1257
2026-09-18 20:12:21,437 | INFO    | main | step 5855    engine=pytorch train=2.7501 blocks=693 val_best=3.1257
2026-09-18 20:12:31,674 | INFO    | main | step 5882    engine=pytorch train=2.7485 blocks=693 val_best=3.1257
2026-09-18 20:12:38,803 | INFO    | pytorch_trainer | M step=5900   train=2.7941  32805.1 tok/s  step=0.125s  cpu=2.2% gpu=97.0% vram=1445.0MB temp=76.0C pw=50.31W
2026-09-18 20:12:41,831 | INFO    | main | step 5908    engine=pytorch train=2.7530 blocks=693 val_best=3.1257
2026-09-18 20:12:52,156 | INFO    | main | step 5934    engine=pytorch train=2.7612 blocks=693 val_best=3.1257
2026-09-18 20:13:02,322 | INFO    | main | step 5959    engine=pytorch train=2.7601 blocks=693 val_best=3.1257
2026-09-18 20:13:12,489 | INFO    | main | step 5984    engine=pytorch train=2.7606 blocks=693 val_best=3.1257
2026-09-18 20:13:19,327 | INFO    | pytorch_trainer | NEW BEST val=3.0688 (step 6000)
2026-09-18 20:13:19,328 | INFO    | pytorch_trainer | VAL loss=3.0688 best=3.0688 staleness=0/8
2026-09-18 20:13:19,637 | INFO    | pytorch_trainer | M step=6000   train=2.6961  32654.1 tok/s  step=0.125s  cpu=8.0% gpu=17.0% vram=1445.0MB temp=72.0C pw=44.73W
2026-09-18 20:13:19,911 | INFO    | main | pipeline finished cleanly at step 6000 (step budget reached)
