2026-09-15 16:04:24,059 | INFO    | main | ================================================================
2026-09-15 16:04:24,059 | INFO    | main | self-learning pipeline (steps=6000, model=6L/512E, vocab=4096)
2026-09-15 16:04:24,060 | INFO    | main | ================================================================
2026-09-15 16:04:24,276 | INFO    | data_engine | buffer has 687 valid block(s); skipping seed
2026-09-15 16:04:24,276 | INFO    | main | engine: Standard PyTorch AMP (forced)
2026-09-15 16:04:24,280 | INFO    | data_engine | corpus mmap already present (corpus_f7eb467c1d7b157a.npy)
2026-09-15 16:04:36,387 | INFO    | main | step 22      engine=pytorch train=7.8347 blocks=687 val_best=inf
2026-09-15 16:04:46,651 | INFO    | main | step 49      engine=pytorch train=7.0767 blocks=687 val_best=inf
2026-09-15 16:04:56,923 | INFO    | main | step 76      engine=pytorch train=6.6274 blocks=687 val_best=inf
2026-09-15 16:05:06,084 | INFO    | pytorch_trainer | M step=100    train=5.9500  29001.2 tok/s  step=0.141s  cpu=2.2% gpu=0.0% vram=1342.0MB temp=71.0C pw=50.04W
2026-09-15 16:05:07,266 | INFO    | main | step 103     engine=pytorch train=6.3593 blocks=687 val_best=inf
2026-09-15 16:05:17,498 | INFO    | main | step 130     engine=pytorch train=6.2104 blocks=687 val_best=inf
2026-09-15 16:05:27,766 | INFO    | main | step 157     engine=pytorch train=6.1183 blocks=687 val_best=inf
2026-09-15 16:05:37,855 | INFO    | main | step 183     engine=pytorch train=6.1441 blocks=687 val_best=inf
2026-09-15 16:05:44,365 | INFO    | pytorch_trainer | M step=200    train=5.9554  31149.1 tok/s  step=0.132s  cpu=2.6% gpu=64.0% vram=1340.0MB temp=72.0C pw=48.74W
2026-09-15 16:05:48,171 | INFO    | main | step 210     engine=pytorch train=6.0778 blocks=687 val_best=inf
2026-09-15 16:05:58,443 | INFO    | main | step 237     engine=pytorch train=6.0410 blocks=687 val_best=inf
2026-09-15 16:06:08,649 | INFO    | main | step 263     engine=pytorch train=6.0242 blocks=687 val_best=inf
2026-09-15 16:06:12,650 | WARNING | self_learner | PLATEAU detected after 100 stagnant steps (best rolling avg 5.9878) - refreshing knowledge
2026-09-15 16:06:12,650 | INFO    | data_engine | knowledge discovery triggered
2026-09-15 16:06:15,591 | INFO    | data_engine | fetched 4/4 targets
2026-09-15 16:06:15,592 | INFO    | data_engine | collect_from(4 urls): 4 usable chunks
2026-09-15 16:06:15,812 | INFO    | data_engine | discovery round 113 added 0 block(s); buffer now 687
2026-09-15 16:06:18,682 | INFO    | main | step 280     engine=pytorch train=6.0120 blocks=687 val_best=inf
2026-09-15 16:06:26,282 | INFO    | pytorch_trainer | M step=300    train=5.9732  31718.9 tok/s  step=0.129s  cpu=1.8% gpu=96.0% vram=1337.0MB temp=74.0C pw=50.2W
2026-09-15 16:06:28,932 | INFO    | main | step 307     engine=pytorch train=6.0026 blocks=687 val_best=inf
2026-09-15 16:06:39,037 | INFO    | main | step 333     engine=pytorch train=5.9974 blocks=687 val_best=inf
2026-09-15 16:06:49,275 | INFO    | main | step 360     engine=pytorch train=5.9968 blocks=687 val_best=inf
2026-09-15 16:06:59,395 | INFO    | main | step 386     engine=pytorch train=6.0000 blocks=687 val_best=inf
2026-09-15 16:07:04,732 | INFO    | pytorch_trainer | M step=400    train=5.9862  32168.8 tok/s  step=0.127s  cpu=0.9% gpu=63.0% vram=1363.0MB temp=75.0C pw=50.6W
2026-09-15 16:07:09,660 | INFO    | main | step 413     engine=pytorch train=5.9919 blocks=687 val_best=inf
2026-09-15 16:07:19,783 | INFO    | main | step 439     engine=pytorch train=5.9876 blocks=687 val_best=inf
2026-09-15 16:07:30,049 | INFO    | main | step 466     engine=pytorch train=5.9896 blocks=687 val_best=inf
2026-09-15 16:07:40,416 | INFO    | main | step 492     engine=pytorch train=5.9843 blocks=687 val_best=inf
2026-09-15 16:07:45,982 | INFO    | pytorch_trainer | M step=500    train=5.9851  32368.9 tok/s  step=0.127s  cpu=6.4% gpu=76.0% vram=1363.0MB temp=69.0C pw=30.1W
2026-09-15 16:07:50,570 | INFO    | main | step 512     engine=pytorch train=5.9882 blocks=687 val_best=inf
2026-09-15 16:08:00,754 | INFO    | main | step 532     engine=pytorch train=5.9861 blocks=687 val_best=inf
2026-09-15 16:08:11,029 | INFO    | main | step 559     engine=pytorch train=5.9849 blocks=687 val_best=inf
2026-09-15 16:08:21,064 | INFO    | main | step 584     engine=pytorch train=5.9881 blocks=687 val_best=inf
2026-09-15 16:08:27,165 | INFO    | pytorch_trainer | M step=600    train=5.9034  33216.0 tok/s  step=0.123s  cpu=1.8% gpu=22.0% vram=1361.0MB temp=72.0C pw=50.79W
2026-09-15 16:08:31,382 | INFO    | main | step 611     engine=pytorch train=5.9842 blocks=687 val_best=inf
2026-09-15 16:08:41,748 | INFO    | main | step 637     engine=pytorch train=5.9859 blocks=687 val_best=inf
2026-09-15 16:08:52,082 | INFO    | main | step 663     engine=pytorch train=5.9899 blocks=687 val_best=inf
2026-09-15 16:09:02,500 | INFO    | main | step 690     engine=pytorch train=5.9846 blocks=687 val_best=inf
2026-09-15 16:09:06,383 | INFO    | pytorch_trainer | M step=700    train=5.9750  33224.1 tok/s  step=0.123s  cpu=2.3% gpu=0.0% vram=1361.0MB temp=72.0C pw=50.13W
2026-09-15 16:09:12,714 | INFO    | main | step 716     engine=pytorch train=5.9845 blocks=687 val_best=inf
2026-09-15 16:09:23,082 | INFO    | main | step 742     engine=pytorch train=5.9843 blocks=687 val_best=inf
2026-09-15 16:09:33,106 | INFO    | main | step 767     engine=pytorch train=5.9838 blocks=687 val_best=inf
2026-09-15 16:09:43,188 | INFO    | main | step 793     engine=pytorch train=5.9853 blocks=687 val_best=inf
2026-09-15 16:09:45,865 | INFO    | pytorch_trainer | M step=800    train=5.9906  33367.6 tok/s  step=0.123s  cpu=0.9% gpu=72.0% vram=1361.0MB temp=72.0C pw=49.9W
2026-09-15 16:09:53,343 | INFO    | main | step 819     engine=pytorch train=5.9856 blocks=687 val_best=inf
2026-09-15 16:10:03,709 | INFO    | main | step 845     engine=pytorch train=5.9862 blocks=687 val_best=inf
2026-09-15 16:10:13,912 | INFO    | main | step 872     engine=pytorch train=5.9832 blocks=687 val_best=inf
2026-09-15 16:10:23,920 | INFO    | main | step 897     engine=pytorch train=5.9811 blocks=687 val_best=inf
2026-09-15 16:10:25,114 | INFO    | pytorch_trainer | M step=900    train=5.9160  33380.7 tok/s  step=0.123s  cpu=1.3% gpu=0.0% vram=1361.0MB temp=72.0C pw=51.08W
2026-09-15 16:10:34,303 | INFO    | main | step 924     engine=pytorch train=5.9877 blocks=687 val_best=inf
2026-09-15 16:10:44,638 | INFO    | main | step 950     engine=pytorch train=5.9852 blocks=687 val_best=inf
2026-09-15 16:10:54,782 | INFO    | main | step 976     engine=pytorch train=5.9860 blocks=687 val_best=inf
2026-09-15 16:11:04,917 | INFO    | pytorch_trainer | M step=1000   train=5.9760  33392.7 tok/s  step=0.123s  cpu=8.1% gpu=0.0% vram=1376.0MB temp=72.0C pw=48.97W
2026-09-15 16:11:05,380 | INFO    | main | step 1001    engine=pytorch train=5.9852 blocks=687 val_best=inf
2026-09-15 16:11:12,831 | WARNING | self_learner | PLATEAU detected after 595 stagnant steps (best rolling avg 5.9837) - refreshing knowledge
2026-09-15 16:11:12,831 | INFO    | data_engine | knowledge discovery triggered
2026-09-15 16:11:33,835 | INFO    | data_engine | fetched 4/4 targets
2026-09-15 16:11:34,133 | INFO    | data_engine | collect_from(4 urls): 318 usable chunks
2026-09-15 16:11:34,350 | INFO    | data_engine | discovery round 114 added 0 block(s); buffer now 687
2026-09-15 16:11:34,350 | INFO    | main | step 1020    engine=pytorch train=5.9834 blocks=687 val_best=inf
2026-09-15 16:11:44,570 | INFO    | main | step 1046    engine=pytorch train=5.9898 blocks=687 val_best=inf
2026-09-15 16:11:54,770 | INFO    | main | step 1073    engine=pytorch train=5.9886 blocks=687 val_best=inf
2026-09-15 16:12:05,048 | INFO    | pytorch_trainer | M step=1100   train=5.9646  33395.9 tok/s  step=0.123s  cpu=1.8% gpu=0.0% vram=1367.0MB temp=69.0C pw=50.16W
2026-09-15 16:12:05,420 | INFO    | main | step 1101    engine=pytorch train=5.9881 blocks=687 val_best=inf
2026-09-15 16:12:15,625 | INFO    | main | step 1128    engine=pytorch train=5.9899 blocks=687 val_best=inf
2026-09-15 16:12:25,929 | INFO    | main | step 1155    engine=pytorch train=5.9860 blocks=687 val_best=inf
2026-09-15 16:12:36,218 | INFO    | main | step 1182    engine=pytorch train=5.9823 blocks=687 val_best=inf
2026-09-15 16:12:43,081 | INFO    | pytorch_trainer | M step=1200   train=5.9728  33334.3 tok/s  step=0.123s  cpu=1.3% gpu=0.0% vram=1376.0MB temp=71.0C pw=50.34W
2026-09-15 16:12:46,568 | INFO    | main | step 1209    engine=pytorch train=5.9821 blocks=687 val_best=inf
2026-09-15 16:12:56,765 | INFO    | main | step 1236    engine=pytorch train=5.9782 blocks=687 val_best=inf
2026-09-15 16:13:06,891 | INFO    | main | step 1262    engine=pytorch train=5.9794 blocks=687 val_best=inf
2026-09-15 16:13:17,142 | INFO    | main | step 1289    engine=pytorch train=5.9800 blocks=687 val_best=inf
2026-09-15 16:13:21,648 | INFO    | pytorch_trainer | M step=1300   train=5.9914  33318.1 tok/s  step=0.123s  cpu=4.2% gpu=0.0% vram=1363.0MB temp=71.0C pw=48.14W
2026-09-15 16:13:27,332 | INFO    | main | step 1315    engine=pytorch train=5.9846 blocks=687 val_best=inf
2026-09-15 16:13:37,580 | INFO    | main | step 1342    engine=pytorch train=5.9861 blocks=687 val_best=inf
2026-09-15 16:13:47,982 | INFO    | main | step 1369    engine=pytorch train=5.9831 blocks=687 val_best=inf
2026-09-15 16:13:58,291 | INFO    | main | step 1396    engine=pytorch train=5.9834 blocks=687 val_best=inf
2026-09-15 16:13:59,900 | INFO    | pytorch_trainer | M step=1400   train=5.9589  33314.7 tok/s  step=0.123s  cpu=2.4% gpu=87.0% vram=1363.0MB temp=75.0C pw=50.65W
2026-09-15 16:14:08,343 | INFO    | main | step 1421    engine=pytorch train=5.9733 blocks=687 val_best=inf
2026-09-15 16:14:18,552 | INFO    | main | step 1448    engine=pytorch train=5.9196 blocks=687 val_best=inf
2026-09-15 16:14:28,675 | INFO    | main | step 1474    engine=pytorch train=5.8086 blocks=687 val_best=inf
2026-09-15 16:14:39,157 | INFO    | pytorch_trainer | M step=1500   train=5.3937  33390.8 tok/s  step=0.123s  cpu=6.6% gpu=18.0% vram=1363.0MB temp=72.0C pw=46.78W
2026-09-15 16:14:39,581 | INFO    | main | step 1501    engine=pytorch train=5.6611 blocks=687 val_best=inf
2026-09-15 16:14:49,764 | INFO    | main | step 1521    engine=pytorch train=5.5464 blocks=687 val_best=inf
2026-09-15 16:15:00,010 | INFO    | main | step 1548    engine=pytorch train=5.4172 blocks=687 val_best=inf
2026-09-15 16:15:10,158 | INFO    | main | step 1574    engine=pytorch train=5.3244 blocks=687 val_best=inf
2026-09-15 16:15:20,047 | INFO    | pytorch_trainer | M step=1600   train=5.1332  33453.4 tok/s  step=0.122s  cpu=1.4% gpu=0.0% vram=1363.0MB temp=73.0C pw=50.6W
2026-09-15 16:15:20,420 | INFO    | main | step 1601    engine=pytorch train=5.2450 blocks=687 val_best=inf
2026-09-15 16:15:30,426 | INFO    | main | step 1626    engine=pytorch train=5.2029 blocks=687 val_best=inf
2026-09-15 16:15:40,655 | INFO    | main | step 1653    engine=pytorch train=5.1422 blocks=687 val_best=inf
2026-09-15 16:15:51,012 | INFO    | main | step 1679    engine=pytorch train=5.1004 blocks=687 val_best=inf
2026-09-15 16:15:58,997 | INFO    | pytorch_trainer | M step=1700   train=5.0499  33507.6 tok/s  step=0.122s  cpu=3.7% gpu=0.0% vram=1363.0MB temp=73.0C pw=50.47W
2026-09-15 16:16:01,044 | INFO    | main | step 1705    engine=pytorch train=5.0661 blocks=687 val_best=inf
2026-09-15 16:16:11,064 | INFO    | main | step 1725    engine=pytorch train=5.0538 blocks=687 val_best=inf
2026-09-15 16:16:21,285 | INFO    | main | step 1750    engine=pytorch train=5.0234 blocks=687 val_best=inf
2026-09-15 16:16:31,416 | INFO    | main | step 1776    engine=pytorch train=4.9912 blocks=687 val_best=inf
2026-09-15 16:16:40,797 | INFO    | pytorch_trainer | M step=1800   train=5.0081  33405.8 tok/s  step=0.123s  cpu=1.4% gpu=97.0% vram=1363.0MB temp=74.0C pw=50.17W
2026-09-15 16:16:41,585 | INFO    | main | step 1802    engine=pytorch train=4.9714 blocks=687 val_best=inf
2026-09-15 16:16:51,603 | INFO    | main | step 1827    engine=pytorch train=4.9513 blocks=687 val_best=inf
2026-09-15 16:17:01,995 | INFO    | main | step 1853    engine=pytorch train=4.9362 blocks=687 val_best=inf
2026-09-15 16:17:12,200 | INFO    | main | step 1880    engine=pytorch train=4.9188 blocks=687 val_best=inf
2026-09-15 16:17:22,347 | INFO    | pytorch_trainer | M step=1900   train=4.8745  33293.9 tok/s  step=0.123s  cpu=1.8% gpu=99.0% vram=1363.0MB temp=70.0C pw=28.61W
2026-09-15 16:17:22,739 | INFO    | main | step 1901    engine=pytorch train=4.9080 blocks=687 val_best=inf
2026-09-15 16:17:32,940 | INFO    | main | step 1928    engine=pytorch train=4.8641 blocks=687 val_best=inf
2026-09-15 16:17:43,307 | INFO    | main | step 1954    engine=pytorch train=4.8384 blocks=687 val_best=inf
2026-09-15 16:17:53,431 | INFO    | main | step 1980    engine=pytorch train=4.8236 blocks=687 val_best=inf
2026-09-15 16:18:01,301 | INFO    | pytorch_trainer | NEW BEST val=4.6909 (step 2000)
2026-09-15 16:18:01,301 | INFO    | pytorch_trainer | VAL loss=4.6909 best=4.6909 staleness=0/8
2026-09-15 16:18:01,597 | INFO    | pytorch_trainer | M step=2000   train=4.7027  33288.3 tok/s  step=0.123s  cpu=8.6% gpu=18.0% vram=1363.0MB temp=71.0C pw=44.9W
2026-09-15 16:18:03,505 | INFO    | main | step 2005    engine=pytorch train=4.7816 blocks=687 val_best=4.6909
2026-09-15 16:18:13,629 | INFO    | main | step 2031    engine=pytorch train=4.7355 blocks=687 val_best=4.6909
2026-09-15 16:18:23,891 | INFO    | main | step 2052    engine=pytorch train=4.7080 blocks=687 val_best=4.6909
2026-09-15 16:18:34,013 | INFO    | main | step 2078    engine=pytorch train=4.6502 blocks=687 val_best=4.6909
2026-09-15 16:18:42,663 | INFO    | pytorch_trainer | M step=2100   train=4.4773  33282.3 tok/s  step=0.123s  cpu=3.2% gpu=0.0% vram=1363.0MB temp=72.0C pw=49.95W
2026-09-15 16:18:44,186 | INFO    | main | step 2104    engine=pytorch train=4.6009 blocks=687 val_best=4.6909
2026-09-15 16:18:54,386 | INFO    | main | step 2131    engine=pytorch train=4.5607 blocks=687 val_best=4.6909
2026-09-15 16:19:04,398 | INFO    | main | step 2156    engine=pytorch train=4.5232 blocks=687 val_best=4.6909
2026-09-15 16:19:14,638 | INFO    | main | step 2182    engine=pytorch train=4.4759 blocks=687 val_best=4.6909
2026-09-15 16:19:21,663 | INFO    | pytorch_trainer | M step=2200   train=4.3391  33279.4 tok/s  step=0.123s  cpu=2.2% gpu=0.0% vram=1363.0MB temp=72.0C pw=48.89W
2026-09-15 16:19:24,691 | INFO    | main | step 2208    engine=pytorch train=4.4371 blocks=687 val_best=4.6909
2026-09-15 16:19:35,031 | INFO    | main | step 2234    engine=pytorch train=4.4034 blocks=687 val_best=4.6909
2026-09-15 16:19:45,078 | INFO    | main | step 2259    engine=pytorch train=4.3772 blocks=687 val_best=4.6909
2026-09-15 16:19:55,313 | INFO    | main | step 2286    engine=pytorch train=4.3411 blocks=687 val_best=4.6909
2026-09-15 16:20:00,630 | INFO    | pytorch_trainer | M step=2300   train=4.2206  33404.1 tok/s  step=0.123s  cpu=2.6% gpu=0.0% vram=1363.0MB temp=72.0C pw=50.18W
2026-09-15 16:20:05,418 | INFO    | main | step 2312    engine=pytorch train=4.3048 blocks=687 val_best=4.6909
2026-09-15 16:20:15,541 | INFO    | main | step 2338    engine=pytorch train=4.2718 blocks=687 val_best=4.6909
2026-09-15 16:20:26,011 | INFO    | main | step 2359    engine=pytorch train=4.2456 blocks=687 val_best=4.6909
2026-09-15 16:20:36,051 | INFO    | main | step 2385    engine=pytorch train=4.2280 blocks=687 val_best=4.6909
2026-09-15 16:20:42,096 | INFO    | pytorch_trainer | M step=2400   train=4.2904  33392.5 tok/s  step=0.123s  cpu=2.6% gpu=0.0% vram=1363.0MB temp=71.0C pw=50.61W
2026-09-15 16:20:46,152 | INFO    | main | step 2410    engine=pytorch train=4.2081 blocks=687 val_best=4.6909
2026-09-15 16:20:56,153 | INFO    | main | step 2435    engine=pytorch train=4.1838 blocks=687 val_best=4.6909
2026-09-15 16:21:06,302 | INFO    | main | step 2461    engine=pytorch train=4.1545 blocks=687 val_best=4.6909
2026-09-15 16:21:16,315 | INFO    | main | step 2486    engine=pytorch train=4.1381 blocks=687 val_best=4.6909
2026-09-15 16:21:22,029 | INFO    | pytorch_trainer | M step=2500   train=4.0222  33399.6 tok/s  step=0.123s  cpu=4.7% gpu=44.0% vram=1363.0MB temp=72.0C pw=50.66W
2026-09-15 16:21:26,508 | INFO    | main | step 2511    engine=pytorch train=4.1159 blocks=687 val_best=4.6909
2026-09-15 16:21:36,874 | INFO    | main | step 2537    engine=pytorch train=4.0802 blocks=687 val_best=4.6909
2026-09-15 16:21:47,261 | INFO    | main | step 2564    engine=pytorch train=4.0467 blocks=687 val_best=4.6909
2026-09-15 16:21:57,280 | INFO    | main | step 2584    engine=pytorch train=4.0305 blocks=687 val_best=4.6909
2026-09-15 16:22:03,361 | INFO    | pytorch_trainer | M step=2600   train=3.9399  33404.8 tok/s  step=0.123s  cpu=2.2% gpu=47.0% vram=1363.0MB temp=75.0C pw=49.72W
2026-09-15 16:22:07,529 | INFO    | main | step 2611    engine=pytorch train=4.0164 blocks=687 val_best=4.6909
2026-09-15 16:22:17,836 | INFO    | main | step 2632    engine=pytorch train=3.9979 blocks=687 val_best=4.6909
2026-09-15 16:22:27,968 | INFO    | main | step 2658    engine=pytorch train=3.9682 blocks=687 val_best=4.6909
2026-09-15 16:22:38,317 | INFO    | main | step 2685    engine=pytorch train=3.9494 blocks=687 val_best=4.6909
2026-09-15 16:22:44,263 | INFO    | pytorch_trainer | M step=2700   train=3.8707  33289.5 tok/s  step=0.123s  cpu=1.2% gpu=0.0% vram=1363.0MB temp=72.0C pw=50.21W
2026-09-15 16:22:48,651 | INFO    | main | step 2711    engine=pytorch train=3.9278 blocks=687 val_best=4.6909
2026-09-15 16:22:58,870 | INFO    | main | step 2738    engine=pytorch train=3.9026 blocks=687 val_best=4.6909
2026-09-15 16:23:09,113 | INFO    | main | step 2763    engine=pytorch train=3.8703 blocks=687 val_best=4.6909
2026-09-15 16:23:19,412 | INFO    | main | step 2790    engine=pytorch train=3.8577 blocks=687 val_best=4.6909
2026-09-15 16:23:23,527 | INFO    | pytorch_trainer | M step=2800   train=3.8060  33283.3 tok/s  step=0.123s  cpu=2.8% gpu=37.0% vram=1363.0MB temp=71.0C pw=47.18W
2026-09-15 16:23:29,604 | INFO    | main | step 2816    engine=pytorch train=3.8279 blocks=687 val_best=4.6909
2026-09-15 16:23:39,773 | INFO    | main | step 2842    engine=pytorch train=3.8110 blocks=687 val_best=4.6909
2026-09-15 16:23:49,978 | INFO    | main | step 2869    engine=pytorch train=3.7891 blocks=687 val_best=4.6909
2026-09-15 16:24:00,034 | INFO    | main | step 2894    engine=pytorch train=3.7715 blocks=687 val_best=4.6909
2026-09-15 16:24:02,360 | INFO    | pytorch_trainer | M step=2900   train=3.7256  33403.9 tok/s  step=0.123s  cpu=3.1% gpu=97.0% vram=1363.0MB temp=74.0C pw=49.37W
2026-09-15 16:24:10,085 | INFO    | main | step 2919    engine=pytorch train=3.7507 blocks=687 val_best=4.6909
2026-09-15 16:24:20,397 | INFO    | main | step 2946    engine=pytorch train=3.7234 blocks=687 val_best=4.6909
2026-09-15 16:24:30,504 | INFO    | main | step 2972    engine=pytorch train=3.7083 blocks=687 val_best=4.6909
2026-09-15 16:24:40,735 | INFO    | main | step 2999    engine=pytorch train=3.6874 blocks=687 val_best=4.6909
2026-09-15 16:24:41,395 | INFO    | pytorch_trainer | M step=3000   train=3.6722  33408.5 tok/s  step=0.123s  cpu=5.0% gpu=0.0% vram=1363.0MB temp=72.0C pw=50.14W
2026-09-15 16:24:50,960 | INFO    | main | step 3019    engine=pytorch train=3.6835 blocks=687 val_best=4.6909
2026-09-15 16:25:01,096 | INFO    | main | step 3044    engine=pytorch train=3.6613 blocks=687 val_best=4.6909
2026-09-15 16:25:11,279 | INFO    | main | step 3070    engine=pytorch train=3.6468 blocks=687 val_best=4.6909
2026-09-15 16:25:21,628 | INFO    | main | step 3096    engine=pytorch train=3.6277 blocks=687 val_best=4.6909
2026-09-15 16:25:23,294 | INFO    | pytorch_trainer | M step=3100   train=3.5180  33404.3 tok/s  step=0.123s  cpu=0.8% gpu=33.0% vram=1363.0MB temp=72.0C pw=50.8W
2026-09-15 16:25:31,689 | INFO    | main | step 3121    engine=pytorch train=3.6116 blocks=687 val_best=4.6909
2026-09-15 16:25:42,056 | INFO    | main | step 3147    engine=pytorch train=3.5930 blocks=687 val_best=4.6909
2026-09-15 16:25:52,179 | INFO    | main | step 3173    engine=pytorch train=3.5734 blocks=687 val_best=4.6909
2026-09-15 16:26:02,267 | INFO    | main | step 3199    engine=pytorch train=3.5668 blocks=687 val_best=4.6909
2026-09-15 16:26:02,678 | INFO    | pytorch_trainer | M step=3200   train=3.5383  33523.9 tok/s  step=0.122s  cpu=3.1% gpu=0.0% vram=1363.0MB temp=72.0C pw=50.36W
2026-09-15 16:26:12,636 | INFO    | main | step 3225    engine=pytorch train=3.5397 blocks=687 val_best=4.6909
2026-09-15 16:26:22,929 | INFO    | main | step 3251    engine=pytorch train=3.5217 blocks=687 val_best=4.6909
2026-09-15 16:26:33,003 | INFO    | main | step 3271    engine=pytorch train=3.5058 blocks=687 val_best=4.6909
2026-09-15 16:26:43,155 | INFO    | main | step 3297    engine=pytorch train=3.4854 blocks=687 val_best=4.6909
2026-09-15 16:26:44,313 | INFO    | pytorch_trainer | M step=3300   train=3.4879  33402.2 tok/s  step=0.123s  cpu=2.3% gpu=96.0% vram=1363.0MB temp=75.0C pw=49.74W
2026-09-15 16:26:53,329 | INFO    | main | step 3323    engine=pytorch train=3.4745 blocks=687 val_best=4.6909
2026-09-15 16:27:03,548 | INFO    | main | step 3350    engine=pytorch train=3.4526 blocks=687 val_best=4.6909
2026-09-15 16:27:13,590 | INFO    | main | step 3375    engine=pytorch train=3.4499 blocks=687 val_best=4.6909
2026-09-15 16:27:23,360 | INFO    | pytorch_trainer | M step=3400   train=3.4659  33406.0 tok/s  step=0.123s  cpu=5.7% gpu=91.0% vram=1363.0MB temp=75.0C pw=50.6W
2026-09-15 16:27:23,838 | INFO    | main | step 3401    engine=pytorch train=3.4271 blocks=687 val_best=4.6909
2026-09-15 16:27:34,168 | INFO    | main | step 3427    engine=pytorch train=3.4108 blocks=687 val_best=4.6909
2026-09-15 16:27:44,268 | INFO    | main | step 3453    engine=pytorch train=3.4152 blocks=687 val_best=4.6909
2026-09-15 16:27:54,404 | INFO    | main | step 3479    engine=pytorch train=3.4070 blocks=687 val_best=4.6909
2026-09-15 16:28:02,945 | INFO    | pytorch_trainer | M step=3500   train=3.3253  33403.0 tok/s  step=0.123s  cpu=6.9% gpu=0.0% vram=1361.0MB temp=72.0C pw=50.2W
2026-09-15 16:28:04,478 | INFO    | main | step 3504    engine=pytorch train=3.4008 blocks=687 val_best=4.6909
2026-09-15 16:28:09,645 | WARNING | self_learner | PLATEAU detected after 100 stagnant steps (best rolling avg 3.3889) - refreshing knowledge
2026-09-15 16:28:09,645 | INFO    | data_engine | knowledge discovery triggered
2026-09-15 16:28:23,486 | INFO    | data_engine | fetched 4/4 targets
2026-09-15 16:28:23,809 | INFO    | data_engine | collect_from(4 urls): 352 usable chunks
2026-09-15 16:28:24,028 | INFO    | data_engine | discovery round 115 added 0 block(s); buffer now 687
2026-09-15 16:28:24,030 | INFO    | main | step 3517    engine=pytorch train=3.4050 blocks=687 val_best=4.6909
2026-09-15 16:28:34,233 | INFO    | main | step 3543    engine=pytorch train=3.3836 blocks=687 val_best=4.6909
2026-09-15 16:28:44,433 | INFO    | main | step 3570    engine=pytorch train=3.3818 blocks=687 val_best=4.6909
2026-09-15 16:28:54,666 | INFO    | main | step 3597    engine=pytorch train=3.3584 blocks=687 val_best=4.6909
2026-09-15 16:28:55,819 | INFO    | pytorch_trainer | M step=3600   train=3.2812  33348.6 tok/s  step=0.123s  cpu=2.3% gpu=77.0% vram=1361.0MB temp=73.0C pw=50.24W
2026-09-15 16:29:04,915 | INFO    | main | step 3624    engine=pytorch train=3.3394 blocks=687 val_best=4.6909
2026-09-15 16:29:15,151 | INFO    | main | step 3651    engine=pytorch train=3.3293 blocks=687 val_best=4.6909
2026-09-15 16:29:25,333 | INFO    | main | step 3678    engine=pytorch train=3.3225 blocks=687 val_best=4.6909
2026-09-15 16:29:33,711 | INFO    | pytorch_trainer | M step=3700   train=3.3241  33367.8 tok/s  step=0.123s  cpu=1.8% gpu=0.0% vram=1361.0MB temp=71.0C pw=50.75W
2026-09-15 16:29:35,616 | INFO    | main | step 3705    engine=pytorch train=3.3136 blocks=687 val_best=4.6909
2026-09-15 16:29:45,833 | INFO    | main | step 3732    engine=pytorch train=3.2983 blocks=687 val_best=4.6909
2026-09-15 16:29:55,969 | INFO    | main | step 3758    engine=pytorch train=3.2959 blocks=687 val_best=4.6909
2026-09-15 16:30:06,200 | INFO    | main | step 3785    engine=pytorch train=3.2813 blocks=687 val_best=4.6909
2026-09-15 16:30:12,177 | INFO    | pytorch_trainer | M step=3800   train=3.0489  33497.2 tok/s  step=0.122s  cpu=1.9% gpu=0.0% vram=1361.0MB temp=71.0C pw=50.41W
2026-09-15 16:30:16,373 | INFO    | main | step 3811    engine=pytorch train=3.2668 blocks=687 val_best=4.6909
2026-09-15 16:30:26,383 | INFO    | main | step 3836    engine=pytorch train=3.2538 blocks=687 val_best=4.6909
2026-09-15 16:30:36,428 | INFO    | main | step 3861    engine=pytorch train=3.2523 blocks=687 val_best=4.6909
2026-09-15 16:30:46,856 | INFO    | main | step 3887    engine=pytorch train=3.2605 blocks=687 val_best=4.6909
2026-09-15 16:30:51,944 | INFO    | pytorch_trainer | M step=3900   train=3.2520  33494.4 tok/s  step=0.122s  cpu=1.1% gpu=45.0% vram=1361.0MB temp=75.0C pw=48.07W
2026-09-15 16:30:57,066 | INFO    | main | step 3913    engine=pytorch train=3.2625 blocks=687 val_best=4.6909
2026-09-15 16:31:07,188 | INFO    | main | step 3939    engine=pytorch train=3.2410 blocks=687 val_best=4.6909
2026-09-15 16:31:17,557 | INFO    | main | step 3965    engine=pytorch train=3.2246 blocks=687 val_best=4.6909
2026-09-15 16:31:27,694 | INFO    | main | step 3991    engine=pytorch train=3.2150 blocks=687 val_best=4.6909
2026-09-15 16:31:31,421 | INFO    | pytorch_trainer | NEW BEST val=3.3038 (step 4000)
2026-09-15 16:31:31,421 | INFO    | pytorch_trainer | VAL loss=3.3038 best=3.3038 staleness=0/8
2026-09-15 16:31:31,711 | INFO    | pytorch_trainer | M step=4000   train=3.1582  33494.5 tok/s  step=0.122s  cpu=7.7% gpu=17.0% vram=1361.0MB temp=71.0C pw=44.91W
2026-09-15 16:31:37,795 | INFO    | main | step 4016    engine=pytorch train=3.2079 blocks=687 val_best=3.3038
2026-09-15 16:31:47,950 | INFO    | main | step 4042    engine=pytorch train=3.2013 blocks=687 val_best=3.3038
2026-09-15 16:31:58,056 | INFO    | main | step 4068    engine=pytorch train=3.1972 blocks=687 val_best=3.3038
2026-09-15 16:32:08,214 | INFO    | main | step 4094    engine=pytorch train=3.1928 blocks=687 val_best=3.3038
2026-09-15 16:32:10,746 | INFO    | pytorch_trainer | M step=4100   train=3.1478  33669.0 tok/s  step=0.122s  cpu=1.2% gpu=0.0% vram=1361.0MB temp=72.0C pw=48.7W
2026-09-15 16:32:18,289 | INFO    | main | step 4119    engine=pytorch train=3.1809 blocks=687 val_best=3.3038
2026-09-15 16:32:28,477 | INFO    | main | step 4146    engine=pytorch train=3.1603 blocks=687 val_best=3.3038
2026-09-15 16:32:38,499 | INFO    | main | step 4171    engine=pytorch train=3.1459 blocks=687 val_best=3.3038
2026-09-15 16:32:48,867 | INFO    | main | step 4198    engine=pytorch train=3.1402 blocks=687 val_best=3.3038
2026-09-15 16:32:49,746 | INFO    | pytorch_trainer | M step=4200   train=3.2336  33649.4 tok/s  step=0.122s  cpu=4.7% gpu=0.0% vram=1361.0MB temp=73.0C pw=49.47W
2026-09-15 16:32:59,182 | INFO    | main | step 4224    engine=pytorch train=3.1461 blocks=687 val_best=3.3038
2026-09-15 16:33:09,300 | INFO    | main | step 4250    engine=pytorch train=3.1426 blocks=687 val_best=3.3038
2026-09-15 16:33:19,304 | INFO    | main | step 4275    engine=pytorch train=3.1192 blocks=687 val_best=3.3038
2026-09-15 16:33:29,044 | INFO    | pytorch_trainer | M step=4300   train=3.0709  33643.9 tok/s  step=0.122s  cpu=0.9% gpu=0.0% vram=1361.0MB temp=72.0C pw=50.51W
2026-09-15 16:33:29,511 | INFO    | main | step 4301    engine=pytorch train=3.1184 blocks=687 val_best=3.3038
2026-09-15 16:33:39,863 | INFO    | main | step 4327    engine=pytorch train=3.1126 blocks=687 val_best=3.3038
2026-09-15 16:33:49,966 | INFO    | main | step 4353    engine=pytorch train=3.1163 blocks=687 val_best=3.3038
2026-09-15 16:34:00,382 | INFO    | main | step 4374    engine=pytorch train=3.1099 blocks=687 val_best=3.3038
2026-09-15 16:34:05,084 | WARNING | self_learner | PLATEAU detected after 100 stagnant steps (best rolling avg 3.1021) - refreshing knowledge
2026-09-15 16:34:05,084 | INFO    | data_engine | knowledge discovery triggered
2026-09-15 16:34:06,167 | INFO    | data_engine | fetched 4/4 targets
2026-09-15 16:34:06,167 | INFO    | data_engine | collect_from(4 urls): 4 usable chunks
2026-09-15 16:34:06,385 | INFO    | data_engine | discovery round 116 added 0 block(s); buffer now 687
2026-09-15 16:34:10,582 | INFO    | main | step 4397    engine=pytorch train=3.0942 blocks=687 val_best=3.3038
2026-09-15 16:34:11,777 | INFO    | pytorch_trainer | M step=4400   train=3.2445  33487.9 tok/s  step=0.122s  cpu=3.1% gpu=32.0% vram=1361.0MB temp=72.0C pw=48.71W
2026-09-15 16:34:20,869 | INFO    | main | step 4424    engine=pytorch train=3.0802 blocks=687 val_best=3.3038
2026-09-15 16:34:30,958 | INFO    | main | step 4450    engine=pytorch train=3.0791 blocks=687 val_best=3.3038
2026-09-15 16:34:41,078 | INFO    | main | step 4476    engine=pytorch train=3.0736 blocks=687 val_best=3.3038
2026-09-15 16:34:51,346 | INFO    | main | step 4497    engine=pytorch train=3.0634 blocks=687 val_best=3.3038
2026-09-15 16:34:52,793 | INFO    | pytorch_trainer | M step=4500   train=3.0399  33378.0 tok/s  step=0.123s  cpu=5.9% gpu=8.0% vram=1361.0MB temp=71.0C pw=46.93W
2026-09-15 16:35:01,711 | INFO    | main | step 4523    engine=pytorch train=3.0589 blocks=687 val_best=3.3038
2026-09-15 16:35:11,749 | INFO    | main | step 4549    engine=pytorch train=3.0541 blocks=687 val_best=3.3038
2026-09-15 16:35:22,160 | INFO    | main | step 4576    engine=pytorch train=3.0538 blocks=687 val_best=3.3038
2026-09-15 16:35:31,690 | INFO    | pytorch_trainer | M step=4600   train=3.0535  33384.3 tok/s  step=0.123s  cpu=2.6% gpu=0.0% vram=1361.0MB temp=72.0C pw=46.42W
2026-09-15 16:35:32,577 | INFO    | main | step 4602    engine=pytorch train=3.0386 blocks=687 val_best=3.3038
2026-09-15 16:35:42,666 | INFO    | main | step 4628    engine=pytorch train=3.0389 blocks=687 val_best=3.3038
2026-09-15 16:35:52,680 | INFO    | main | step 4653    engine=pytorch train=3.0490 blocks=687 val_best=3.3038
2026-09-15 16:36:02,962 | INFO    | main | step 4680    engine=pytorch train=3.0389 blocks=687 val_best=3.3038
2026-09-15 16:36:11,060 | INFO    | pytorch_trainer | M step=4700   train=3.0944  33378.7 tok/s  step=0.123s  cpu=4.3% gpu=52.0% vram=1361.0MB temp=71.0C pw=47.86W
2026-09-15 16:36:13,331 | INFO    | main | step 4706    engine=pytorch train=3.0301 blocks=687 val_best=3.3038
2026-09-15 16:36:23,526 | INFO    | main | step 4733    engine=pytorch train=3.0237 blocks=687 val_best=3.3038
2026-09-15 16:36:33,560 | INFO    | main | step 4758    engine=pytorch train=3.0084 blocks=687 val_best=3.3038
2026-09-15 16:36:43,777 | INFO    | main | step 4785    engine=pytorch train=3.0061 blocks=687 val_best=3.3038
2026-09-15 16:36:49,776 | INFO    | pytorch_trainer | M step=4800   train=3.0407  33363.8 tok/s  step=0.123s  cpu=1.4% gpu=0.0% vram=1368.0MB temp=73.0C pw=50.42W
2026-09-15 16:36:53,948 | INFO    | main | step 4811    engine=pytorch train=2.9906 blocks=687 val_best=3.3038
2026-09-15 16:37:04,056 | INFO    | main | step 4837    engine=pytorch train=2.9965 blocks=687 val_best=3.3038
2026-09-15 16:37:14,191 | INFO    | main | step 4863    engine=pytorch train=2.9938 blocks=687 val_best=3.3038
2026-09-15 16:37:24,418 | INFO    | main | step 4889    engine=pytorch train=2.9896 blocks=687 val_best=3.3038
2026-09-15 16:37:28,692 | INFO    | pytorch_trainer | M step=4900   train=2.9113  33418.0 tok/s  step=0.123s  cpu=2.6% gpu=0.0% vram=1357.0MB temp=72.0C pw=50.1W
2026-09-15 16:37:34,422 | INFO    | main | step 4915    engine=pytorch train=2.9741 blocks=687 val_best=3.3038
2026-09-15 16:37:46,890 | INFO    | main | step 4942    engine=pytorch train=2.9781 blocks=687 val_best=3.3038
2026-09-15 16:37:57,104 | INFO    | main | step 4962    engine=pytorch train=2.9714 blocks=687 val_best=3.3038
2026-09-15 16:38:07,378 | INFO    | main | step 4988    engine=pytorch train=2.9679 blocks=687 val_best=3.3038
2026-09-15 16:38:12,410 | INFO    | pytorch_trainer | M step=5000   train=2.9791  33087.9 tok/s  step=0.124s  cpu=5.4% gpu=0.0% vram=1359.0MB temp=71.0C pw=50.72W
2026-09-15 16:38:17,701 | INFO    | main | step 5014    engine=pytorch train=2.9619 blocks=687 val_best=3.3038
2026-09-15 16:38:27,820 | INFO    | main | step 5040    engine=pytorch train=2.9583 blocks=687 val_best=3.3038
2026-09-15 16:38:38,182 | INFO    | main | step 5066    engine=pytorch train=2.9594 blocks=687 val_best=3.3038
2026-09-15 16:38:48,406 | INFO    | main | step 5092    engine=pytorch train=2.9483 blocks=687 val_best=3.3038
2026-09-15 16:38:51,621 | INFO    | pytorch_trainer | M step=5100   train=3.0387  33123.3 tok/s  step=0.124s  cpu=0.5% gpu=0.0% vram=1346.0MB temp=72.0C pw=49.69W
2026-09-15 16:38:58,735 | INFO    | main | step 5118    engine=pytorch train=2.9399 blocks=687 val_best=3.3038
2026-09-15 16:39:08,740 | INFO    | main | step 5143    engine=pytorch train=2.9249 blocks=687 val_best=3.3038
2026-09-15 16:39:18,821 | INFO    | main | step 5169    engine=pytorch train=2.9127 blocks=687 val_best=3.3038
2026-09-15 16:39:28,947 | INFO    | main | step 5195    engine=pytorch train=2.9080 blocks=687 val_best=3.3038
2026-09-15 16:39:30,885 | INFO    | pytorch_trainer | M step=5200   train=2.8707  33162.6 tok/s  step=0.123s  cpu=0.5% gpu=77.0% vram=1346.0MB temp=75.0C pw=48.65W
2026-09-15 16:39:39,102 | INFO    | main | step 5221    engine=pytorch train=2.9049 blocks=687 val_best=3.3038
2026-09-15 16:39:49,181 | INFO    | main | step 5247    engine=pytorch train=2.8926 blocks=687 val_best=3.3038
2026-09-15 16:39:59,409 | INFO    | main | step 5273    engine=pytorch train=2.9016 blocks=687 val_best=3.3038
2026-09-15 16:40:09,773 | INFO    | main | step 5299    engine=pytorch train=2.9048 blocks=687 val_best=3.3038
2026-09-15 16:40:10,239 | INFO    | pytorch_trainer | M step=5300   train=2.8659  33210.7 tok/s  step=0.123s  cpu=0.8% gpu=0.0% vram=1346.0MB temp=72.0C pw=46.14W
2026-09-15 16:40:20,086 | INFO    | main | step 5325    engine=pytorch train=2.9030 blocks=687 val_best=3.3038
2026-09-15 16:40:21,987 | WARNING | self_learner | PLATEAU detected after 100 stagnant steps (best rolling avg 2.8890) - refreshing knowledge
2026-09-15 16:40:21,987 | INFO    | data_engine | knowledge discovery triggered
2026-09-15 16:40:22,229 | INFO    | data_engine | fetched 4/4 targets
2026-09-15 16:40:22,229 | INFO    | data_engine | collect_from(4 urls): 4 usable chunks
2026-09-15 16:40:22,449 | INFO    | data_engine | discovery round 117 added 0 block(s); buffer now 687
2026-09-15 16:40:30,389 | INFO    | main | step 5351    engine=pytorch train=2.8908 blocks=687 val_best=3.3038
2026-09-15 16:40:40,661 | INFO    | main | step 5377    engine=pytorch train=2.8862 blocks=687 val_best=3.3038
2026-09-15 16:40:49,757 | INFO    | pytorch_trainer | M step=5400   train=2.9517  33344.1 tok/s  step=0.123s  cpu=2.2% gpu=0.0% vram=1346.0MB temp=73.0C pw=50.43W
2026-09-15 16:40:50,908 | INFO    | main | step 5403    engine=pytorch train=2.8933 blocks=687 val_best=3.3038
2026-09-15 16:41:01,136 | INFO    | main | step 5424    engine=pytorch train=2.8790 blocks=687 val_best=3.3038
2026-09-15 16:41:11,319 | INFO    | main | step 5450    engine=pytorch train=2.8784 blocks=687 val_best=3.3038
2026-09-15 16:41:21,473 | INFO    | main | step 5476    engine=pytorch train=2.8757 blocks=687 val_best=3.3038
2026-09-15 16:41:31,091 | INFO    | pytorch_trainer | M step=5500   train=2.7594  33703.4 tok/s  step=0.121s  cpu=6.1% gpu=51.0% vram=1346.0MB temp=75.0C pw=50.55W
2026-09-15 16:41:31,835 | INFO    | main | step 5502    engine=pytorch train=2.8707 blocks=687 val_best=3.3038
2026-09-15 16:41:41,974 | INFO    | main | step 5528    engine=pytorch train=2.8620 blocks=687 val_best=3.3038
2026-09-15 16:41:52,259 | INFO    | main | step 5554    engine=pytorch train=2.8563 blocks=687 val_best=3.3038
2026-09-15 16:42:02,272 | INFO    | main | step 5580    engine=pytorch train=2.8466 blocks=687 val_best=3.3038
2026-09-15 16:42:10,213 | INFO    | pytorch_trainer | M step=5600   train=2.7076  33698.1 tok/s  step=0.121s  cpu=2.2% gpu=0.0% vram=1346.0MB temp=72.0C pw=50.26W
2026-09-15 16:42:12,298 | INFO    | main | step 5605    engine=pytorch train=2.8404 blocks=687 val_best=3.3038
2026-09-15 16:42:22,305 | INFO    | main | step 5630    engine=pytorch train=2.8248 blocks=687 val_best=3.3038
2026-09-15 16:42:32,571 | INFO    | main | step 5656    engine=pytorch train=2.8290 blocks=687 val_best=3.3038
2026-09-15 16:42:42,934 | INFO    | main | step 5682    engine=pytorch train=2.8220 blocks=687 val_best=3.3038
2026-09-15 16:42:50,058 | INFO    | pytorch_trainer | M step=5700   train=2.8664  33697.4 tok/s  step=0.122s  cpu=2.6% gpu=0.0% vram=1346.0MB temp=72.0C pw=50.56W
2026-09-15 16:42:53,075 | INFO    | main | step 5708    engine=pytorch train=2.8124 blocks=687 val_best=3.3038
2026-09-15 16:43:03,439 | INFO    | main | step 5734    engine=pytorch train=2.8049 blocks=687 val_best=3.3038
2026-09-15 16:43:13,733 | INFO    | main | step 5759    engine=pytorch train=2.8040 blocks=687 val_best=3.3038
2026-09-15 16:43:24,094 | INFO    | main | step 5785    engine=pytorch train=2.8051 blocks=687 val_best=3.3038
2026-09-15 16:43:32,050 | INFO    | pytorch_trainer | M step=5800   train=2.8227  33632.9 tok/s  step=0.122s  cpu=1.3% gpu=65.0% vram=1346.0MB temp=69.0C pw=25.97W
2026-09-15 16:43:34,335 | INFO    | main | step 5806    engine=pytorch train=2.8086 blocks=687 val_best=3.3038
2026-09-15 16:43:44,413 | INFO    | main | step 5832    engine=pytorch train=2.8036 blocks=687 val_best=3.3038
2026-09-15 16:43:54,738 | INFO    | main | step 5858    engine=pytorch train=2.7991 blocks=687 val_best=3.3038
2026-09-15 16:44:05,101 | INFO    | main | step 5884    engine=pytorch train=2.8080 blocks=687 val_best=3.3038
2026-09-15 16:44:11,500 | INFO    | pytorch_trainer | M step=5900   train=2.7702  33630.6 tok/s  step=0.122s  cpu=1.4% gpu=73.0% vram=1346.0MB temp=72.0C pw=50.13W
2026-09-15 16:44:15,297 | INFO    | main | step 5910    engine=pytorch train=2.7911 blocks=687 val_best=3.3038
2026-09-15 16:44:25,395 | INFO    | main | step 5930    engine=pytorch train=2.7781 blocks=687 val_best=3.3038
2026-09-15 16:44:35,646 | INFO    | main | step 5957    engine=pytorch train=2.7773 blocks=687 val_best=3.3038
2026-09-15 16:44:46,009 | INFO    | main | step 5983    engine=pytorch train=2.7712 blocks=687 val_best=3.3038
2026-09-15 16:44:53,022 | INFO    | pytorch_trainer | NEW BEST val=3.1499 (step 6000)
2026-09-15 16:44:53,022 | INFO    | pytorch_trainer | VAL loss=3.1499 best=3.1499 staleness=0/8
2026-09-15 16:44:53,320 | INFO    | pytorch_trainer | M step=6000   train=2.7990  33643.5 tok/s  step=0.122s  cpu=7.1% gpu=17.0% vram=1346.0MB temp=71.0C pw=45.6W
2026-09-15 16:44:53,576 | INFO    | main | pipeline finished cleanly at step 6000 (step budget reached)
