2026-09-15 18:18:40,178 | phase | === leg lr_7.5e-05 cell=mlp steps=6000 ===
2026-09-15 18:56:59,729 | phase | leg lr_7.5e-05 rc=0
2026-09-15 18:57:04,742 | phase | === leg lr_0.00015 cell=mlp steps=6000 ===
2026-09-15 19:35:53,047 | phase | leg lr_0.00015 rc=0
2026-09-15 19:35:58,062 | phase | === leg lr_0.0002 cell=mlp steps=6000 ===
2026-09-15 20:13:58,959 | phase | leg lr_0.0002 rc=0
2026-09-15 20:14:03,969 | phase | === leg lr_0.000225 cell=mlp steps=6000 ===
2026-09-15 20:52:52,759 | phase | leg lr_0.000225 rc=0
2026-09-15 20:52:57,772 | phase | === leg lr_0.00025 cell=mlp steps=6000 ===
2026-09-15 21:31:42,156 | phase | leg lr_0.00025 rc=0
2026-09-15 21:31:47,170 | phase | === leg lr_0.000275 cell=mlp steps=6000 ===
2026-09-15 22:11:23,880 | phase | leg lr_0.000275 rc=0
2026-09-15 22:11:28,897 | phase | === leg lr_0.0003 cell=mlp steps=6000 ===
2026-09-15 22:51:01,312 | phase | leg lr_0.0003 rc=0
2026-09-15 22:51:06,328 | phase | === leg lr_0.0006 cell=mlp steps=6000 ===
2026-09-15 23:31:06,036 | phase | leg lr_0.0006 rc=0
2026-09-15 23:31:11,049 | phase | PHASE lr,val_trajectory(val/best per eval),rc
2026-09-15 23:31:11,049 | phase | PHASE 7.5e-05,3.6507/3.6507;3.2859/3.2859;3.1546/3.1546,0
2026-09-15 23:31:11,051 | phase | PHASE 0.00015,3.3624/3.3624;3.1255/3.1255;3.1340/3.1255,0
2026-09-15 23:31:11,051 | phase | PHASE 0.0002,3.2919/3.2919;3.1109/3.1109;3.2050/3.1109,0
2026-09-15 23:31:11,051 | phase | PHASE 0.000225,6.0013/6.0013;5.9985/5.9985;5.9520/5.9520,0
2026-09-15 23:31:11,051 | phase | PHASE 0.00025,5.9528/5.9528;5.9944/5.9528;5.9940/5.9528,0
2026-09-15 23:31:11,051 | phase | PHASE 0.000275,5.9784/5.9784;5.9716/5.9716;5.9692/5.9692,0
2026-09-15 23:31:11,051 | phase | PHASE 0.0003,5.9745/5.9745;5.9707/5.9707;5.9823/5.9707,0
2026-09-15 23:31:11,051 | phase | PHASE 0.0006,5.9837/5.9837;5.9802/5.9802;5.9782/5.9782,0
2026-09-15 23:31:11,051 | phase | phase complete: sweep_baseline
