2026-09-15 19:35:59,891 | INFO    | main | ================================================================
2026-09-15 19:35:59,891 | INFO    | main | self-learning pipeline (steps=6000, model=6L/512E, vocab=4096)
2026-09-15 19:35:59,891 | INFO    | main | ================================================================
2026-09-15 19:36:00,111 | INFO    | data_engine | buffer has 687 valid block(s); skipping seed
2026-09-15 19:36:00,111 | INFO    | main | engine: Standard PyTorch AMP (forced)
2026-09-15 19:36:00,114 | INFO    | data_engine | corpus mmap already present (corpus_f7eb467c1d7b157a.npy)
2026-09-15 19:36:11,796 | INFO    | main | step 22      engine=pytorch train=7.8834 blocks=687 val_best=inf
2026-09-15 19:36:22,113 | INFO    | main | step 50      engine=pytorch train=7.0914 blocks=687 val_best=inf
2026-09-15 19:36:32,433 | INFO    | main | step 78      engine=pytorch train=6.6235 blocks=687 val_best=inf
2026-09-15 19:36:40,626 | INFO    | pytorch_trainer | M step=100    train=5.9552  31372.2 tok/s  step=0.131s  cpu=2.6% gpu=97.0% vram=1324.0MB temp=71.0C pw=48.55W
2026-09-15 19:36:42,489 | INFO    | main | step 105     engine=pytorch train=6.3589 blocks=687 val_best=inf
2026-09-15 19:36:52,849 | INFO    | main | step 133     engine=pytorch train=6.2012 blocks=687 val_best=inf
2026-09-15 19:37:03,181 | INFO    | main | step 161     engine=pytorch train=6.0247 blocks=687 val_best=inf
2026-09-15 19:37:13,220 | INFO    | main | step 188     engine=pytorch train=5.6952 blocks=687 val_best=inf
2026-09-15 19:37:17,750 | INFO    | pytorch_trainer | M step=200    train=4.8558  33595.3 tok/s  step=0.122s  cpu=4.7% gpu=77.0% vram=1311.0MB temp=70.0C pw=48.78W
2026-09-15 19:37:23,352 | INFO    | main | step 215     engine=pytorch train=5.3642 blocks=687 val_best=inf
2026-09-15 19:37:33,485 | INFO    | main | step 242     engine=pytorch train=5.0888 blocks=687 val_best=inf
2026-09-15 19:37:43,805 | INFO    | main | step 269     engine=pytorch train=4.8784 blocks=687 val_best=inf
2026-09-15 19:37:53,828 | INFO    | main | step 296     engine=pytorch train=4.7127 blocks=687 val_best=inf
2026-09-15 19:37:55,350 | INFO    | pytorch_trainer | M step=300    train=4.4428  34207.6 tok/s  step=0.120s  cpu=2.8% gpu=0.0% vram=1299.0MB temp=71.0C pw=49.03W
2026-09-15 19:38:04,117 | INFO    | main | step 323     engine=pytorch train=4.5783 blocks=687 val_best=inf
2026-09-15 19:38:14,437 | INFO    | main | step 351     engine=pytorch train=4.4716 blocks=687 val_best=inf
2026-09-15 19:38:24,492 | INFO    | main | step 378     engine=pytorch train=4.4119 blocks=687 val_best=inf
2026-09-15 19:38:32,769 | INFO    | pytorch_trainer | M step=400    train=4.2469  34620.4 tok/s  step=0.118s  cpu=24.3% gpu=36.0% vram=1320.0MB temp=71.0C pw=49.5W
2026-09-15 19:38:34,643 | INFO    | main | step 405     engine=pytorch train=4.3425 blocks=687 val_best=inf
2026-09-15 19:38:44,681 | INFO    | main | step 432     engine=pytorch train=4.2810 blocks=687 val_best=inf
2026-09-15 19:38:55,024 | INFO    | main | step 460     engine=pytorch train=4.2406 blocks=687 val_best=inf
2026-09-15 19:39:05,031 | INFO    | main | step 487     engine=pytorch train=4.1933 blocks=687 val_best=inf
2026-09-15 19:39:10,121 | INFO    | pytorch_trainer | M step=500    train=4.1062  34908.5 tok/s  step=0.117s  cpu=7.4% gpu=6.0% vram=1310.0MB temp=71.0C pw=48.07W
2026-09-15 19:39:15,333 | INFO    | main | step 514     engine=pytorch train=4.1603 blocks=687 val_best=inf
2026-09-15 19:39:25,341 | INFO    | main | step 541     engine=pytorch train=4.1336 blocks=687 val_best=inf
2026-09-15 19:39:35,708 | INFO    | main | step 568     engine=pytorch train=4.0992 blocks=687 val_best=inf
2026-09-15 19:39:46,114 | INFO    | main | step 595     engine=pytorch train=4.0674 blocks=687 val_best=inf
2026-09-15 19:39:47,964 | INFO    | pytorch_trainer | M step=600    train=3.8336  35979.3 tok/s  step=0.114s  cpu=1.4% gpu=1.0% vram=1327.0MB temp=71.0C pw=49.7W
2026-09-15 19:39:56,340 | INFO    | main | step 622     engine=pytorch train=4.0419 blocks=687 val_best=inf
2026-09-15 19:40:06,549 | INFO    | main | step 649     engine=pytorch train=4.0209 blocks=687 val_best=inf
2026-09-15 19:40:16,683 | INFO    | main | step 676     engine=pytorch train=3.9904 blocks=687 val_best=inf
2026-09-15 19:40:25,869 | INFO    | pytorch_trainer | M step=700    train=3.7907  35962.5 tok/s  step=0.114s  cpu=3.7% gpu=0.0% vram=1301.0MB temp=71.0C pw=49.61W
2026-09-15 19:40:26,965 | INFO    | main | step 703     engine=pytorch train=3.9485 blocks=687 val_best=inf
2026-09-15 19:40:37,231 | INFO    | main | step 730     engine=pytorch train=3.9164 blocks=687 val_best=inf
2026-09-15 19:40:47,442 | INFO    | main | step 757     engine=pytorch train=3.8774 blocks=687 val_best=inf
2026-09-15 19:40:57,688 | INFO    | main | step 784     engine=pytorch train=3.8559 blocks=687 val_best=inf
2026-09-15 19:41:03,894 | INFO    | pytorch_trainer | M step=800    train=3.7397  36112.1 tok/s  step=0.113s  cpu=1.8% gpu=12.0% vram=1302.0MB temp=71.0C pw=49.75W
2026-09-15 19:41:07,963 | INFO    | main | step 811     engine=pytorch train=3.8231 blocks=687 val_best=inf
2026-09-15 19:41:18,285 | INFO    | main | step 839     engine=pytorch train=3.7970 blocks=687 val_best=inf
2026-09-15 19:41:28,641 | INFO    | main | step 867     engine=pytorch train=3.7644 blocks=687 val_best=inf
2026-09-15 19:41:38,667 | INFO    | main | step 894     engine=pytorch train=3.7421 blocks=687 val_best=inf
2026-09-15 19:41:40,917 | INFO    | pytorch_trainer | M step=900    train=3.6863  36182.4 tok/s  step=0.113s  cpu=0.9% gpu=9.0% vram=1302.0MB temp=72.0C pw=49.67W
2026-09-15 19:41:48,676 | INFO    | main | step 921     engine=pytorch train=3.7255 blocks=687 val_best=inf
2026-09-15 19:41:58,955 | INFO    | main | step 948     engine=pytorch train=3.7011 blocks=687 val_best=inf
2026-09-15 19:42:09,241 | INFO    | main | step 975     engine=pytorch train=3.6862 blocks=687 val_best=inf
2026-09-15 19:42:18,816 | INFO    | pytorch_trainer | M step=1000   train=3.5689  36164.7 tok/s  step=0.113s  cpu=5.6% gpu=0.0% vram=1311.0MB temp=71.0C pw=48.77W
2026-09-15 19:42:19,544 | INFO    | main | step 1002    engine=pytorch train=3.6707 blocks=687 val_best=inf
2026-09-15 19:42:29,550 | INFO    | main | step 1029    engine=pytorch train=3.6410 blocks=687 val_best=inf
2026-09-15 19:42:39,885 | INFO    | main | step 1057    engine=pytorch train=3.6201 blocks=687 val_best=inf
2026-09-15 19:42:49,893 | INFO    | main | step 1084    engine=pytorch train=3.5973 blocks=687 val_best=inf
2026-09-15 19:42:56,146 | INFO    | pytorch_trainer | M step=1100   train=3.5951  36166.5 tok/s  step=0.113s  cpu=7.0% gpu=3.0% vram=1322.0MB temp=73.0C pw=49.85W
2026-09-15 19:43:00,207 | INFO    | main | step 1111    engine=pytorch train=3.5700 blocks=687 val_best=inf
2026-09-15 19:43:10,210 | INFO    | main | step 1138    engine=pytorch train=3.5618 blocks=687 val_best=inf
2026-09-15 19:43:20,566 | INFO    | main | step 1166    engine=pytorch train=3.5377 blocks=687 val_best=inf
2026-09-15 19:43:30,922 | INFO    | main | step 1194    engine=pytorch train=3.5219 blocks=687 val_best=inf
2026-09-15 19:43:33,182 | INFO    | pytorch_trainer | M step=1200   train=3.5414  36187.8 tok/s  step=0.113s  cpu=2.6% gpu=96.0% vram=1310.0MB temp=74.0C pw=50.15W
2026-09-15 19:43:40,962 | INFO    | main | step 1221    engine=pytorch train=3.5056 blocks=687 val_best=inf
2026-09-15 19:43:51,286 | INFO    | main | step 1249    engine=pytorch train=3.4828 blocks=687 val_best=inf
2026-09-15 19:44:01,486 | INFO    | main | step 1275    engine=pytorch train=3.4675 blocks=687 val_best=inf
2026-09-15 19:44:11,049 | INFO    | pytorch_trainer | M step=1300   train=3.4044  36152.0 tok/s  step=0.113s  cpu=2.2% gpu=0.0% vram=1311.0MB temp=71.0C pw=49.25W
2026-09-15 19:44:11,828 | INFO    | main | step 1302    engine=pytorch train=3.4584 blocks=687 val_best=inf
2026-09-15 19:44:22,152 | INFO    | main | step 1330    engine=pytorch train=3.4503 blocks=687 val_best=inf
2026-09-15 19:44:32,290 | INFO    | main | step 1356    engine=pytorch train=3.4421 blocks=687 val_best=inf
2026-09-15 19:44:42,547 | INFO    | main | step 1383    engine=pytorch train=3.4345 blocks=687 val_best=inf
2026-09-15 19:44:48,899 | INFO    | pytorch_trainer | M step=1400   train=3.4339  36146.8 tok/s  step=0.113s  cpu=5.1% gpu=0.0% vram=1327.0MB temp=71.0C pw=49.25W
2026-09-15 19:44:52,574 | INFO    | main | step 1410    engine=pytorch train=3.4044 blocks=687 val_best=inf
2026-09-15 19:45:02,596 | INFO    | main | step 1437    engine=pytorch train=3.3984 blocks=687 val_best=inf
2026-09-15 19:45:12,949 | INFO    | main | step 1465    engine=pytorch train=3.3709 blocks=687 val_best=inf
2026-09-15 19:45:23,094 | INFO    | main | step 1492    engine=pytorch train=3.3574 blocks=687 val_best=inf
2026-09-15 19:45:26,416 | INFO    | pytorch_trainer | M step=1500   train=3.2757  36187.1 tok/s  step=0.113s  cpu=6.3% gpu=83.0% vram=1317.0MB temp=75.0C pw=49.78W
2026-09-15 19:45:33,482 | INFO    | main | step 1519    engine=pytorch train=3.3419 blocks=687 val_best=inf
2026-09-15 19:45:43,803 | INFO    | main | step 1547    engine=pytorch train=3.3322 blocks=687 val_best=inf
2026-09-15 19:45:54,159 | INFO    | main | step 1575    engine=pytorch train=3.3263 blocks=687 val_best=inf
2026-09-15 19:46:03,482 | INFO    | pytorch_trainer | M step=1600   train=3.3059  36181.5 tok/s  step=0.113s  cpu=5.1% gpu=0.0% vram=1318.0MB temp=71.0C pw=49.89W
2026-09-15 19:46:04,213 | INFO    | main | step 1602    engine=pytorch train=3.3209 blocks=687 val_best=inf
2026-09-15 19:46:12,063 | WARNING | self_learner | PLATEAU detected after 100 stagnant steps (best rolling avg 3.3170) - refreshing knowledge
2026-09-15 19:46:12,063 | INFO    | data_engine | knowledge discovery triggered
2026-09-15 19:46:14,084 | INFO    | data_engine | fetched 4/4 targets
2026-09-15 19:46:14,094 | INFO    | data_engine | collect_from(4 urls): 8 usable chunks
2026-09-15 19:46:14,315 | INFO    | data_engine | discovery round 133 added 0 block(s); buffer now 687
2026-09-15 19:46:14,316 | INFO    | main | step 1623    engine=pytorch train=3.3159 blocks=687 val_best=inf
2026-09-15 19:46:24,479 | INFO    | main | step 1650    engine=pytorch train=3.2993 blocks=687 val_best=inf
2026-09-15 19:46:34,874 | INFO    | main | step 1678    engine=pytorch train=3.3002 blocks=687 val_best=inf
2026-09-15 19:46:43,047 | INFO    | pytorch_trainer | M step=1700   train=3.4197  36044.0 tok/s  step=0.114s  cpu=1.8% gpu=0.0% vram=1308.0MB temp=71.0C pw=49.39W
2026-09-15 19:46:44,912 | INFO    | main | step 1705    engine=pytorch train=3.2967 blocks=687 val_best=inf
2026-09-15 19:46:54,933 | INFO    | main | step 1732    engine=pytorch train=3.2876 blocks=687 val_best=inf
2026-09-15 19:47:05,137 | INFO    | main | step 1759    engine=pytorch train=3.2743 blocks=687 val_best=inf
2026-09-15 19:47:15,493 | INFO    | main | step 1787    engine=pytorch train=3.2478 blocks=687 val_best=inf
2026-09-15 19:47:20,347 | INFO    | pytorch_trainer | M step=1800   train=3.3296  36070.4 tok/s  step=0.114s  cpu=2.2% gpu=0.0% vram=1312.0MB temp=71.0C pw=49.26W
2026-09-15 19:47:25,532 | INFO    | main | step 1814    engine=pytorch train=3.2437 blocks=687 val_best=inf
2026-09-15 19:47:35,543 | INFO    | main | step 1841    engine=pytorch train=3.2415 blocks=687 val_best=inf
2026-09-15 19:47:45,916 | INFO    | main | step 1869    engine=pytorch train=3.2256 blocks=687 val_best=inf
2026-09-15 19:47:56,236 | INFO    | main | step 1897    engine=pytorch train=3.2310 blocks=687 val_best=inf
2026-09-15 19:47:57,499 | INFO    | pytorch_trainer | M step=1900   train=3.0846  36050.9 tok/s  step=0.114s  cpu=2.4% gpu=0.0% vram=1306.0MB temp=71.0C pw=47.2W
2026-09-15 19:48:06,525 | INFO    | main | step 1924    engine=pytorch train=3.2044 blocks=687 val_best=inf
2026-09-15 19:48:16,832 | INFO    | main | step 1951    engine=pytorch train=3.1968 blocks=687 val_best=inf
2026-09-15 19:48:27,018 | INFO    | main | step 1978    engine=pytorch train=3.1976 blocks=687 val_best=inf
2026-09-15 19:48:35,541 | INFO    | pytorch_trainer | NEW BEST val=3.2919 (step 2000)
2026-09-15 19:48:35,541 | INFO    | pytorch_trainer | VAL loss=3.2919 best=3.2919 staleness=0/8
2026-09-15 19:48:35,827 | INFO    | pytorch_trainer | M step=2000   train=3.1152  36009.4 tok/s  step=0.114s  cpu=10.7% gpu=25.0% vram=1311.0MB temp=71.0C pw=47.72W
2026-09-15 19:48:37,326 | INFO    | main | step 2004    engine=pytorch train=3.1803 blocks=687 val_best=3.2919
2026-09-15 19:48:47,693 | INFO    | main | step 2032    engine=pytorch train=3.1613 blocks=687 val_best=3.2919
2026-09-15 19:48:58,020 | INFO    | main | step 2060    engine=pytorch train=3.1587 blocks=687 val_best=3.2919
2026-09-15 19:49:08,376 | INFO    | main | step 2088    engine=pytorch train=3.1436 blocks=687 val_best=3.2919
2026-09-15 19:49:13,012 | INFO    | pytorch_trainer | M step=2100   train=3.1344  36012.4 tok/s  step=0.114s  cpu=17.5% gpu=2.0% vram=1302.0MB temp=71.0C pw=46.61W
2026-09-15 19:49:18,682 | INFO    | main | step 2115    engine=pytorch train=3.1352 blocks=687 val_best=3.2919
2026-09-15 19:49:28,875 | INFO    | main | step 2142    engine=pytorch train=3.1441 blocks=687 val_best=3.2919
2026-09-15 19:49:39,028 | INFO    | main | step 2169    engine=pytorch train=3.1274 blocks=687 val_best=3.2919
2026-09-15 19:49:49,130 | INFO    | main | step 2196    engine=pytorch train=3.1079 blocks=687 val_best=3.2919
2026-09-15 19:49:50,663 | INFO    | pytorch_trainer | M step=2200   train=3.0522  36160.6 tok/s  step=0.113s  cpu=2.6% gpu=97.0% vram=1294.0MB temp=73.0C pw=49.57W
2026-09-15 19:49:59,169 | INFO    | main | step 2223    engine=pytorch train=3.1107 blocks=687 val_best=3.2919
2026-09-15 19:50:09,378 | INFO    | main | step 2250    engine=pytorch train=3.1055 blocks=687 val_best=3.2919
2026-09-15 19:50:19,739 | INFO    | main | step 2278    engine=pytorch train=3.1021 blocks=687 val_best=3.2919
2026-09-15 19:50:28,032 | INFO    | pytorch_trainer | M step=2300   train=3.1182  36184.0 tok/s  step=0.113s  cpu=3.1% gpu=0.0% vram=1294.0MB temp=71.0C pw=45.91W
2026-09-15 19:50:30,040 | INFO    | main | step 2305    engine=pytorch train=3.0911 blocks=687 val_best=3.2919
2026-09-15 19:50:40,251 | INFO    | main | step 2332    engine=pytorch train=3.0835 blocks=687 val_best=3.2919
2026-09-15 19:50:50,599 | INFO    | main | step 2360    engine=pytorch train=3.0734 blocks=687 val_best=3.2919
2026-09-15 19:51:00,962 | INFO    | main | step 2388    engine=pytorch train=3.0738 blocks=687 val_best=3.2919
2026-09-15 19:51:05,532 | INFO    | pytorch_trainer | M step=2400   train=3.1551  36222.5 tok/s  step=0.113s  cpu=3.1% gpu=0.0% vram=1294.0MB temp=71.0C pw=46.68W
2026-09-15 19:51:11,222 | INFO    | main | step 2415    engine=pytorch train=3.0671 blocks=687 val_best=3.2919
2026-09-15 19:51:21,241 | INFO    | main | step 2442    engine=pytorch train=3.0523 blocks=687 val_best=3.2919
2026-09-15 19:51:31,598 | INFO    | main | step 2470    engine=pytorch train=3.0447 blocks=687 val_best=3.2919
2026-09-15 19:51:41,803 | INFO    | main | step 2497    engine=pytorch train=3.0568 blocks=687 val_best=3.2919
2026-09-15 19:51:43,315 | INFO    | pytorch_trainer | M step=2500   train=2.9842  36271.7 tok/s  step=0.113s  cpu=7.2% gpu=0.0% vram=1294.0MB temp=72.0C pw=48.74W
2026-09-15 19:51:51,994 | INFO    | main | step 2523    engine=pytorch train=3.0419 blocks=687 val_best=3.2919
2026-09-15 19:52:02,203 | INFO    | main | step 2550    engine=pytorch train=3.0165 blocks=687 val_best=3.2919
2026-09-15 19:52:12,455 | INFO    | main | step 2577    engine=pytorch train=3.0137 blocks=687 val_best=3.2919
2026-09-15 19:52:21,239 | INFO    | pytorch_trainer | M step=2600   train=2.9337  36295.4 tok/s  step=0.113s  cpu=1.8% gpu=82.0% vram=1294.0MB temp=72.0C pw=49.16W
2026-09-15 19:52:22,728 | INFO    | main | step 2604    engine=pytorch train=2.9991 blocks=687 val_best=3.2919
2026-09-15 19:52:32,833 | INFO    | main | step 2630    engine=pytorch train=3.0015 blocks=687 val_best=3.2919
2026-09-15 19:52:41,699 | WARNING | self_learner | PLATEAU detected after 100 stagnant steps (best rolling avg 2.9959) - refreshing knowledge
2026-09-15 19:52:41,699 | INFO    | data_engine | knowledge discovery triggered
2026-09-15 19:52:43,958 | INFO    | data_engine | fetched 4/4 targets
2026-09-15 19:52:43,960 | INFO    | data_engine | collect_from(4 urls): 4 usable chunks
2026-09-15 19:52:44,175 | INFO    | data_engine | discovery round 134 added 0 block(s); buffer now 687
2026-09-15 19:52:44,175 | INFO    | main | step 2654    engine=pytorch train=2.9933 blocks=687 val_best=3.2919
2026-09-15 19:52:54,340 | INFO    | main | step 2681    engine=pytorch train=2.9923 blocks=687 val_best=3.2919
2026-09-15 19:53:01,398 | INFO    | pytorch_trainer | M step=2700   train=2.9862  36203.8 tok/s  step=0.113s  cpu=1.8% gpu=0.0% vram=1294.0MB temp=71.0C pw=49.49W
2026-09-15 19:53:04,342 | INFO    | main | step 2708    engine=pytorch train=2.9835 blocks=687 val_best=3.2919
2026-09-15 19:53:14,704 | INFO    | main | step 2736    engine=pytorch train=2.9763 blocks=687 val_best=3.2919
2026-09-15 19:53:24,947 | INFO    | main | step 2763    engine=pytorch train=2.9513 blocks=687 val_best=3.2919
2026-09-15 19:53:35,266 | INFO    | main | step 2791    engine=pytorch train=2.9558 blocks=687 val_best=3.2919
2026-09-15 19:53:38,648 | INFO    | pytorch_trainer | M step=2800   train=2.9952  36202.2 tok/s  step=0.113s  cpu=2.2% gpu=67.0% vram=1294.0MB temp=72.0C pw=49.75W
2026-09-15 19:53:45,294 | INFO    | main | step 2818    engine=pytorch train=2.9502 blocks=687 val_best=3.2919
2026-09-15 19:53:55,618 | INFO    | main | step 2846    engine=pytorch train=2.9411 blocks=687 val_best=3.2919
2026-09-15 19:54:05,665 | INFO    | main | step 2873    engine=pytorch train=2.9361 blocks=687 val_best=3.2919
2026-09-15 19:54:15,983 | INFO    | pytorch_trainer | M step=2900   train=2.9101  36174.5 tok/s  step=0.113s  cpu=2.3% gpu=17.0% vram=1294.0MB temp=71.0C pw=49.43W
2026-09-15 19:54:16,347 | INFO    | main | step 2901    engine=pytorch train=2.9392 blocks=687 val_best=3.2919
2026-09-15 19:54:26,680 | INFO    | main | step 2929    engine=pytorch train=2.9302 blocks=687 val_best=3.2919
2026-09-15 19:54:37,037 | INFO    | main | step 2957    engine=pytorch train=2.9257 blocks=687 val_best=3.2919
2026-09-15 19:54:47,048 | INFO    | main | step 2984    engine=pytorch train=2.9197 blocks=687 val_best=3.2919
2026-09-15 19:54:53,231 | INFO    | pytorch_trainer | M step=3000   train=2.8038  36181.3 tok/s  step=0.113s  cpu=6.4% gpu=6.0% vram=1294.0MB temp=71.0C pw=48.43W
2026-09-15 19:54:57,300 | INFO    | main | step 3011    engine=pytorch train=2.9115 blocks=687 val_best=3.2919
2026-09-15 19:55:07,541 | INFO    | main | step 3038    engine=pytorch train=2.9131 blocks=687 val_best=3.2919
2026-09-15 19:55:17,897 | INFO    | main | step 3066    engine=pytorch train=2.9036 blocks=687 val_best=3.2919
2026-09-15 19:55:28,116 | INFO    | main | step 3093    engine=pytorch train=2.8999 blocks=687 val_best=3.2919
2026-09-15 19:55:30,746 | INFO    | pytorch_trainer | M step=3100   train=2.7763  36185.7 tok/s  step=0.113s  cpu=3.1% gpu=93.0% vram=1294.0MB temp=74.0C pw=50.17W
2026-09-15 19:55:38,407 | INFO    | main | step 3120    engine=pytorch train=2.8956 blocks=687 val_best=3.2919
2026-09-15 19:55:48,678 | INFO    | main | step 3147    engine=pytorch train=2.8845 blocks=687 val_best=3.2919
2026-09-15 19:55:59,002 | INFO    | main | step 3175    engine=pytorch train=2.8709 blocks=687 val_best=3.2919
2026-09-15 19:56:08,287 | INFO    | pytorch_trainer | M step=3200   train=2.8622  36281.9 tok/s  step=0.113s  cpu=3.2% gpu=59.0% vram=1294.0MB temp=72.0C pw=50.27W
2026-09-15 19:56:09,060 | INFO    | main | step 3202    engine=pytorch train=2.8698 blocks=687 val_best=3.2919
2026-09-15 19:56:19,268 | INFO    | main | step 3229    engine=pytorch train=2.8576 blocks=687 val_best=3.2919
2026-09-15 19:56:29,538 | INFO    | main | step 3256    engine=pytorch train=2.8534 blocks=687 val_best=3.2919
2026-09-15 19:56:39,614 | INFO    | main | step 3283    engine=pytorch train=2.8507 blocks=687 val_best=3.2919
2026-09-15 19:56:46,145 | INFO    | pytorch_trainer | M step=3300   train=2.8955  36272.9 tok/s  step=0.113s  cpu=2.6% gpu=0.0% vram=1303.0MB temp=71.0C pw=49.54W
2026-09-15 19:56:49,819 | INFO    | main | step 3310    engine=pytorch train=2.8416 blocks=687 val_best=3.2919
2026-09-15 19:56:59,941 | INFO    | main | step 3336    engine=pytorch train=2.8313 blocks=687 val_best=3.2919
2026-09-15 19:57:10,363 | INFO    | main | step 3364    engine=pytorch train=2.8280 blocks=687 val_best=3.2919
2026-09-15 19:57:20,535 | INFO    | main | step 3391    engine=pytorch train=2.8185 blocks=687 val_best=3.2919
2026-09-15 19:57:23,914 | INFO    | pytorch_trainer | M step=3400   train=2.8601  36296.3 tok/s  step=0.113s  cpu=2.6% gpu=0.0% vram=1295.0MB temp=71.0C pw=49.78W
2026-09-15 19:57:30,577 | INFO    | main | step 3418    engine=pytorch train=2.8052 blocks=687 val_best=3.2919
2026-09-15 19:57:40,899 | INFO    | main | step 3446    engine=pytorch train=2.8077 blocks=687 val_best=3.2919
2026-09-15 19:57:51,253 | INFO    | main | step 3474    engine=pytorch train=2.8062 blocks=687 val_best=3.2919
2026-09-15 19:58:01,464 | INFO    | pytorch_trainer | M step=3500   train=2.7372  36284.1 tok/s  step=0.113s  cpu=7.1% gpu=82.0% vram=1305.0MB temp=73.0C pw=49.68W
2026-09-15 19:58:01,830 | INFO    | main | step 3501    engine=pytorch train=2.8128 blocks=687 val_best=3.2919
2026-09-15 19:58:12,139 | INFO    | main | step 3528    engine=pytorch train=2.8078 blocks=687 val_best=3.2919
2026-09-15 19:58:12,966 | WARNING | self_learner | PLATEAU detected after 100 stagnant steps (best rolling avg 2.7766) - refreshing knowledge
2026-09-15 19:58:12,966 | INFO    | data_engine | knowledge discovery triggered
2026-09-15 19:58:13,213 | INFO    | data_engine | fetched 4/4 targets
2026-09-15 19:58:13,214 | INFO    | data_engine | collect_from(4 urls): 4 usable chunks
2026-09-15 19:58:13,432 | INFO    | data_engine | discovery round 135 added 0 block(s); buffer now 687
2026-09-15 19:58:22,384 | INFO    | main | step 3554    engine=pytorch train=2.8064 blocks=687 val_best=3.2919
2026-09-15 19:58:32,393 | INFO    | main | step 3581    engine=pytorch train=2.7913 blocks=687 val_best=3.2919
2026-09-15 19:58:39,464 | INFO    | pytorch_trainer | M step=3600   train=2.7375  36248.4 tok/s  step=0.113s  cpu=1.4% gpu=18.0% vram=1298.0MB temp=71.0C pw=49.41W
2026-09-15 19:58:42,404 | INFO    | main | step 3608    engine=pytorch train=2.7789 blocks=687 val_best=3.2919
2026-09-15 19:58:52,530 | INFO    | main | step 3635    engine=pytorch train=2.7736 blocks=687 val_best=3.2919
2026-09-15 19:59:02,548 | INFO    | main | step 3661    engine=pytorch train=2.7632 blocks=687 val_best=3.2919
2026-09-15 19:59:12,834 | INFO    | main | step 3688    engine=pytorch train=2.7639 blocks=687 val_best=3.2919
2026-09-15 19:59:17,330 | INFO    | pytorch_trainer | M step=3700   train=2.8248  36232.5 tok/s  step=0.113s  cpu=2.1% gpu=70.0% vram=1316.0MB temp=72.0C pw=48.49W
2026-09-15 19:59:22,913 | INFO    | main | step 3715    engine=pytorch train=2.7558 blocks=687 val_best=3.2919
2026-09-15 19:59:33,135 | INFO    | main | step 3742    engine=pytorch train=2.7538 blocks=687 val_best=3.2919
2026-09-15 19:59:43,375 | INFO    | main | step 3769    engine=pytorch train=2.7476 blocks=687 val_best=3.2919
2026-09-15 19:59:53,749 | INFO    | main | step 3797    engine=pytorch train=2.7342 blocks=687 val_best=3.2919
2026-09-15 19:59:54,880 | INFO    | pytorch_trainer | M step=3800   train=2.5374  36220.3 tok/s  step=0.113s  cpu=3.9% gpu=1.0% vram=1297.0MB temp=71.0C pw=48.37W
2026-09-15 20:00:03,779 | INFO    | main | step 3824    engine=pytorch train=2.7260 blocks=687 val_best=3.2919
2026-09-15 20:00:13,867 | INFO    | main | step 3851    engine=pytorch train=2.7149 blocks=687 val_best=3.2919
2026-09-15 20:00:24,117 | INFO    | main | step 3878    engine=pytorch train=2.7219 blocks=687 val_best=3.2919
2026-09-15 20:00:32,570 | INFO    | pytorch_trainer | M step=3900   train=2.7468  36142.7 tok/s  step=0.113s  cpu=2.3% gpu=0.0% vram=1299.0MB temp=72.0C pw=49.52W
2026-09-15 20:00:34,439 | INFO    | main | step 3905    engine=pytorch train=2.7367 blocks=687 val_best=3.2919
2026-09-15 20:00:44,842 | INFO    | main | step 3933    engine=pytorch train=2.7261 blocks=687 val_best=3.2919
2026-09-15 20:00:55,147 | INFO    | main | step 3960    engine=pytorch train=2.7063 blocks=687 val_best=3.2919
2026-09-15 20:01:05,182 | INFO    | main | step 3986    engine=pytorch train=2.6957 blocks=687 val_best=3.2919
2026-09-15 20:01:10,884 | INFO    | pytorch_trainer | NEW BEST val=3.1109 (step 4000)
2026-09-15 20:01:10,884 | INFO    | pytorch_trainer | VAL loss=3.1109 best=3.1109 staleness=0/8
2026-09-15 20:01:11,163 | INFO    | pytorch_trainer | M step=4000   train=2.6608  36020.7 tok/s  step=0.114s  cpu=8.3% gpu=12.0% vram=1314.0MB temp=71.0C pw=44.1W
2026-09-15 20:01:15,534 | INFO    | main | step 4011    engine=pytorch train=2.6974 blocks=687 val_best=3.1109
2026-09-15 20:01:25,673 | INFO    | main | step 4038    engine=pytorch train=2.6898 blocks=687 val_best=3.1109
2026-09-15 20:01:35,984 | INFO    | main | step 4064    engine=pytorch train=2.6920 blocks=687 val_best=3.1109
2026-09-15 20:01:46,245 | INFO    | main | step 4091    engine=pytorch train=2.6883 blocks=687 val_best=3.1109
2026-09-15 20:01:49,596 | INFO    | pytorch_trainer | M step=4100   train=2.6706  35995.4 tok/s  step=0.114s  cpu=2.6% gpu=0.0% vram=1300.0MB temp=71.0C pw=49.6W
2026-09-15 20:01:56,283 | INFO    | main | step 4118    engine=pytorch train=2.6806 blocks=687 val_best=3.1109
2026-09-15 20:02:06,637 | INFO    | main | step 4145    engine=pytorch train=2.6608 blocks=687 val_best=3.1109
2026-09-15 20:02:16,780 | INFO    | main | step 4172    engine=pytorch train=2.6418 blocks=687 val_best=3.1109
2026-09-15 20:02:27,089 | INFO    | main | step 4199    engine=pytorch train=2.6394 blocks=687 val_best=3.1109
2026-09-15 20:02:27,509 | INFO    | pytorch_trainer | M step=4200   train=2.8188  35968.1 tok/s  step=0.114s  cpu=21.7% gpu=20.0% vram=1315.0MB temp=72.0C pw=49.78W
2026-09-15 20:02:37,326 | INFO    | main | step 4225    engine=pytorch train=2.6458 blocks=687 val_best=3.1109
2026-09-15 20:02:47,422 | INFO    | main | step 4251    engine=pytorch train=2.6521 blocks=687 val_best=3.1109
2026-09-15 20:02:57,489 | INFO    | main | step 4277    engine=pytorch train=2.6395 blocks=687 val_best=3.1109
2026-09-15 20:03:06,146 | INFO    | pytorch_trainer | M step=4300   train=2.5831  35965.5 tok/s  step=0.114s  cpu=3.5% gpu=47.0% vram=1291.0MB temp=72.0C pw=49.56W
2026-09-15 20:03:07,696 | INFO    | main | step 4304    engine=pytorch train=2.6307 blocks=687 val_best=3.1109
2026-09-15 20:03:17,882 | INFO    | main | step 4331    engine=pytorch train=2.6380 blocks=687 val_best=3.1109
2026-09-15 20:03:27,892 | INFO    | main | step 4358    engine=pytorch train=2.6406 blocks=687 val_best=3.1109
2026-09-15 20:03:38,214 | INFO    | main | step 4386    engine=pytorch train=2.6230 blocks=687 val_best=3.1109
2026-09-15 20:03:43,690 | INFO    | pytorch_trainer | M step=4400   train=2.7448  36024.6 tok/s  step=0.114s  cpu=3.1% gpu=10.0% vram=1296.0MB temp=73.0C pw=49.59W
2026-09-15 20:03:48,487 | INFO    | main | step 4413    engine=pytorch train=2.6158 blocks=687 val_best=3.1109
2026-09-15 20:03:58,726 | INFO    | main | step 4440    engine=pytorch train=2.6045 blocks=687 val_best=3.1109
2026-09-15 20:04:08,814 | INFO    | main | step 4466    engine=pytorch train=2.5969 blocks=687 val_best=3.1109
2026-09-15 20:04:19,006 | INFO    | main | step 4493    engine=pytorch train=2.5875 blocks=687 val_best=3.1109
2026-09-15 20:04:21,973 | INFO    | pytorch_trainer | M step=4500   train=2.5923  36148.1 tok/s  step=0.113s  cpu=6.6% gpu=62.0% vram=1292.0MB temp=75.0C pw=49.83W
2026-09-15 20:04:29,314 | INFO    | main | step 4519    engine=pytorch train=2.5865 blocks=687 val_best=3.1109
2026-09-15 20:04:39,532 | INFO    | main | step 4546    engine=pytorch train=2.5849 blocks=687 val_best=3.1109
2026-09-15 20:04:49,601 | INFO    | main | step 4573    engine=pytorch train=2.5824 blocks=687 val_best=3.1109
2026-09-15 20:04:59,768 | INFO    | main | step 4599    engine=pytorch train=2.5684 blocks=687 val_best=3.1109
2026-09-15 20:05:00,178 | INFO    | pytorch_trainer | M step=4600   train=2.6256  36133.0 tok/s  step=0.113s  cpu=2.6% gpu=14.0% vram=1303.0MB temp=73.0C pw=50.33W
2026-09-15 20:05:09,785 | INFO    | main | step 4626    engine=pytorch train=2.5670 blocks=687 val_best=3.1109
2026-09-15 20:05:20,178 | INFO    | main | step 4653    engine=pytorch train=2.5808 blocks=687 val_best=3.1109
2026-09-15 20:05:30,313 | INFO    | main | step 4680    engine=pytorch train=2.5691 blocks=687 val_best=3.1109
2026-09-15 20:05:36,060 | WARNING | self_learner | PLATEAU detected after 100 stagnant steps (best rolling avg 2.5606) - refreshing knowledge
2026-09-15 20:05:36,060 | INFO    | data_engine | knowledge discovery triggered
2026-09-15 20:05:37,501 | INFO    | data_engine | fetched 4/4 targets
2026-09-15 20:05:37,501 | INFO    | data_engine | collect_from(4 urls): 4 usable chunks
2026-09-15 20:05:37,718 | INFO    | data_engine | discovery round 136 added 0 block(s); buffer now 687
2026-09-15 20:05:39,869 | INFO    | pytorch_trainer | M step=4700   train=2.6061  35976.0 tok/s  step=0.114s  cpu=19.4% gpu=18.0% vram=1314.0MB temp=71.0C pw=36.12W
2026-09-15 20:05:40,684 | INFO    | main | step 4702    engine=pytorch train=2.5636 blocks=687 val_best=3.1109
2026-09-15 20:05:51,031 | INFO    | main | step 4730    engine=pytorch train=2.5590 blocks=687 val_best=3.1109
2026-09-15 20:06:01,294 | INFO    | main | step 4757    engine=pytorch train=2.5483 blocks=687 val_best=3.1109
2026-09-15 20:06:11,463 | INFO    | main | step 4783    engine=pytorch train=2.5426 blocks=687 val_best=3.1109
2026-09-15 20:06:18,046 | INFO    | pytorch_trainer | M step=4800   train=2.5835  35964.5 tok/s  step=0.114s  cpu=3.7% gpu=0.0% vram=1304.0MB temp=71.0C pw=49.8W
2026-09-15 20:06:21,720 | INFO    | main | step 4810    engine=pytorch train=2.5340 blocks=687 val_best=3.1109
2026-09-15 20:06:31,758 | INFO    | main | step 4837    engine=pytorch train=2.5333 blocks=687 val_best=3.1109
2026-09-15 20:06:42,080 | INFO    | main | step 4865    engine=pytorch train=2.5337 blocks=687 val_best=3.1109
2026-09-15 20:06:52,384 | INFO    | main | step 4892    engine=pytorch train=2.5310 blocks=687 val_best=3.1109
2026-09-15 20:06:55,710 | INFO    | pytorch_trainer | M step=4900   train=2.4099  35911.8 tok/s  step=0.114s  cpu=25.8% gpu=71.0% vram=1305.0MB temp=72.0C pw=50.07W
2026-09-15 20:07:02,415 | INFO    | main | step 4918    engine=pytorch train=2.5250 blocks=687 val_best=3.1109
2026-09-15 20:07:12,682 | INFO    | main | step 4945    engine=pytorch train=2.5218 blocks=687 val_best=3.1109
2026-09-15 20:07:22,905 | INFO    | main | step 4972    engine=pytorch train=2.5144 blocks=687 val_best=3.1109
2026-09-15 20:07:33,235 | INFO    | main | step 4999    engine=pytorch train=2.5094 blocks=687 val_best=3.1109
2026-09-15 20:07:33,895 | INFO    | pytorch_trainer | M step=5000   train=2.4745  35886.0 tok/s  step=0.114s  cpu=5.9% gpu=0.0% vram=1293.0MB temp=72.0C pw=49.63W
2026-09-15 20:07:43,562 | INFO    | main | step 5026    engine=pytorch train=2.5024 blocks=687 val_best=3.1109
2026-09-15 20:07:53,889 | INFO    | main | step 5054    engine=pytorch train=2.5034 blocks=687 val_best=3.1109
2026-09-15 20:08:04,066 | INFO    | main | step 5081    engine=pytorch train=2.5109 blocks=687 val_best=3.1109
2026-09-15 20:08:11,478 | INFO    | pytorch_trainer | M step=5100   train=2.5384  35898.2 tok/s  step=0.114s  cpu=4.5% gpu=0.0% vram=1308.0MB temp=71.0C pw=45.71W
2026-09-15 20:08:14,108 | INFO    | main | step 5107    engine=pytorch train=2.5014 blocks=687 val_best=3.1109
2026-09-15 20:08:24,469 | INFO    | main | step 5135    engine=pytorch train=2.4735 blocks=687 val_best=3.1109
2026-09-15 20:08:34,592 | INFO    | main | step 5161    engine=pytorch train=2.4643 blocks=687 val_best=3.1109
2026-09-15 20:08:44,800 | INFO    | main | step 5188    engine=pytorch train=2.4541 blocks=687 val_best=3.1109
2026-09-15 20:08:49,274 | INFO    | pytorch_trainer | M step=5200   train=2.3873  36115.7 tok/s  step=0.113s  cpu=3.5% gpu=82.0% vram=1289.0MB temp=74.0C pw=49.16W
2026-09-15 20:08:54,989 | INFO    | main | step 5215    engine=pytorch train=2.4415 blocks=687 val_best=3.1109
2026-09-15 20:09:05,096 | INFO    | main | step 5242    engine=pytorch train=2.4358 blocks=687 val_best=3.1109
2026-09-15 20:09:15,300 | INFO    | main | step 5269    engine=pytorch train=2.4411 blocks=687 val_best=3.1109
2026-09-15 20:09:25,654 | INFO    | main | step 5297    engine=pytorch train=2.4410 blocks=687 val_best=3.1109
2026-09-15 20:09:26,778 | INFO    | pytorch_trainer | M step=5300   train=2.4303  36155.8 tok/s  step=0.113s  cpu=0.9% gpu=97.0% vram=1289.0MB temp=73.0C pw=49.71W
2026-09-15 20:09:36,045 | INFO    | main | step 5325    engine=pytorch train=2.4446 blocks=687 val_best=3.1109
2026-09-15 20:09:46,281 | INFO    | main | step 5352    engine=pytorch train=2.4311 blocks=687 val_best=3.1109
2026-09-15 20:09:56,551 | INFO    | main | step 5379    engine=pytorch train=2.4271 blocks=687 val_best=3.1109
2026-09-15 20:10:04,371 | INFO    | pytorch_trainer | M step=5400   train=2.4680  36204.5 tok/s  step=0.113s  cpu=1.8% gpu=21.0% vram=1320.0MB temp=74.0C pw=49.89W
2026-09-15 20:10:06,609 | INFO    | main | step 5406    engine=pytorch train=2.4321 blocks=687 val_best=3.1109
2026-09-15 20:10:16,852 | INFO    | main | step 5433    engine=pytorch train=2.4196 blocks=687 val_best=3.1109
2026-09-15 20:10:26,878 | INFO    | main | step 5460    engine=pytorch train=2.4149 blocks=687 val_best=3.1109
2026-09-15 20:10:37,216 | INFO    | main | step 5488    engine=pytorch train=2.4185 blocks=687 val_best=3.1109
2026-09-15 20:10:41,944 | INFO    | pytorch_trainer | M step=5500   train=2.2852  36226.5 tok/s  step=0.113s  cpu=6.7% gpu=37.0% vram=1315.0MB temp=72.0C pw=49.85W
2026-09-15 20:10:47,505 | INFO    | main | step 5515    engine=pytorch train=2.4111 blocks=687 val_best=3.1109
2026-09-15 20:10:57,819 | INFO    | main | step 5542    engine=pytorch train=2.3986 blocks=687 val_best=3.1109
2026-09-15 20:11:08,169 | INFO    | main | step 5570    engine=pytorch train=2.4016 blocks=687 val_best=3.1109
2026-09-15 20:11:18,438 | INFO    | main | step 5597    engine=pytorch train=2.3903 blocks=687 val_best=3.1109
2026-09-15 20:11:19,578 | INFO    | pytorch_trainer | M step=5600   train=2.2370  36259.0 tok/s  step=0.113s  cpu=1.3% gpu=0.0% vram=1320.0MB temp=71.0C pw=49.57W
2026-09-15 20:11:28,760 | INFO    | main | step 5624    engine=pytorch train=2.3766 blocks=687 val_best=3.1109
2026-09-15 20:11:38,920 | INFO    | main | step 5651    engine=pytorch train=2.3690 blocks=687 val_best=3.1109
2026-09-15 20:11:49,093 | INFO    | main | step 5678    engine=pytorch train=2.3605 blocks=687 val_best=3.1109
2026-09-15 20:11:57,493 | INFO    | pytorch_trainer | M step=5700   train=2.4124  36210.7 tok/s  step=0.113s  cpu=4.4% gpu=7.0% vram=1317.0MB temp=71.0C pw=49.67W
2026-09-15 20:11:59,311 | INFO    | main | step 5705    engine=pytorch train=2.3531 blocks=687 val_best=3.1109
2026-09-15 20:12:09,392 | INFO    | main | step 5732    engine=pytorch train=2.3398 blocks=687 val_best=3.1109
2026-09-15 20:12:19,576 | INFO    | main | step 5758    engine=pytorch train=2.3430 blocks=687 val_best=3.1109
2026-09-15 20:12:29,915 | INFO    | main | step 5786    engine=pytorch train=2.3400 blocks=687 val_best=3.1109
2026-09-15 20:12:35,184 | INFO    | pytorch_trainer | M step=5800   train=2.3475  36137.2 tok/s  step=0.113s  cpu=10.2% gpu=2.0% vram=1350.0MB temp=72.0C pw=49.57W
2026-09-15 20:12:40,019 | INFO    | main | step 5813    engine=pytorch train=2.3391 blocks=687 val_best=3.1109
2026-09-15 20:12:41,482 | WARNING | self_learner | PLATEAU detected after 100 stagnant steps (best rolling avg 2.3335) - refreshing knowledge
2026-09-15 20:12:41,482 | INFO    | data_engine | knowledge discovery triggered
2026-09-15 20:12:48,688 | INFO    | data_engine | fetched 4/4 targets
2026-09-15 20:12:48,990 | INFO    | data_engine | collect_from(4 urls): 318 usable chunks
2026-09-15 20:12:49,211 | INFO    | data_engine | discovery round 137 added 0 block(s); buffer now 687
2026-09-15 20:12:50,210 | INFO    | main | step 5819    engine=pytorch train=2.3438 blocks=687 val_best=3.1109
2026-09-15 20:13:00,222 | INFO    | main | step 5846    engine=pytorch train=2.3382 blocks=687 val_best=3.1109
2026-09-15 20:13:10,569 | INFO    | main | step 5874    engine=pytorch train=2.3425 blocks=687 val_best=3.1109
2026-09-15 20:13:20,244 | INFO    | pytorch_trainer | M step=5900   train=2.3319  35969.9 tok/s  step=0.114s  cpu=2.6% gpu=38.0% vram=1349.0MB temp=73.0C pw=49.65W
2026-09-15 20:13:20,608 | INFO    | main | step 5901    engine=pytorch train=2.3427 blocks=687 val_best=3.1109
2026-09-15 20:13:30,615 | INFO    | main | step 5928    engine=pytorch train=2.3200 blocks=687 val_best=3.1109
2026-09-15 20:13:41,034 | INFO    | main | step 5956    engine=pytorch train=2.3169 blocks=687 val_best=3.1109
2026-09-15 20:13:51,363 | INFO    | main | step 5984    engine=pytorch train=2.3082 blocks=687 val_best=3.1109
2026-09-15 20:13:57,367 | INFO    | pytorch_trainer | VAL loss=3.2050 best=3.1109 staleness=1/8
2026-09-15 20:13:57,661 | INFO    | pytorch_trainer | M step=6000   train=2.3446  35955.0 tok/s  step=0.114s  cpu=8.9% gpu=18.0% vram=1320.0MB temp=70.0C pw=47.8W
2026-09-15 20:13:57,913 | INFO    | main | pipeline finished cleanly at step 6000 (step budget reached)
