2026-09-18 18:50:12,327 | INFO    | main | ================================================================
2026-09-18 18:50:12,327 | INFO    | main | self-learning pipeline (steps=6000, model=6L/512E, vocab=4096)
2026-09-18 18:50:12,327 | INFO    | main | ================================================================
2026-09-18 18:50:12,549 | INFO    | data_engine | buffer has 693 valid block(s); skipping seed
2026-09-18 18:50:12,549 | INFO    | main | engine: Standard PyTorch AMP (forced)
2026-09-18 18:50:12,558 | INFO    | data_engine | corpus mmap already present (corpus_5ac147a51cc3d8f2.npy)
2026-09-18 18:50:24,348 | INFO    | main | step 21      engine=pytorch train=8.3288 blocks=693 val_best=inf
2026-09-18 18:50:34,510 | INFO    | main | step 47      engine=pytorch train=8.0031 blocks=693 val_best=inf
2026-09-18 18:50:44,720 | INFO    | main | step 73      engine=pytorch train=7.5673 blocks=693 val_best=inf
2026-09-18 18:50:54,798 | INFO    | main | step 99      engine=pytorch train=7.0846 blocks=693 val_best=inf
2026-09-18 18:50:55,224 | INFO    | pytorch_trainer | M step=100    train=6.2069  27093.3 tok/s  step=0.151s  cpu=10.4% gpu=4.0% vram=1630.0MB temp=69.0C pw=49.58W
2026-09-18 18:51:04,958 | INFO    | main | step 125     engine=pytorch train=6.6817 blocks=693 val_best=inf
2026-09-18 18:51:15,082 | INFO    | main | step 151     engine=pytorch train=6.4098 blocks=693 val_best=inf
2026-09-18 18:51:25,143 | INFO    | main | step 177     engine=pytorch train=6.2125 blocks=693 val_best=inf
2026-09-18 18:51:34,144 | INFO    | pytorch_trainer | M step=200    train=5.6312  29169.0 tok/s  step=0.140s  cpu=2.2% gpu=4.0% vram=1606.0MB temp=71.0C pw=50.17W
2026-09-18 18:51:35,286 | INFO    | main | step 203     engine=pytorch train=6.0049 blocks=693 val_best=inf
2026-09-18 18:51:45,314 | INFO    | main | step 228     engine=pytorch train=5.7377 blocks=693 val_best=inf
2026-09-18 18:51:55,386 | INFO    | main | step 252     engine=pytorch train=5.4777 blocks=693 val_best=inf
2026-09-18 18:52:05,492 | INFO    | main | step 277     engine=pytorch train=5.2381 blocks=693 val_best=inf
2026-09-18 18:52:14,943 | INFO    | pytorch_trainer | M step=300    train=4.8105  29844.2 tok/s  step=0.137s  cpu=5.3% gpu=54.0% vram=1607.0MB temp=73.0C pw=51.85W
2026-09-18 18:52:15,806 | INFO    | main | step 302     engine=pytorch train=5.0438 blocks=693 val_best=inf
2026-09-18 18:52:26,142 | INFO    | main | step 328     engine=pytorch train=4.8731 blocks=693 val_best=inf
2026-09-18 18:52:36,417 | INFO    | main | step 353     engine=pytorch train=4.7586 blocks=693 val_best=inf
2026-09-18 18:52:46,490 | INFO    | main | step 378     engine=pytorch train=4.6542 blocks=693 val_best=inf
2026-09-18 18:52:55,347 | INFO    | pytorch_trainer | M step=400    train=4.4770  30327.0 tok/s  step=0.135s  cpu=5.7% gpu=24.0% vram=1600.0MB temp=73.0C pw=51.12W
2026-09-18 18:52:56,573 | INFO    | main | step 403     engine=pytorch train=4.5719 blocks=693 val_best=inf
2026-09-18 18:53:06,741 | INFO    | main | step 429     engine=pytorch train=4.5011 blocks=693 val_best=inf
2026-09-18 18:53:16,811 | INFO    | main | step 454     engine=pytorch train=4.4422 blocks=693 val_best=inf
2026-09-18 18:53:27,223 | INFO    | main | step 475     engine=pytorch train=4.3974 blocks=693 val_best=inf
2026-09-18 18:53:37,497 | INFO    | pytorch_trainer | M step=500    train=4.3120  30744.6 tok/s  step=0.133s  cpu=7.8% gpu=0.0% vram=1616.0MB temp=72.0C pw=47.0W
2026-09-18 18:53:37,921 | INFO    | main | step 501     engine=pytorch train=4.3440 blocks=693 val_best=inf
2026-09-18 18:53:48,182 | INFO    | main | step 527     engine=pytorch train=4.3115 blocks=693 val_best=inf
2026-09-18 18:53:58,488 | INFO    | main | step 552     engine=pytorch train=4.2797 blocks=693 val_best=inf
2026-09-18 18:54:08,602 | INFO    | main | step 577     engine=pytorch train=4.2518 blocks=693 val_best=inf
2026-09-18 18:54:18,939 | INFO    | main | step 597     engine=pytorch train=4.2248 blocks=693 val_best=inf
2026-09-18 18:54:20,284 | INFO    | pytorch_trainer | M step=600    train=4.1450  31562.0 tok/s  step=0.130s  cpu=7.9% gpu=1.0% vram=1581.0MB temp=72.0C pw=46.79W
2026-09-18 18:54:29,085 | INFO    | main | step 622     engine=pytorch train=4.1985 blocks=693 val_best=inf
2026-09-18 18:54:39,300 | INFO    | main | step 647     engine=pytorch train=4.1744 blocks=693 val_best=inf
2026-09-18 18:54:49,306 | INFO    | main | step 673     engine=pytorch train=4.1524 blocks=693 val_best=inf
2026-09-18 18:54:59,537 | INFO    | main | step 699     engine=pytorch train=4.1317 blocks=693 val_best=inf
2026-09-18 18:54:59,966 | INFO    | pytorch_trainer | M step=700    train=4.0876  31698.8 tok/s  step=0.129s  cpu=3.4% gpu=67.0% vram=1586.0MB temp=75.0C pw=49.99W
2026-09-18 18:55:10,904 | INFO    | main | step 723     engine=pytorch train=4.1207 blocks=693 val_best=inf
2026-09-18 18:55:21,258 | INFO    | main | step 749     engine=pytorch train=4.0888 blocks=693 val_best=inf
2026-09-18 18:55:31,471 | INFO    | main | step 774     engine=pytorch train=4.0664 blocks=693 val_best=inf
2026-09-18 18:55:42,441 | INFO    | main | step 797     engine=pytorch train=4.0535 blocks=693 val_best=inf
2026-09-18 18:55:43,846 | INFO    | pytorch_trainer | M step=800    train=3.9125  31750.2 tok/s  step=0.129s  cpu=5.7% gpu=0.0% vram=1577.0MB temp=70.0C pw=32.87W
2026-09-18 18:55:52,520 | INFO    | main | step 822     engine=pytorch train=4.0423 blocks=693 val_best=inf
2026-09-18 18:56:02,529 | INFO    | main | step 847     engine=pytorch train=4.0267 blocks=693 val_best=inf
2026-09-18 18:56:12,724 | INFO    | main | step 873     engine=pytorch train=4.0061 blocks=693 val_best=inf
2026-09-18 18:56:22,890 | INFO    | main | step 893     engine=pytorch train=3.9876 blocks=693 val_best=inf
2026-09-18 18:56:25,669 | INFO    | pytorch_trainer | M step=900    train=3.8942  31534.9 tok/s  step=0.130s  cpu=4.8% gpu=1.0% vram=1583.0MB temp=72.0C pw=51.35W
2026-09-18 18:56:33,014 | INFO    | main | step 918     engine=pytorch train=3.9644 blocks=693 val_best=inf
2026-09-18 18:56:43,290 | INFO    | main | step 944     engine=pytorch train=3.9430 blocks=693 val_best=inf
2026-09-18 18:56:53,447 | INFO    | main | step 969     engine=pytorch train=3.9114 blocks=693 val_best=inf
2026-09-18 18:57:03,601 | INFO    | main | step 989     engine=pytorch train=3.9007 blocks=693 val_best=inf
2026-09-18 18:57:08,412 | INFO    | pytorch_trainer | M step=1000   train=3.8098  31303.6 tok/s  step=0.131s  cpu=12.6% gpu=12.0% vram=1688.0MB temp=71.0C pw=47.23W
2026-09-18 18:57:13,767 | INFO    | main | step 1014    engine=pytorch train=3.8891 blocks=693 val_best=inf
2026-09-18 18:57:23,956 | INFO    | main | step 1040    engine=pytorch train=3.8563 blocks=693 val_best=inf
2026-09-18 18:57:34,134 | INFO    | main | step 1065    engine=pytorch train=3.8362 blocks=693 val_best=inf
2026-09-18 18:57:44,258 | INFO    | main | step 1090    engine=pytorch train=3.8110 blocks=693 val_best=inf
2026-09-18 18:57:50,429 | INFO    | pytorch_trainer | M step=1100   train=3.6827  31637.1 tok/s  step=0.130s  cpu=13.6% gpu=96.0% vram=1673.0MB temp=72.0C pw=38.27W
2026-09-18 18:57:54,396 | INFO    | main | step 1110    engine=pytorch train=3.7910 blocks=693 val_best=inf
2026-09-18 18:58:04,583 | INFO    | main | step 1135    engine=pytorch train=3.7699 blocks=693 val_best=inf
2026-09-18 18:58:14,786 | INFO    | main | step 1160    engine=pytorch train=3.7502 blocks=693 val_best=inf
2026-09-18 18:58:25,055 | INFO    | main | step 1186    engine=pytorch train=3.7408 blocks=693 val_best=inf
2026-09-18 18:58:30,800 | INFO    | pytorch_trainer | M step=1200   train=3.7561  31405.3 tok/s  step=0.130s  cpu=7.9% gpu=1.0% vram=1615.0MB temp=72.0C pw=50.57W
2026-09-18 18:58:35,062 | INFO    | main | step 1211    engine=pytorch train=3.7287 blocks=693 val_best=inf
2026-09-18 18:58:45,270 | INFO    | main | step 1236    engine=pytorch train=3.7123 blocks=693 val_best=inf
2026-09-18 18:58:55,581 | INFO    | main | step 1262    engine=pytorch train=3.6973 blocks=693 val_best=inf
2026-09-18 18:59:05,805 | INFO    | main | step 1282    engine=pytorch train=3.6717 blocks=693 val_best=inf
2026-09-18 18:59:12,708 | INFO    | pytorch_trainer | M step=1300   train=3.7115  31487.5 tok/s  step=0.130s  cpu=2.2% gpu=0.0% vram=1642.0MB temp=72.0C pw=48.25W
2026-09-18 18:59:16,017 | INFO    | main | step 1308    engine=pytorch train=3.6634 blocks=693 val_best=inf
2026-09-18 18:59:26,182 | INFO    | main | step 1334    engine=pytorch train=3.6582 blocks=693 val_best=inf
2026-09-18 18:59:37,949 | INFO    | main | step 1359    engine=pytorch train=3.6405 blocks=693 val_best=inf
2026-09-18 18:59:48,289 | INFO    | main | step 1385    engine=pytorch train=3.6206 blocks=693 val_best=inf
2026-09-18 18:59:54,501 | INFO    | pytorch_trainer | M step=1400   train=3.5576  31754.5 tok/s  step=0.129s  cpu=6.7% gpu=96.0% vram=1635.0MB temp=75.0C pw=50.78W
2026-09-18 18:59:58,388 | INFO    | main | step 1410    engine=pytorch train=3.6091 blocks=693 val_best=inf
2026-09-18 19:00:08,716 | INFO    | main | step 1435    engine=pytorch train=3.6000 blocks=693 val_best=inf
2026-09-18 19:00:18,765 | INFO    | main | step 1460    engine=pytorch train=3.5793 blocks=693 val_best=inf
2026-09-18 19:00:29,128 | INFO    | main | step 1480    engine=pytorch train=3.5643 blocks=693 val_best=inf
2026-09-18 19:00:37,268 | INFO    | pytorch_trainer | M step=1500   train=3.5750  31586.7 tok/s  step=0.130s  cpu=9.2% gpu=17.0% vram=1634.0MB temp=71.0C pw=47.05W
2026-09-18 19:00:39,421 | INFO    | main | step 1505    engine=pytorch train=3.5566 blocks=693 val_best=inf
2026-09-18 19:00:49,423 | INFO    | main | step 1530    engine=pytorch train=3.5422 blocks=693 val_best=inf
2026-09-18 19:01:00,032 | INFO    | main | step 1552    engine=pytorch train=3.5428 blocks=693 val_best=inf
2026-09-18 19:01:10,221 | INFO    | main | step 1578    engine=pytorch train=3.5328 blocks=693 val_best=inf
2026-09-18 19:01:19,034 | INFO    | pytorch_trainer | M step=1600   train=3.4884  31489.0 tok/s  step=0.130s  cpu=7.4% gpu=69.0% vram=1640.0MB temp=75.0C pw=48.97W
2026-09-18 19:01:20,636 | INFO    | main | step 1604    engine=pytorch train=3.5245 blocks=693 val_best=inf
2026-09-18 19:01:30,897 | INFO    | main | step 1624    engine=pytorch train=3.5195 blocks=693 val_best=inf
2026-09-18 19:01:41,236 | INFO    | main | step 1650    engine=pytorch train=3.5023 blocks=693 val_best=inf
2026-09-18 19:01:51,585 | INFO    | main | step 1676    engine=pytorch train=3.4923 blocks=693 val_best=inf
2026-09-18 19:02:01,049 | INFO    | pytorch_trainer | M step=1700   train=3.4105  31587.9 tok/s  step=0.130s  cpu=4.4% gpu=36.0% vram=1627.0MB temp=75.0C pw=48.52W
2026-09-18 19:02:01,803 | INFO    | main | step 1702    engine=pytorch train=3.4762 blocks=693 val_best=inf
2026-09-18 19:02:11,918 | INFO    | main | step 1727    engine=pytorch train=3.4705 blocks=693 val_best=inf
2026-09-18 19:02:22,068 | INFO    | main | step 1752    engine=pytorch train=3.4568 blocks=693 val_best=inf
2026-09-18 19:02:32,303 | INFO    | main | step 1778    engine=pytorch train=3.4407 blocks=693 val_best=inf
2026-09-18 19:02:42,447 | INFO    | main | step 1799    engine=pytorch train=3.4431 blocks=693 val_best=inf
2026-09-18 19:02:43,069 | INFO    | pytorch_trainer | M step=1800   train=3.3523  31524.1 tok/s  step=0.130s  cpu=9.2% gpu=98.0% vram=1615.0MB temp=69.0C pw=29.67W
2026-09-18 19:02:52,569 | INFO    | main | step 1824    engine=pytorch train=3.4339 blocks=693 val_best=inf
2026-09-18 19:03:02,878 | INFO    | main | step 1850    engine=pytorch train=3.4309 blocks=693 val_best=inf
2026-09-18 19:03:13,067 | INFO    | main | step 1875    engine=pytorch train=3.4191 blocks=693 val_best=inf
2026-09-18 19:03:23,167 | INFO    | pytorch_trainer | M step=1900   train=3.4101  31615.8 tok/s  step=0.130s  cpu=4.4% gpu=0.0% vram=1647.0MB temp=72.0C pw=49.99W
2026-09-18 19:03:23,583 | INFO    | main | step 1901    engine=pytorch train=3.4090 blocks=693 val_best=inf
2026-09-18 19:03:33,737 | INFO    | main | step 1926    engine=pytorch train=3.3788 blocks=693 val_best=inf
2026-09-18 19:03:43,820 | INFO    | main | step 1951    engine=pytorch train=3.3522 blocks=693 val_best=inf
2026-09-18 19:03:53,859 | INFO    | main | step 1976    engine=pytorch train=3.3629 blocks=693 val_best=inf
2026-09-18 19:04:03,684 | INFO    | pytorch_trainer | NEW BEST val=3.3779 (step 2000)
2026-09-18 19:04:03,684 | INFO    | pytorch_trainer | VAL loss=3.3779 best=3.3779 staleness=0/8
2026-09-18 19:04:04,000 | INFO    | pytorch_trainer | M step=2000   train=3.4819  31970.8 tok/s  step=0.128s  cpu=12.2% gpu=15.0% vram=1626.0MB temp=72.0C pw=49.0W
2026-09-18 19:04:04,379 | INFO    | main | step 2001    engine=pytorch train=3.3592 blocks=693 val_best=3.3779
2026-09-18 19:04:14,466 | INFO    | main | step 2021    engine=pytorch train=3.3576 blocks=693 val_best=3.3779
2026-09-18 19:04:24,637 | INFO    | main | step 2047    engine=pytorch train=3.3431 blocks=693 val_best=3.3779
2026-09-18 19:04:28,461 | WARNING | self_learner | PLATEAU detected after 100 stagnant steps (best rolling avg 3.3212) - refreshing knowledge
2026-09-18 19:04:28,461 | INFO    | data_engine | knowledge discovery triggered
2026-09-18 19:04:30,752 | INFO    | data_engine | fetched 4/4 targets
2026-09-18 19:04:30,752 | INFO    | data_engine | collect_from(4 urls): 4 usable chunks
2026-09-18 19:04:30,982 | INFO    | data_engine | discovery round 1 added 0 block(s); buffer now 693
2026-09-18 19:04:34,819 | INFO    | main | step 2060    engine=pytorch train=3.3386 blocks=693 val_best=3.3779
2026-09-18 19:04:44,848 | INFO    | main | step 2085    engine=pytorch train=3.3322 blocks=693 val_best=3.3779
2026-09-18 19:04:50,884 | INFO    | pytorch_trainer | M step=2100   train=3.3446  31569.4 tok/s  step=0.130s  cpu=5.7% gpu=0.0% vram=1625.0MB temp=71.0C pw=48.71W
2026-09-18 19:04:55,200 | INFO    | main | step 2111    engine=pytorch train=3.3233 blocks=693 val_best=3.3779
2026-09-18 19:05:05,556 | INFO    | main | step 2137    engine=pytorch train=3.3145 blocks=693 val_best=3.3779
2026-09-18 19:05:15,774 | INFO    | main | step 2162    engine=pytorch train=3.3231 blocks=693 val_best=3.3779
2026-09-18 19:05:26,090 | INFO    | main | step 2183    engine=pytorch train=3.3092 blocks=693 val_best=3.3779
2026-09-18 19:05:32,816 | INFO    | pytorch_trainer | M step=2200   train=3.3163  31609.9 tok/s  step=0.130s  cpu=10.2% gpu=0.0% vram=1609.0MB temp=71.0C pw=47.19W
2026-09-18 19:05:36,455 | INFO    | main | step 2209    engine=pytorch train=3.3041 blocks=693 val_best=3.3779
2026-09-18 19:05:46,742 | INFO    | main | step 2235    engine=pytorch train=3.2949 blocks=693 val_best=3.3779
2026-09-18 19:05:57,053 | INFO    | main | step 2260    engine=pytorch train=3.2831 blocks=693 val_best=3.3779
2026-09-18 19:06:07,248 | INFO    | main | step 2285    engine=pytorch train=3.2722 blocks=693 val_best=3.3779
2026-09-18 19:06:13,317 | INFO    | pytorch_trainer | M step=2300   train=3.1895  31875.5 tok/s  step=0.129s  cpu=9.2% gpu=1.0% vram=1619.0MB temp=72.0C pw=51.15W
2026-09-18 19:06:17,252 | INFO    | main | step 2310    engine=pytorch train=3.2683 blocks=693 val_best=3.3779
2026-09-18 19:06:27,349 | INFO    | main | step 2335    engine=pytorch train=3.2666 blocks=693 val_best=3.3779
2026-09-18 19:06:37,383 | INFO    | main | step 2360    engine=pytorch train=3.2577 blocks=693 val_best=3.3779
2026-09-18 19:06:47,499 | INFO    | main | step 2385    engine=pytorch train=3.2530 blocks=693 val_best=3.3779
2026-09-18 19:06:53,832 | INFO    | pytorch_trainer | M step=2400   train=3.2302  31544.8 tok/s  step=0.130s  cpu=5.4% gpu=0.0% vram=1613.0MB temp=72.0C pw=46.47W
2026-09-18 19:06:57,651 | INFO    | main | step 2410    engine=pytorch train=3.2545 blocks=693 val_best=3.3779
2026-09-18 19:07:07,756 | INFO    | main | step 2435    engine=pytorch train=3.2518 blocks=693 val_best=3.3779
2026-09-18 19:07:17,983 | INFO    | main | step 2461    engine=pytorch train=3.2427 blocks=693 val_best=3.3779
2026-09-18 19:07:28,124 | INFO    | main | step 2486    engine=pytorch train=3.2404 blocks=693 val_best=3.3779
2026-09-18 19:07:36,166 | INFO    | pytorch_trainer | M step=2500   train=3.2165  31406.1 tok/s  step=0.130s  cpu=9.7% gpu=0.0% vram=1619.0MB temp=73.0C pw=51.53W
2026-09-18 19:07:38,499 | INFO    | main | step 2506    engine=pytorch train=3.2370 blocks=693 val_best=3.3779
2026-09-18 19:07:48,816 | INFO    | main | step 2532    engine=pytorch train=3.2300 blocks=693 val_best=3.3779
2026-09-18 19:07:58,967 | INFO    | main | step 2558    engine=pytorch train=3.2077 blocks=693 val_best=3.3779
2026-09-18 19:08:09,079 | INFO    | main | step 2584    engine=pytorch train=3.2051 blocks=693 val_best=3.3779
2026-09-18 19:08:17,493 | INFO    | pytorch_trainer | M step=2600   train=3.1677  31874.5 tok/s  step=0.129s  cpu=21.0% gpu=65.0% vram=1682.0MB temp=75.0C pw=50.05W
2026-09-18 19:08:19,417 | INFO    | main | step 2605    engine=pytorch train=3.1979 blocks=693 val_best=3.3779
2026-09-18 19:08:29,607 | INFO    | main | step 2631    engine=pytorch train=3.1925 blocks=693 val_best=3.3779
2026-09-18 19:08:39,818 | INFO    | main | step 2657    engine=pytorch train=3.1863 blocks=693 val_best=3.3779
2026-09-18 19:08:50,096 | INFO    | main | step 2684    engine=pytorch train=3.1752 blocks=693 val_best=3.3779
2026-09-18 19:08:56,495 | INFO    | pytorch_trainer | M step=2700   train=3.3405  32182.5 tok/s  step=0.127s  cpu=2.6% gpu=74.0% vram=1635.0MB temp=73.0C pw=50.02W
2026-09-18 19:09:00,320 | INFO    | main | step 2710    engine=pytorch train=3.1737 blocks=693 val_best=3.3779
2026-09-18 19:09:11,054 | INFO    | main | step 2732    engine=pytorch train=3.1693 blocks=693 val_best=3.3779
2026-09-18 19:09:21,350 | INFO    | main | step 2752    engine=pytorch train=3.1612 blocks=693 val_best=3.3779
2026-09-18 19:09:31,508 | INFO    | main | step 2778    engine=pytorch train=3.1597 blocks=693 val_best=3.3779
2026-09-18 19:09:41,831 | INFO    | main | step 2799    engine=pytorch train=3.1576 blocks=693 val_best=3.3779
2026-09-18 19:09:42,249 | INFO    | pytorch_trainer | M step=2800   train=3.0701  32006.6 tok/s  step=0.128s  cpu=3.1% gpu=0.0% vram=1624.0MB temp=71.0C pw=49.61W
2026-09-18 19:09:52,039 | INFO    | main | step 2825    engine=pytorch train=3.1450 blocks=693 val_best=3.3779
2026-09-18 19:10:02,073 | INFO    | main | step 2850    engine=pytorch train=3.1353 blocks=693 val_best=3.3779
2026-09-18 19:10:12,317 | INFO    | main | step 2877    engine=pytorch train=3.1371 blocks=693 val_best=3.3779
2026-09-18 19:10:22,642 | INFO    | main | step 2898    engine=pytorch train=3.1357 blocks=693 val_best=3.3779
2026-09-18 19:10:23,437 | INFO    | pytorch_trainer | M step=2900   train=3.2341  32445.5 tok/s  step=0.126s  cpu=2.1% gpu=42.0% vram=1624.0MB temp=72.0C pw=49.66W
2026-09-18 19:10:32,748 | INFO    | main | step 2924    engine=pytorch train=3.1314 blocks=693 val_best=3.3779
2026-09-18 19:10:42,950 | INFO    | main | step 2950    engine=pytorch train=3.1232 blocks=693 val_best=3.3779
2026-09-18 19:10:53,098 | INFO    | main | step 2976    engine=pytorch train=3.1106 blocks=693 val_best=3.3779
2026-09-18 19:11:02,783 | INFO    | pytorch_trainer | M step=3000   train=3.0095  32883.4 tok/s  step=0.125s  cpu=6.2% gpu=49.0% vram=1623.0MB temp=75.0C pw=49.81W
2026-09-18 19:11:03,157 | INFO    | main | step 3001    engine=pytorch train=3.1157 blocks=693 val_best=3.3779
2026-09-18 19:11:13,445 | INFO    | main | step 3027    engine=pytorch train=3.1247 blocks=693 val_best=3.3779
2026-09-18 19:11:23,849 | INFO    | main | step 3053    engine=pytorch train=3.1237 blocks=693 val_best=3.3779
2026-09-18 19:11:29,308 | WARNING | self_learner | PLATEAU detected after 100 stagnant steps (best rolling avg 3.1093) - refreshing knowledge
2026-09-18 19:11:29,308 | INFO    | data_engine | knowledge discovery triggered
2026-09-18 19:11:32,692 | INFO    | data_engine | fetched 4/4 targets
2026-09-18 19:11:32,692 | INFO    | data_engine | collect_from(4 urls): 4 usable chunks
2026-09-18 19:11:32,919 | INFO    | data_engine | discovery round 2 added 0 block(s); buffer now 693
2026-09-18 19:11:33,949 | INFO    | main | step 3069    engine=pytorch train=3.1199 blocks=693 val_best=3.3779
2026-09-18 19:11:44,032 | INFO    | main | step 3095    engine=pytorch train=3.1125 blocks=693 val_best=3.3779
2026-09-18 19:11:45,988 | INFO    | pytorch_trainer | M step=3100   train=3.1029  33086.5 tok/s  step=0.124s  cpu=3.1% gpu=30.0% vram=1622.0MB temp=74.0C pw=49.92W
2026-09-18 19:11:54,228 | INFO    | main | step 3121    engine=pytorch train=3.0996 blocks=693 val_best=3.3779
2026-09-18 19:12:04,422 | INFO    | main | step 3147    engine=pytorch train=3.0924 blocks=693 val_best=3.3779
2026-09-18 19:12:14,569 | INFO    | main | step 3173    engine=pytorch train=3.0845 blocks=693 val_best=3.3779
2026-09-18 19:12:24,659 | INFO    | main | step 3199    engine=pytorch train=3.0798 blocks=693 val_best=3.3779
2026-09-18 19:12:25,080 | INFO    | pytorch_trainer | M step=3200   train=3.0829  33028.1 tok/s  step=0.124s  cpu=7.0% gpu=94.0% vram=1613.0MB temp=73.0C pw=49.6W
2026-09-18 19:12:34,734 | INFO    | main | step 3225    engine=pytorch train=3.0818 blocks=693 val_best=3.3779
2026-09-18 19:12:45,252 | INFO    | main | step 3250    engine=pytorch train=3.0764 blocks=693 val_best=3.3779
2026-09-18 19:12:55,609 | INFO    | main | step 3276    engine=pytorch train=3.0686 blocks=693 val_best=3.3779
2026-09-18 19:13:05,146 | INFO    | pytorch_trainer | M step=3300   train=3.0824  32992.4 tok/s  step=0.124s  cpu=7.0% gpu=29.0% vram=1609.0MB temp=72.0C pw=48.35W
2026-09-18 19:13:05,905 | INFO    | main | step 3302    engine=pytorch train=3.0676 blocks=693 val_best=3.3779
2026-09-18 19:13:16,175 | INFO    | main | step 3328    engine=pytorch train=3.0682 blocks=693 val_best=3.3779
2026-09-18 19:13:26,589 | INFO    | main | step 3354    engine=pytorch train=3.0629 blocks=693 val_best=3.3779
2026-09-18 19:13:36,755 | INFO    | main | step 3380    engine=pytorch train=3.0613 blocks=693 val_best=3.3779
2026-09-18 19:13:47,098 | INFO    | pytorch_trainer | M step=3400   train=3.0341  32701.5 tok/s  step=0.125s  cpu=6.1% gpu=57.0% vram=1608.0MB temp=73.0C pw=34.93W
2026-09-18 19:13:47,490 | INFO    | main | step 3401    engine=pytorch train=3.0479 blocks=693 val_best=3.3779
2026-09-18 19:13:57,763 | INFO    | main | step 3427    engine=pytorch train=3.0484 blocks=693 val_best=3.3779
2026-09-18 19:14:07,857 | INFO    | main | step 3452    engine=pytorch train=3.0458 blocks=693 val_best=3.3779
2026-09-18 19:14:17,970 | INFO    | main | step 3477    engine=pytorch train=3.0336 blocks=693 val_best=3.3779
2026-09-18 19:14:27,498 | INFO    | pytorch_trainer | M step=3500   train=3.0462  32075.7 tok/s  step=0.128s  cpu=16.3% gpu=10.0% vram=1609.0MB temp=72.0C pw=46.63W
2026-09-18 19:14:28,256 | INFO    | main | step 3502    engine=pytorch train=3.0351 blocks=693 val_best=3.3779
2026-09-18 19:14:38,346 | INFO    | main | step 3528    engine=pytorch train=3.0233 blocks=693 val_best=3.3779
2026-09-18 19:14:48,676 | INFO    | main | step 3554    engine=pytorch train=3.0220 blocks=693 val_best=3.3779
2026-09-18 19:14:58,932 | INFO    | main | step 3579    engine=pytorch train=3.0148 blocks=693 val_best=3.3779
2026-09-18 19:15:07,471 | INFO    | pytorch_trainer | M step=3600   train=2.9765  31777.5 tok/s  step=0.129s  cpu=3.9% gpu=72.0% vram=1602.0MB temp=74.0C pw=51.25W
2026-09-18 19:15:09,029 | INFO    | main | step 3604    engine=pytorch train=3.0191 blocks=693 val_best=3.3779
2026-09-18 19:15:19,293 | INFO    | main | step 3630    engine=pytorch train=3.0115 blocks=693 val_best=3.3779
2026-09-18 19:15:29,329 | INFO    | main | step 3650    engine=pytorch train=3.0072 blocks=693 val_best=3.3779
2026-09-18 19:15:39,380 | INFO    | main | step 3670    engine=pytorch train=3.0207 blocks=693 val_best=3.3779
2026-09-18 19:15:49,711 | INFO    | main | step 3696    engine=pytorch train=3.0023 blocks=693 val_best=3.3779
2026-09-18 19:15:51,280 | INFO    | pytorch_trainer | M step=3700   train=3.0359  31387.3 tok/s  step=0.131s  cpu=5.4% gpu=0.0% vram=1603.0MB temp=72.0C pw=51.28W
2026-09-18 19:15:59,869 | INFO    | main | step 3721    engine=pytorch train=2.9970 blocks=693 val_best=3.3779
2026-09-18 19:16:10,035 | INFO    | main | step 3746    engine=pytorch train=2.9905 blocks=693 val_best=3.3779
2026-09-18 19:16:20,283 | INFO    | main | step 3771    engine=pytorch train=2.9815 blocks=693 val_best=3.3779
2026-09-18 19:16:30,646 | INFO    | main | step 3791    engine=pytorch train=2.9808 blocks=693 val_best=3.3779
2026-09-18 19:16:34,162 | INFO    | pytorch_trainer | M step=3800   train=3.0012  30914.4 tok/s  step=0.133s  cpu=9.5% gpu=50.0% vram=1602.0MB temp=71.0C pw=48.5W
2026-09-18 19:16:40,738 | INFO    | main | step 3817    engine=pytorch train=2.9741 blocks=693 val_best=3.3779
2026-09-18 19:16:51,062 | INFO    | main | step 3843    engine=pytorch train=2.9710 blocks=693 val_best=3.3779
2026-09-18 19:17:01,086 | INFO    | main | step 3863    engine=pytorch train=2.9610 blocks=693 val_best=3.3779
2026-09-18 19:17:11,461 | INFO    | main | step 3890    engine=pytorch train=2.9557 blocks=693 val_best=3.3779
2026-09-18 19:17:15,633 | INFO    | pytorch_trainer | M step=3900   train=3.0410  30914.6 tok/s  step=0.133s  cpu=7.8% gpu=65.0% vram=1594.0MB temp=75.0C pw=50.16W
2026-09-18 19:17:21,508 | INFO    | main | step 3914    engine=pytorch train=2.9525 blocks=693 val_best=3.3779
2026-09-18 19:17:31,620 | INFO    | main | step 3934    engine=pytorch train=2.9485 blocks=693 val_best=3.3779
2026-09-18 19:17:41,747 | INFO    | main | step 3960    engine=pytorch train=2.9705 blocks=693 val_best=3.3779
2026-09-18 19:17:51,951 | WARNING | self_learner | PLATEAU detected after 100 stagnant steps (best rolling avg 2.9488) - refreshing knowledge
2026-09-18 19:17:51,951 | INFO    | data_engine | knowledge discovery triggered
2026-09-18 19:17:52,555 | INFO    | data_engine | fetched 4/4 targets
2026-09-18 19:17:52,557 | INFO    | data_engine | collect_from(4 urls): 4 usable chunks
2026-09-18 19:17:52,788 | INFO    | data_engine | discovery round 3 added 0 block(s); buffer now 693
2026-09-18 19:17:52,790 | INFO    | main | step 3980    engine=pytorch train=2.9677 blocks=693 val_best=3.3779
2026-09-18 19:18:01,304 | INFO    | pytorch_trainer | NEW BEST val=3.1393 (step 4000)
2026-09-18 19:18:01,304 | INFO    | pytorch_trainer | VAL loss=3.1393 best=3.1393 staleness=0/8
2026-09-18 19:18:01,628 | INFO    | pytorch_trainer | M step=4000   train=2.9517  31008.3 tok/s  step=0.132s  cpu=14.4% gpu=17.0% vram=1599.0MB temp=71.0C pw=49.16W
2026-09-18 19:18:02,831 | INFO    | main | step 4003    engine=pytorch train=2.9641 blocks=693 val_best=3.1393
2026-09-18 19:18:12,971 | INFO    | main | step 4028    engine=pytorch train=2.9597 blocks=693 val_best=3.1393
2026-09-18 19:18:23,093 | INFO    | main | step 4053    engine=pytorch train=2.9618 blocks=693 val_best=3.1393
2026-09-18 19:18:33,312 | INFO    | main | step 4078    engine=pytorch train=2.9576 blocks=693 val_best=3.1393
2026-09-18 19:18:41,862 | INFO    | pytorch_trainer | M step=4100   train=2.9898  30885.5 tok/s  step=0.133s  cpu=7.0% gpu=0.0% vram=1593.0MB temp=72.0C pw=51.3W
2026-09-18 19:18:43,422 | INFO    | main | step 4104    engine=pytorch train=2.9388 blocks=693 val_best=3.1393
2026-09-18 19:18:53,719 | INFO    | main | step 4130    engine=pytorch train=2.9386 blocks=693 val_best=3.1393
2026-09-18 19:19:04,026 | INFO    | main | step 4151    engine=pytorch train=2.9416 blocks=693 val_best=3.1393
2026-09-18 19:19:14,305 | INFO    | main | step 4177    engine=pytorch train=2.9351 blocks=693 val_best=3.1393
2026-09-18 19:19:23,528 | INFO    | pytorch_trainer | M step=4200   train=2.9315  31030.7 tok/s  step=0.132s  cpu=4.4% gpu=6.0% vram=1599.0MB temp=75.0C pw=51.18W
2026-09-18 19:19:24,729 | INFO    | main | step 4203    engine=pytorch train=2.9307 blocks=693 val_best=3.1393
2026-09-18 19:19:34,801 | INFO    | main | step 4229    engine=pytorch train=2.9377 blocks=693 val_best=3.1393
2026-09-18 19:19:44,991 | INFO    | main | step 4254    engine=pytorch train=2.9422 blocks=693 val_best=3.1393
2026-09-18 19:19:55,331 | INFO    | main | step 4280    engine=pytorch train=2.9404 blocks=693 val_best=3.1393
2026-09-18 19:20:03,332 | INFO    | pytorch_trainer | M step=4300   train=2.9709  31508.7 tok/s  step=0.130s  cpu=3.5% gpu=0.0% vram=1645.0MB temp=72.0C pw=46.6W
2026-09-18 19:20:05,613 | INFO    | main | step 4306    engine=pytorch train=2.9251 blocks=693 val_best=3.1393
2026-09-18 19:20:15,737 | INFO    | main | step 4332    engine=pytorch train=2.9219 blocks=693 val_best=3.1393
2026-09-18 19:20:26,067 | INFO    | main | step 4353    engine=pytorch train=2.9101 blocks=693 val_best=3.1393
2026-09-18 19:20:36,108 | INFO    | main | step 4378    engine=pytorch train=2.9286 blocks=693 val_best=3.1393
2026-09-18 19:20:44,485 | INFO    | pytorch_trainer | M step=4400   train=3.0427  31756.9 tok/s  step=0.129s  cpu=2.6% gpu=0.0% vram=1636.0MB temp=75.0C pw=50.12W
2026-09-18 19:20:46,225 | INFO    | main | step 4404    engine=pytorch train=2.9233 blocks=693 val_best=3.1393
2026-09-18 19:20:56,420 | INFO    | main | step 4430    engine=pytorch train=2.9202 blocks=693 val_best=3.1393
2026-09-18 19:21:06,454 | INFO    | main | step 4455    engine=pytorch train=2.9159 blocks=693 val_best=3.1393
2026-09-18 19:21:16,677 | INFO    | main | step 4476    engine=pytorch train=2.9051 blocks=693 val_best=3.1393
2026-09-18 19:21:26,138 | INFO    | pytorch_trainer | M step=4500   train=2.8861  32167.5 tok/s  step=0.127s  cpu=5.6% gpu=0.0% vram=1626.0MB temp=72.0C pw=50.54W
2026-09-18 19:21:26,938 | INFO    | main | step 4502    engine=pytorch train=2.9029 blocks=693 val_best=3.1393
2026-09-18 19:21:36,979 | INFO    | main | step 4527    engine=pytorch train=2.8965 blocks=693 val_best=3.1393
2026-09-18 19:21:47,712 | INFO    | main | step 4549    engine=pytorch train=2.8941 blocks=693 val_best=3.1393
2026-09-18 19:21:58,068 | INFO    | main | step 4575    engine=pytorch train=2.8923 blocks=693 val_best=3.1393
2026-09-18 19:22:07,991 | INFO    | pytorch_trainer | M step=4600   train=2.8093  32538.1 tok/s  step=0.126s  cpu=3.1% gpu=35.0% vram=1662.0MB temp=73.0C pw=51.15W
2026-09-18 19:22:08,367 | INFO    | main | step 4601    engine=pytorch train=2.8876 blocks=693 val_best=3.1393
2026-09-18 19:22:18,577 | INFO    | main | step 4627    engine=pytorch train=2.8628 blocks=693 val_best=3.1393
2026-09-18 19:22:28,699 | INFO    | main | step 4653    engine=pytorch train=2.8792 blocks=693 val_best=3.1393
2026-09-18 19:22:39,094 | INFO    | main | step 4674    engine=pytorch train=2.8796 blocks=693 val_best=3.1393
2026-09-18 19:22:49,481 | INFO    | pytorch_trainer | M step=4700   train=3.0226  32771.5 tok/s  step=0.125s  cpu=1.3% gpu=30.0% vram=1642.0MB temp=72.0C pw=50.11W
2026-09-18 19:22:49,854 | INFO    | main | step 4701    engine=pytorch train=2.8824 blocks=693 val_best=3.1393
2026-09-18 19:23:00,132 | INFO    | main | step 4722    engine=pytorch train=2.8787 blocks=693 val_best=3.1393
2026-09-18 19:23:04,712 | WARNING | self_learner | PLATEAU detected after 100 stagnant steps (best rolling avg 2.8488) - refreshing knowledge
2026-09-18 19:23:04,712 | INFO    | data_engine | knowledge discovery triggered
2026-09-18 19:23:05,005 | INFO    | data_engine | fetched 4/4 targets
2026-09-18 19:23:05,005 | INFO    | data_engine | collect_from(4 urls): 4 usable chunks
2026-09-18 19:23:05,229 | INFO    | data_engine | discovery round 4 added 0 block(s); buffer now 693
2026-09-18 19:23:10,213 | INFO    | main | step 4747    engine=pytorch train=2.8670 blocks=693 val_best=3.1393
2026-09-18 19:23:20,336 | INFO    | main | step 4773    engine=pytorch train=2.8593 blocks=693 val_best=3.1393
2026-09-18 19:23:30,610 | INFO    | main | step 4799    engine=pytorch train=2.8525 blocks=693 val_best=3.1393
2026-09-18 19:23:31,082 | INFO    | pytorch_trainer | M step=4800   train=2.9819  32994.8 tok/s  step=0.124s  cpu=2.2% gpu=91.0% vram=1643.0MB temp=73.0C pw=50.16W
2026-09-18 19:23:40,700 | INFO    | main | step 4825    engine=pytorch train=2.8512 blocks=693 val_best=3.1393
2026-09-18 19:23:50,743 | INFO    | main | step 4850    engine=pytorch train=2.8525 blocks=693 val_best=3.1393
2026-09-18 19:24:00,932 | INFO    | main | step 4876    engine=pytorch train=2.8560 blocks=693 val_best=3.1393
2026-09-18 19:24:10,412 | INFO    | pytorch_trainer | M step=4900   train=3.0313  33082.5 tok/s  step=0.124s  cpu=8.3% gpu=0.0% vram=1641.0MB temp=72.0C pw=50.48W
2026-09-18 19:24:11,210 | INFO    | main | step 4902    engine=pytorch train=2.8659 blocks=693 val_best=3.1393
2026-09-18 19:24:21,337 | INFO    | main | step 4928    engine=pytorch train=2.8556 blocks=693 val_best=3.1393
2026-09-18 19:24:31,409 | INFO    | main | step 4953    engine=pytorch train=2.8597 blocks=693 val_best=3.1393
2026-09-18 19:24:41,558 | INFO    | main | step 4974    engine=pytorch train=2.8566 blocks=693 val_best=3.1393
2026-09-18 19:24:51,913 | INFO    | pytorch_trainer | M step=5000   train=2.6770  33018.6 tok/s  step=0.124s  cpu=8.3% gpu=17.0% vram=1620.0MB temp=71.0C pw=46.15W
2026-09-18 19:24:52,287 | INFO    | main | step 5001    engine=pytorch train=2.8573 blocks=693 val_best=3.1393
2026-09-18 19:25:02,611 | INFO    | main | step 5022    engine=pytorch train=2.8381 blocks=693 val_best=3.1393
2026-09-18 19:25:12,847 | INFO    | main | step 5049    engine=pytorch train=2.8263 blocks=693 val_best=3.1393
2026-09-18 19:25:23,120 | INFO    | main | step 5075    engine=pytorch train=2.8332 blocks=693 val_best=3.1393
2026-09-18 19:25:32,991 | INFO    | pytorch_trainer | M step=5100   train=2.8103  32998.2 tok/s  step=0.124s  cpu=6.9% gpu=0.0% vram=1438.0MB temp=74.0C pw=50.69W
2026-09-18 19:25:33,431 | INFO    | main | step 5101    engine=pytorch train=2.8242 blocks=693 val_best=3.1393
2026-09-18 19:25:43,523 | INFO    | main | step 5127    engine=pytorch train=2.8217 blocks=693 val_best=3.1393
2026-09-18 19:25:53,587 | INFO    | main | step 5147    engine=pytorch train=2.8316 blocks=693 val_best=3.1393
2026-09-18 19:26:03,730 | INFO    | main | step 5173    engine=pytorch train=2.8284 blocks=693 val_best=3.1393
2026-09-18 19:26:14,050 | INFO    | main | step 5199    engine=pytorch train=2.8268 blocks=693 val_best=3.1393
2026-09-18 19:26:14,515 | INFO    | pytorch_trainer | M step=5200   train=2.7400  32938.7 tok/s  step=0.124s  cpu=3.0% gpu=0.0% vram=1420.0MB temp=72.0C pw=50.09W
2026-09-18 19:26:25,737 | INFO    | main | step 5223    engine=pytorch train=2.8212 blocks=693 val_best=3.1393
2026-09-18 19:26:36,107 | INFO    | main | step 5249    engine=pytorch train=2.8160 blocks=693 val_best=3.1393
2026-09-18 19:26:46,172 | INFO    | main | step 5273    engine=pytorch train=2.8079 blocks=693 val_best=3.1393
2026-09-18 19:26:56,372 | INFO    | main | step 5299    engine=pytorch train=2.8186 blocks=693 val_best=3.1393
2026-09-18 19:26:56,792 | INFO    | pytorch_trainer | M step=5300   train=2.7684  32849.9 tok/s  step=0.125s  cpu=1.8% gpu=0.0% vram=1548.0MB temp=72.0C pw=50.27W
2026-09-18 19:27:06,589 | INFO    | main | step 5325    engine=pytorch train=2.8178 blocks=693 val_best=3.1393
2026-09-18 19:27:16,910 | INFO    | main | step 5351    engine=pytorch train=2.8172 blocks=693 val_best=3.1393
2026-09-18 19:27:27,017 | INFO    | main | step 5377    engine=pytorch train=2.8111 blocks=693 val_best=3.1393
2026-09-18 19:27:36,560 | INFO    | pytorch_trainer | M step=5400   train=2.7324  32807.4 tok/s  step=0.125s  cpu=1.8% gpu=45.0% vram=1455.0MB temp=73.0C pw=50.96W
2026-09-18 19:27:37,037 | INFO    | main | step 5401    engine=pytorch train=2.8130 blocks=693 val_best=3.1393
2026-09-18 19:27:47,300 | INFO    | main | step 5428    engine=pytorch train=2.8102 blocks=693 val_best=3.1393
2026-09-18 19:27:57,478 | INFO    | main | step 5448    engine=pytorch train=2.8087 blocks=693 val_best=3.1393
2026-09-18 19:28:04,847 | WARNING | self_learner | PLATEAU detected after 426 stagnant steps (best rolling avg 2.8073) - refreshing knowledge
2026-09-18 19:28:04,847 | INFO    | data_engine | knowledge discovery triggered
2026-09-18 19:28:12,340 | INFO    | data_engine | fetched 4/4 targets
2026-09-18 19:28:12,675 | INFO    | data_engine | collect_from(4 urls): 333 usable chunks
2026-09-18 19:28:12,912 | INFO    | data_engine | discovery round 5 added 0 block(s); buffer now 693
2026-09-18 19:28:12,913 | INFO    | main | step 5467    engine=pytorch train=2.8147 blocks=693 val_best=3.1393
2026-09-18 19:28:23,074 | INFO    | main | step 5493    engine=pytorch train=2.8138 blocks=693 val_best=3.1393
2026-09-18 19:28:26,025 | INFO    | pytorch_trainer | M step=5500   train=2.7770  32712.0 tok/s  step=0.125s  cpu=5.7% gpu=18.0% vram=1454.0MB temp=70.0C pw=45.65W
2026-09-18 19:28:33,293 | INFO    | main | step 5519    engine=pytorch train=2.8049 blocks=693 val_best=3.1393
2026-09-18 19:28:43,508 | INFO    | main | step 5545    engine=pytorch train=2.8086 blocks=693 val_best=3.1393
2026-09-18 19:28:53,725 | INFO    | main | step 5571    engine=pytorch train=2.7958 blocks=693 val_best=3.1393
2026-09-18 19:29:03,903 | INFO    | main | step 5597    engine=pytorch train=2.7815 blocks=693 val_best=3.1393
2026-09-18 19:29:05,112 | INFO    | pytorch_trainer | M step=5600   train=2.8304  32871.2 tok/s  step=0.125s  cpu=2.6% gpu=68.0% vram=1436.0MB temp=75.0C pw=50.21W
2026-09-18 19:29:13,905 | INFO    | main | step 5623    engine=pytorch train=2.7892 blocks=693 val_best=3.1393
2026-09-18 19:29:24,032 | INFO    | main | step 5649    engine=pytorch train=2.7864 blocks=693 val_best=3.1393
2026-09-18 19:29:34,390 | INFO    | main | step 5676    engine=pytorch train=2.7882 blocks=693 val_best=3.1393
2026-09-18 19:29:43,596 | INFO    | pytorch_trainer | M step=5700   train=2.9128  33053.3 tok/s  step=0.124s  cpu=5.2% gpu=82.0% vram=1421.0MB temp=75.0C pw=50.51W
2026-09-18 19:29:44,715 | INFO    | main | step 5703    engine=pytorch train=2.7875 blocks=693 val_best=3.1393
2026-09-18 19:29:54,892 | INFO    | main | step 5729    engine=pytorch train=2.7873 blocks=693 val_best=3.1393
2026-09-18 19:30:05,433 | INFO    | main | step 5750    engine=pytorch train=2.7746 blocks=693 val_best=3.1393
2026-09-18 19:30:15,599 | INFO    | main | step 5776    engine=pytorch train=2.7869 blocks=693 val_best=3.1393
2026-09-18 19:30:25,019 | INFO    | pytorch_trainer | M step=5800   train=2.6073  33145.4 tok/s  step=0.124s  cpu=6.6% gpu=25.0% vram=1421.0MB temp=72.0C pw=50.58W
2026-09-18 19:30:25,817 | INFO    | main | step 5802    engine=pytorch train=2.7840 blocks=693 val_best=3.1393
2026-09-18 19:30:36,098 | INFO    | main | step 5823    engine=pytorch train=2.7878 blocks=693 val_best=3.1393
2026-09-18 19:30:46,422 | INFO    | main | step 5849    engine=pytorch train=2.7801 blocks=693 val_best=3.1393
2026-09-18 19:30:56,701 | INFO    | main | step 5869    engine=pytorch train=2.7712 blocks=693 val_best=3.1393
2026-09-18 19:31:06,873 | INFO    | main | step 5895    engine=pytorch train=2.7762 blocks=693 val_best=3.1393
2026-09-18 19:31:08,779 | INFO    | pytorch_trainer | M step=5900   train=2.7840  32982.8 tok/s  step=0.124s  cpu=1.8% gpu=0.0% vram=1421.0MB temp=71.0C pw=50.46W
2026-09-18 19:31:17,344 | INFO    | main | step 5921    engine=pytorch train=2.7679 blocks=693 val_best=3.1393
2026-09-18 19:31:27,468 | INFO    | main | step 5947    engine=pytorch train=2.7594 blocks=693 val_best=3.1393
2026-09-18 19:31:37,629 | INFO    | main | step 5973    engine=pytorch train=2.7611 blocks=693 val_best=3.1393
2026-09-18 19:31:48,124 | INFO    | main | step 5994    engine=pytorch train=2.7617 blocks=693 val_best=3.1393
2026-09-18 19:31:50,758 | INFO    | pytorch_trainer | NEW BEST val=3.0681 (step 6000)
2026-09-18 19:31:50,758 | INFO    | pytorch_trainer | VAL loss=3.0681 best=3.0681 staleness=0/8
2026-09-18 19:31:51,070 | INFO    | pytorch_trainer | M step=6000   train=2.8917  33132.7 tok/s  step=0.124s  cpu=9.7% gpu=13.0% vram=1421.0MB temp=71.0C pw=47.13W
2026-09-18 19:31:51,356 | INFO    | main | pipeline finished cleanly at step 6000 (step budget reached)
